Archive member included to satisfy reference by file (symbol)

d:/10 2021.10/bin/../lib/gcc/arm-none-eabi/10.3.1/../../../../arm-none-eabi/lib/thumb/v7-m/nofp\libc_nano.a(lib_a-atof.o)
                              build/main.o (atof)
d:/10 2021.10/bin/../lib/gcc/arm-none-eabi/10.3.1/../../../../arm-none-eabi/lib/thumb/v7-m/nofp\libc_nano.a(lib_a-exit.o)
                              d:/10 2021.10/bin/../lib/gcc/arm-none-eabi/10.3.1/../../../../arm-none-eabi/lib/thumb/v7-m/nofp/crt0.o (exit)
d:/10 2021.10/bin/../lib/gcc/arm-none-eabi/10.3.1/../../../../arm-none-eabi/lib/thumb/v7-m/nofp\libc_nano.a(lib_a-impure.o)
                              d:/10 2021.10/bin/../lib/gcc/arm-none-eabi/10.3.1/../../../../arm-none-eabi/lib/thumb/v7-m/nofp\libc_nano.a(lib_a-exit.o) (_global_impure_ptr)
d:/10 2021.10/bin/../lib/gcc/arm-none-eabi/10.3.1/../../../../arm-none-eabi/lib/thumb/v7-m/nofp\libc_nano.a(lib_a-init.o)
                              d:/10 2021.10/bin/../lib/gcc/arm-none-eabi/10.3.1/../../../../arm-none-eabi/lib/thumb/v7-m/nofp/crt0.o (__libc_init_array)
d:/10 2021.10/bin/../lib/gcc/arm-none-eabi/10.3.1/../../../../arm-none-eabi/lib/thumb/v7-m/nofp\libc_nano.a(lib_a-memcpy-stub.o)
                              build/queue.o (memcpy)
d:/10 2021.10/bin/../lib/gcc/arm-none-eabi/10.3.1/../../../../arm-none-eabi/lib/thumb/v7-m/nofp\libc_nano.a(lib_a-memset.o)
                              d:/10 2021.10/bin/../lib/gcc/arm-none-eabi/10.3.1/../../../../arm-none-eabi/lib/thumb/v7-m/nofp/crt0.o (memset)
d:/10 2021.10/bin/../lib/gcc/arm-none-eabi/10.3.1/../../../../arm-none-eabi/lib/thumb/v7-m/nofp\libc_nano.a(lib_a-sprintf.o)
                              build/main.o (sprintf)
d:/10 2021.10/bin/../lib/gcc/arm-none-eabi/10.3.1/../../../../arm-none-eabi/lib/thumb/v7-m/nofp\libc_nano.a(lib_a-sscanf.o)
                              build/main.o (sscanf)
d:/10 2021.10/bin/../lib/gcc/arm-none-eabi/10.3.1/../../../../arm-none-eabi/lib/thumb/v7-m/nofp\libc_nano.a(lib_a-stdio.o)
                              d:/10 2021.10/bin/../lib/gcc/arm-none-eabi/10.3.1/../../../../arm-none-eabi/lib/thumb/v7-m/nofp\libc_nano.a(lib_a-sscanf.o) (__seofread)
d:/10 2021.10/bin/../lib/gcc/arm-none-eabi/10.3.1/../../../../arm-none-eabi/lib/thumb/v7-m/nofp\libc_nano.a(lib_a-strcat.o)
                              build/main.o (strcat)
d:/10 2021.10/bin/../lib/gcc/arm-none-eabi/10.3.1/../../../../arm-none-eabi/lib/thumb/v7-m/nofp\libc_nano.a(lib_a-strcmp.o)
                              build/main.o (strcmp)
d:/10 2021.10/bin/../lib/gcc/arm-none-eabi/10.3.1/../../../../arm-none-eabi/lib/thumb/v7-m/nofp\libc_nano.a(lib_a-strlen.o)
                              build/main.o (strlen)
d:/10 2021.10/bin/../lib/gcc/arm-none-eabi/10.3.1/../../../../arm-none-eabi/lib/thumb/v7-m/nofp\libc_nano.a(lib_a-strncmp.o)
                              build/main.o (strncmp)
d:/10 2021.10/bin/../lib/gcc/arm-none-eabi/10.3.1/../../../../arm-none-eabi/lib/thumb/v7-m/nofp\libc_nano.a(lib_a-strtod.o)
                              d:/10 2021.10/bin/../lib/gcc/arm-none-eabi/10.3.1/../../../../arm-none-eabi/lib/thumb/v7-m/nofp\libc_nano.a(lib_a-atof.o) (strtod)
d:/10 2021.10/bin/../lib/gcc/arm-none-eabi/10.3.1/../../../../arm-none-eabi/lib/thumb/v7-m/nofp\libc_nano.a(lib_a-writer.o)
                              d:/10 2021.10/bin/../lib/gcc/arm-none-eabi/10.3.1/../../../../arm-none-eabi/lib/thumb/v7-m/nofp\libc_nano.a(lib_a-stdio.o) (_write_r)
d:/10 2021.10/bin/../lib/gcc/arm-none-eabi/10.3.1/../../../../arm-none-eabi/lib/thumb/v7-m/nofp\libc_nano.a(lib_a-closer.o)
                              d:/10 2021.10/bin/../lib/gcc/arm-none-eabi/10.3.1/../../../../arm-none-eabi/lib/thumb/v7-m/nofp\libc_nano.a(lib_a-stdio.o) (_close_r)
d:/10 2021.10/bin/../lib/gcc/arm-none-eabi/10.3.1/../../../../arm-none-eabi/lib/thumb/v7-m/nofp\libc_nano.a(lib_a-gdtoa-gethex.o)
                              d:/10 2021.10/bin/../lib/gcc/arm-none-eabi/10.3.1/../../../../arm-none-eabi/lib/thumb/v7-m/nofp\libc_nano.a(lib_a-strtod.o) (__gethex)
d:/10 2021.10/bin/../lib/gcc/arm-none-eabi/10.3.1/../../../../arm-none-eabi/lib/thumb/v7-m/nofp\libc_nano.a(lib_a-gdtoa-hexnan.o)
                              d:/10 2021.10/bin/../lib/gcc/arm-none-eabi/10.3.1/../../../../arm-none-eabi/lib/thumb/v7-m/nofp\libc_nano.a(lib_a-strtod.o) (__match)
d:/10 2021.10/bin/../lib/gcc/arm-none-eabi/10.3.1/../../../../arm-none-eabi/lib/thumb/v7-m/nofp\libc_nano.a(lib_a-lnumeric.o)
                              d:/10 2021.10/bin/../lib/gcc/arm-none-eabi/10.3.1/../../../../arm-none-eabi/lib/thumb/v7-m/nofp\libc_nano.a(lib_a-strtod.o) (_C_numeric_locale)
d:/10 2021.10/bin/../lib/gcc/arm-none-eabi/10.3.1/../../../../arm-none-eabi/lib/thumb/v7-m/nofp\libc_nano.a(lib_a-locale.o)
                              d:/10 2021.10/bin/../lib/gcc/arm-none-eabi/10.3.1/../../../../arm-none-eabi/lib/thumb/v7-m/nofp\libc_nano.a(lib_a-strtod.o) (__global_locale)
[...]
Memory Configuration

Name             Origin             Length             Attributes
RAM              0x20000000         0x00005000         xrw
FLASH            0x08000000         0x00010000         xr
*default*        0x00000000         0xffffffff

Linker script and memory map

LOAD d:/10 2021.10/bin/../lib/gcc/arm-none-eabi/10.3.1/thumb/v7-m/nofp/crti.o
LOAD d:/10 2021.10/bin/../lib/gcc/arm-none-eabi/10.3.1/thumb/v7-m/nofp/crtbegin.o
LOAD d:/10 2021.10/bin/../lib/gcc/arm-none-eabi/10.3.1/../../../../arm-none-eabi/lib/thumb/v7-m/nofp/crt0.o
LOAD build/main.o
LOAD build/freertos.o
LOAD build/stm32f1xx_it.o
LOAD build/stm32f1xx_hal_msp.o
LOAD build/stm32f1xx_hal_timebase_tim.o
LOAD build/stm32f1xx_hal_gpio_ex.o
LOAD build/stm32f1xx_hal.o
LOAD build/stm32f1xx_hal_rcc.o
LOAD build/stm32f1xx_hal_rcc_ex.o
LOAD build/stm32f1xx_hal_gpio.o
LOAD build/stm32f1xx_hal_dma.o
LOAD build/stm32f1xx_hal_cortex.o
LOAD build/stm32f1xx_hal_pwr.o
LOAD build/stm32f1xx_hal_flash.o
LOAD build/stm32f1xx_hal_flash_ex.o
LOAD build/stm32f1xx_hal_exti.o
LOAD build/stm32f1xx_hal_tim.o
LOAD build/stm32f1xx_hal_tim_ex.o
LOAD build/stm32f1xx_hal_uart.o
LOAD build/system_stm32f1xx.o
LOAD build/croutine.o
LOAD build/event_groups.o
LOAD build/list.o
LOAD build/queue.o
LOAD build/stream_buffer.o
LOAD build/tasks.o
LOAD build/timers.o
LOAD build/cmsis_os.o
LOAD build/heap_4.o
LOAD build/port.o
LOAD build/startup_stm32f103xb.o
LOAD d:/10 2021.10/bin/../lib/gcc/arm-none-eabi/10.3.1/../../../../arm-none-eabi/lib/thumb/v7-m/nofp\libc_nano.a
LOAD d:/10 2021.10/bin/../lib/gcc/arm-none-eabi/10.3.1/../../../../arm-none-eabi/lib/thumb/v7-m/nofp\libm.a
LOAD d:/10 2021.10/bin/../lib/gcc/arm-none-eabi/10.3.1/../../../../arm-none-eabi/lib/thumb/v7-m/nofp\libnosys.a
START GROUP
LOAD d:/10 2021.10/bin/../lib/gcc/arm-none-eabi/10.3.1/thumb/v7-m/nofp\libgcc.a
LOAD d:/10 2021.10/bin/../lib/gcc/arm-none-eabi/10.3.1/../../../../arm-none-eabi/lib/thumb/v7-m/nofp\libc_nano.a
END GROUP
START GROUP
LOAD d:/10 2021.10/bin/../lib/gcc/arm-none-eabi/10.3.1/thumb/v7-m/nofp\libgcc.a
LOAD d:/10 2021.10/bin/../lib/gcc/arm-none-eabi/10.3.1/../../../../arm-none-eabi/lib/thumb/v7-m/nofp\libc_nano.a
END GROUP
LOAD d:/10 2021.10/bin/../lib/gcc/arm-none-eabi/10.3.1/thumb/v7-m/nofp/crtend.o
LOAD d:/10 2021.10/bin/../lib/gcc/arm-none-eabi/10.3.1/thumb/v7-m/nofp/crtn.o
                0x20005000                _estack = (ORIGIN (RAM) + LENGTH (RAM))
                0x00000200                _Min_Heap_Size = 0x200
                0x00000400                _Min_Stack_Size = 0x400

.isr_vector     0x08000000      0x10c
                0x08000000                . = ALIGN (0x4)
 *(.isr_vector)
 .isr_vector    0x08000000      0x10c build/startup_stm32f103xb.o
                0x08000000                g_pfnVectors
                0x0800010c                . = ALIGN (0x4)

.text           0x08000110     0x7aa8
                0x08000110                . = ALIGN (0x4)
 *(.text)
 .text          0x08000110       0x40 d:/10 2021.10/bin/../lib/gcc/arm-none-eabi/10.3.1/thumb/v7-m/nofp/crtbegin.o
 .text          0x08000150       0x14 d:/10 2021.10/bin/../lib/gcc/arm-none-eabi/10.3.1/../../../../arm-none-eabi/lib/thumb/v7-m/nofp\libc_nano.a(lib_a-strcmp.o)
                0x08000150                strcmp
 .text          0x08000164       0x10 d:/10 2021.10/bin/../lib/gcc/arm-none-eabi/10.3.1/../../../../arm-none-eabi/lib/thumb/v7-m/nofp\libc_nano.a(lib_a-strlen.o)
                0x08000164                strlen
 .text          0x08000174      0x378 d:/10 2021.10/bin/../lib/gcc/arm-none-eabi/10.3.1/thumb/v7-m/nofp\libgcc.a(_arm_addsubdf3.o)
                0x08000174                __aeabi_drsub
                0x0800017c                __aeabi_dsub
                0x0800017c                __subdf3
                0x08000180                __aeabi_dadd
                0x08000180                __adddf3
                0x080003f8                __floatunsidf
                0x080003f8                __aeabi_ui2d
                0x08000418                __floatsidf
                0x08000418                __aeabi_i2d
                0x0800043c                __aeabi_f2d
                0x0800043c                __extendsfdf2
                0x08000480                __floatundidf
                0x08000480                __aeabi_ul2d
                0x08000490                __floatdidf
                0x08000490                __aeabi_l2d
 .text          0x080004ec      0x424 d:/10 2021.10/bin/../lib/gcc/arm-none-eabi/10.3.1/thumb/v7-m/nofp\libgcc.a(_arm_muldivdf3.o)
                0x080004ec                __aeabi_dmul
                0x080004ec                __muldf3
                0x08000740                __divdf3
                0x08000740                __aeabi_ddiv
 .text          0x08000910      0x110 d:/10 2021.10/bin/../lib/gcc/arm-none-eabi/10.3.1/thumb/v7-m/nofp\libgcc.a(_arm_cmpdf2.o)
                0x08000910                __gtdf2
                0x08000910                __gedf2
                0x08000918                __ltdf2
                0x08000918                __ledf2
                0x08000920                __nedf2
                0x08000920                __eqdf2
                0x08000920                __cmpdf2
                0x0800099c                __aeabi_cdrcmple
                0x080009ac                __aeabi_cdcmpeq
                0x080009ac                __aeabi_cdcmple
                0x080009bc                __aeabi_dcmpeq
                0x080009d0                __aeabi_dcmplt
                0x080009e4                __aeabi_dcmple
                0x080009f8                __aeabi_dcmpge
                0x08000a0c                __aeabi_dcmpgt
 .text          0x08000a20       0x50 d:/10 2021.10/bin/../lib/gcc/arm-none-eabi/10.3.1/thumb/v7-m/nofp\libgcc.a(_arm_fixdfsi.o)
                0x08000a20                __aeabi_d2iz
                0x08000a20                __fixdfsi
 .text          0x08000a70       0x40 d:/10 2021.10/bin/../lib/gcc/arm-none-eabi/10.3.1/thumb/v7-m/nofp\libgcc.a(_arm_fixunsdfsi.o)
                0x08000a70                __aeabi_d2uiz
                0x08000a70                __fixunsdfsi
 .text          0x08000ab0       0xa0 d:/10 2021.10/bin/../lib/gcc/arm-none-eabi/10.3.1/thumb/v7-m/nofp\libgcc.a(_arm_truncdfsf2.o)
                0x08000ab0                __truncdfsf2
                0x08000ab0                __aeabi_d2f
 .text          0x08000b50       0x34 d:/10 2021.10/bin/../lib/gcc/arm-none-eabi/10.3.1/thumb/v7-m/nofp\libgcc.a(_fixdfdi.o)
                0x08000b50                __fixdfdi
                0x08000b50                __aeabi_d2lz
 .text          0x08000b84       0x3c d:/10 2021.10/bin/../lib/gcc/arm-none-eabi/10.3.1/thumb/v7-m/nofp\libgcc.a(_fixunsdfdi.o)
                0x08000b84                __fixunsdfdi
                0x08000b84                __aeabi_d2ulz
 *(.text*)
 .text.MX_GPIO_Init
                0x08000bc0       0x44 build/main.o
 .text.log_data
                0x08000c04       0x1c build/main.o
                0x08000c04                log_data
 .text.Task_Sensor
                0x08000c20       0x24 build/main.o
                0x08000c20                Task_Sensor
 *fill*         0x08000c44        0x4 
 .text.Task_Servo
                0x08000c48       0xbc build/main.o
                0x08000c48                Task_Servo
 *fill*         0x08000d04        0x4 
 .text.Task_Display
                0x08000d08       0xb8 build/main.o
                0x08000d08                Task_Display
 .text.Task_Data
                0x08000dc0      0x108 build/main.o
                0x08000dc0                Task_Data
 .text.HAL_UART_RxCpltCallback
                0x08000ec8       0x80 build/main.o
                0x08000ec8                HAL_UART_RxCpltCallback
 .text.HAL_TIM_PeriodElapsedCallback
                0x08000f48       0x18 build/main.o
                0x08000f48                HAL_TIM_PeriodElapsedCallback
 .text.Error_Handler
                0x08000f60        0x4 build/main.o
                0x08000f60                Error_Handler
 .text.MX_USART3_UART_Init
                0x08000f64       0x34 build/main.o
 .text.SystemClock_Config
                0x08000f98       0x64 build/main.o
                0x08000f98                SystemClock_Config
 .text.main     0x08000ffc      0x12c build/main.o
                0x08000ffc                main
 .text.vApplicationGetIdleTaskMemory
                0x08001128       0x18 build/freertos.o
                0x08001128                vApplicationGetIdleTaskMemory
 .text.NMI_Handler
                0x08001140        0x2 build/stm32f1xx_it.o
                0x08001140                NMI_Handler
 .text.HardFault_Handler
                0x08001142        0x2 build/stm32f1xx_it.o
                0x08001142                HardFault_Handler
 .text.MemManage_Handler
                0x08001144        0x2 build/stm32f1xx_it.o
                0x08001144                MemManage_Handler
 .text.BusFault_Handler
                0x08001146        0x2 build/stm32f1xx_it.o
                0x08001146                BusFault_Handler
 .text.UsageFault_Handler
                0x08001148        0x2 build/stm32f1xx_it.o
                0x08001148                UsageFault_Handler
 .text.DebugMon_Handler
                0x0800114a        0x2 build/stm32f1xx_it.o
                0x0800114a                DebugMon_Handler
 .text.TIM1_UP_IRQHandler
                0x0800114c       0x10 build/stm32f1xx_it.o
                0x0800114c                TIM1_UP_IRQHandler
 .text.USART3_IRQHandler
                0x0800115c       0x10 build/stm32f1xx_it.o
                0x0800115c                USART3_IRQHandler
 .text.HAL_MspInit
                0x0800116c       0x54 build/stm32f1xx_hal_msp.o
                0x0800116c                HAL_MspInit
 .text.HAL_UART_MspInit
                0x080011c0       0x88 build/stm32f1xx_hal_msp.o
                0x080011c0                HAL_UART_MspInit
 .text.HAL_InitTick
                0x08001248       0x78 build/stm32f1xx_hal_timebase_tim.o
                0x08001248                HAL_InitTick
 .text.HAL_Init
                0x080012c0       0x24 build/stm32f1xx_hal.o
                0x080012c0                HAL_Init
 .text.HAL_IncTick
                0x080012e4       0x18 build/stm32f1xx_hal.o
                0x080012e4                HAL_IncTick
 .text.HAL_GetTick
                0x080012fc        0xc build/stm32f1xx_hal.o
                0x080012fc                HAL_GetTick
 .text.RCC_Delay
                0x08001308       0x2c build/stm32f1xx_hal_rcc.o
 .text.HAL_RCC_OscConfig
                0x08001334      0x410 build/stm32f1xx_hal_rcc.o
                0x08001334                HAL_RCC_OscConfig
 .text.HAL_RCC_GetSysClockFreq
                0x08001744       0x70 build/stm32f1xx_hal_rcc.o
                0x08001744                HAL_RCC_GetSysClockFreq
 .text.HAL_RCC_ClockConfig
                0x080017b4      0x16c build/stm32f1xx_hal_rcc.o
                0x080017b4                HAL_RCC_ClockConfig
 .text.HAL_RCC_GetHCLKFreq
                0x08001920        0xc build/stm32f1xx_hal_rcc.o
                0x08001920                HAL_RCC_GetHCLKFreq
 .text.HAL_RCC_GetPCLK1Freq
                0x0800192c       0x20 build/stm32f1xx_hal_rcc.o
                0x0800192c                HAL_RCC_GetPCLK1Freq
 .text.HAL_RCC_GetPCLK2Freq
                0x0800194c       0x20 build/stm32f1xx_hal_rcc.o
                0x0800194c                HAL_RCC_GetPCLK2Freq
 .text.HAL_RCC_GetClockConfig
                0x0800196c       0x3c build/stm32f1xx_hal_rcc.o
                0x0800196c                HAL_RCC_GetClockConfig
 .text.HAL_GPIO_Init
                0x080019a8      0x224 build/stm32f1xx_hal_gpio.o
                0x080019a8                HAL_GPIO_Init
 .text.HAL_DMA_Abort
                0x08001bcc       0x44 build/stm32f1xx_hal_dma.o
                0x08001bcc                HAL_DMA_Abort
 .text.HAL_DMA_Abort_IT
                0x08001c10       0x98 build/stm32f1xx_hal_dma.o
                0x08001c10                HAL_DMA_Abort_IT
 .text.HAL_NVIC_SetPriorityGrouping
                0x08001ca8       0x24 build/stm32f1xx_hal_cortex.o
                0x08001ca8                HAL_NVIC_SetPriorityGrouping
 .text.HAL_NVIC_SetPriority
                0x08001ccc       0x70 build/stm32f1xx_hal_cortex.o
                0x08001ccc                HAL_NVIC_SetPriority
 .text.HAL_NVIC_EnableIRQ
                0x08001d3c       0x1c build/stm32f1xx_hal_cortex.o
                0x08001d3c                HAL_NVIC_EnableIRQ
 .text.HAL_TIM_Base_MspInit
                0x08001d58        0x2 build/stm32f1xx_hal_tim.o
                0x08001d58                HAL_TIM_Base_MspInit
 *fill*         0x08001d5a        0x2 
 .text.HAL_TIM_Base_Start_IT
                0x08001d5c       0x68 build/stm32f1xx_hal_tim.o
                0x08001d5c                HAL_TIM_Base_Start_IT
 .text.HAL_TIM_OC_DelayElapsedCallback
                0x08001dc4        0x2 build/stm32f1xx_hal_tim.o
                0x08001dc4                HAL_TIM_OC_DelayElapsedCallback
 .text.HAL_TIM_IC_CaptureCallback
                0x08001dc6        0x2 build/stm32f1xx_hal_tim.o
                0x08001dc6                HAL_TIM_IC_CaptureCallback
 .text.HAL_TIM_PWM_PulseFinishedCallback
                0x08001dc8        0x2 build/stm32f1xx_hal_tim.o
                0x08001dc8                HAL_TIM_PWM_PulseFinishedCallback
 .text.HAL_TIM_TriggerCallback
                0x08001dca        0x2 build/stm32f1xx_hal_tim.o
                0x08001dca                HAL_TIM_TriggerCallback
 .text.HAL_TIM_IRQHandler
                0x08001dcc      0x17a build/stm32f1xx_hal_tim.o
                0x08001dcc                HAL_TIM_IRQHandler
 *fill*         0x08001f46        0x2 
 .text.TIM_Base_SetConfig
                0x08001f48       0x74 build/stm32f1xx_hal_tim.o
                0x08001f48                TIM_Base_SetConfig
 .text.HAL_TIM_Base_Init
                0x08001fbc       0x58 build/stm32f1xx_hal_tim.o
                0x08001fbc                HAL_TIM_Base_Init
 .text.HAL_TIMEx_CommutCallback
                0x08002014        0x2 build/stm32f1xx_hal_tim_ex.o
                0x08002014                HAL_TIMEx_CommutCallback
 .text.HAL_TIMEx_BreakCallback
                0x08002016        0x2 build/stm32f1xx_hal_tim_ex.o
                0x08002016                HAL_TIMEx_BreakCallback
 .text.UART_EndRxTransfer
                0x08002018       0x32 build/stm32f1xx_hal_uart.o
 .text.UART_Transmit_IT
                0x0800204a       0x60 build/stm32f1xx_hal_uart.o
 *fill*         0x080020aa        0x2 
 .text.UART_SetConfig
                0x080020ac       0x94 build/stm32f1xx_hal_uart.o
 .text.UART_WaitOnFlagUntilTimeout
                0x08002140       0x6c build/stm32f1xx_hal_uart.o
 .text.HAL_UART_Init
                0x080021ac       0x5e build/stm32f1xx_hal_uart.o
                0x080021ac                HAL_UART_Init
 .text.HAL_UART_Transmit
                0x0800220a       0xd8 build/stm32f1xx_hal_uart.o
                0x0800220a                HAL_UART_Transmit
 .text.HAL_UART_TxCpltCallback
                0x080022e2        0x2 build/stm32f1xx_hal_uart.o
                0x080022e2                HAL_UART_TxCpltCallback
 .text.UART_EndTransmit_IT
                0x080022e4       0x1a build/stm32f1xx_hal_uart.o
 .text.HAL_UART_ErrorCallback
                0x080022fe        0x2 build/stm32f1xx_hal_uart.o
                0x080022fe                HAL_UART_ErrorCallback
 .text.UART_DMAAbortOnError
                0x08002300       0x10 build/stm32f1xx_hal_uart.o
 .text.HAL_UARTEx_RxEventCallback
                0x08002310        0x2 build/stm32f1xx_hal_uart.o
                0x08002310                HAL_UARTEx_RxEventCallback
 .text.UART_Receive_IT
                0x08002312       0xd4 build/stm32f1xx_hal_uart.o
 *fill*         0x080023e6        0x2 
 .text.HAL_UART_IRQHandler
                0x080023e8      0x204 build/stm32f1xx_hal_uart.o
                0x080023e8                HAL_UART_IRQHandler
 .text.UART_Start_Receive_IT
                0x080025ec       0x36 build/stm32f1xx_hal_uart.o
                0x080025ec                UART_Start_Receive_IT
 .text.HAL_UART_Receive_IT
                0x08002622       0x38 build/stm32f1xx_hal_uart.o
                0x08002622                HAL_UART_Receive_IT
 .text.SystemInit
                0x0800265a        0x2 build/system_stm32f1xx.o
                0x0800265a                SystemInit
 .text.vListInitialise
                0x0800265c       0x16 build/list.o
                0x0800265c                vListInitialise
 .text.vListInitialiseItem
                0x08002672        0x6 build/list.o
                0x08002672                vListInitialiseItem
 .text.vListInsertEnd
                0x08002678       0x16 build/list.o
                0x08002678                vListInsertEnd
 .text.vListInsert
                0x0800268e       0x32 build/list.o
                0x0800268e                vListInsert
 .text.uxListRemove
                0x080026c0       0x26 build/list.o
                0x080026c0                uxListRemove
 .text.prvGetDisinheritPriorityAfterTimeout
                0x080026e6       0x10 build/queue.o
 .text.prvIsQueueFull
                0x080026f6       0x1e build/queue.o
 .text.prvIsQueueEmpty
                0x08002714       0x1a build/queue.o
 .text.prvCopyDataToQueue
                0x0800272e       0x76 build/queue.o
 .text.prvCopyDataFromQueue
                0x080027a4       0x24 build/queue.o
 .text.prvUnlockQueue
                0x080027c8       0x6e build/queue.o
 .text.xQueueGenericReset
                0x08002836       0x84 build/queue.o
                0x08002836                xQueueGenericReset
 .text.prvInitialiseNewQueue
                0x080028ba       0x1c build/queue.o
 .text.xQueueGenericCreateStatic
                0x080028d6       0x92 build/queue.o
                0x080028d6                xQueueGenericCreateStatic
 .text.xQueueGenericCreate
                0x08002968       0x4e build/queue.o
                0x08002968                xQueueGenericCreate
 .text.xQueueGenericSend
                0x080029b6      0x188 build/queue.o
                0x080029b6                xQueueGenericSend
 .text.xQueueGiveFromISR
                0x08002b3e       0xb2 build/queue.o
                0x08002b3e                xQueueGiveFromISR
 .text.xQueueSemaphoreTake
                0x08002bf0      0x1a6 build/queue.o
                0x08002bf0                xQueueSemaphoreTake
 .text.xQueueReceiveFromISR
                0x08002d96       0xa8 build/queue.o
                0x08002d96                xQueueReceiveFromISR
 *fill*         0x08002e3e        0x2 
 .text.prvResetNextTaskUnblockTime
                0x08002e40       0x2c build/tasks.o
 .text.prvInitialiseNewTask
                0x08002e6c       0x94 build/tasks.o
 .text.prvInitialiseTaskLists
                0x08002f00       0x68 build/tasks.o
 .text.prvAddNewTaskToReadyList
                0x08002f68       0xa8 build/tasks.o
 .text.prvDeleteTCB
                0x08003010       0x38 build/tasks.o
 .text.prvCheckTasksWaitingTermination
                0x08003048       0x4c build/tasks.o
 .text.prvIdleTask
                0x08003094       0x28 build/tasks.o
 .text.prvAddCurrentTaskToDelayedList
                0x080030bc       0x98 build/tasks.o
 .text.xTaskCreateStatic
                0x08003154       0x74 build/tasks.o
                0x08003154                xTaskCreateStatic
 .text.xTaskCreate
                0x080031c8       0x68 build/tasks.o
                0x080031c8                xTaskCreate
 .text.vTaskStartScheduler
                0x08003230       0x74 build/tasks.o
                0x08003230                vTaskStartScheduler
 .text.vTaskSuspendAll
                0x080032a4       0x10 build/tasks.o
                0x080032a4                vTaskSuspendAll
 .text.xTaskIncrementTick
                0x080032b4      0x118 build/tasks.o
                0x080032b4                xTaskIncrementTick
 .text.xTaskResumeAll
                0x080033cc       0xf8 build/tasks.o
                0x080033cc                xTaskResumeAll
 .text.vTaskDelay
                0x080034c4       0x4c build/tasks.o
                0x080034c4                vTaskDelay
 .text.vTaskSwitchContext
                0x08003510       0x98 build/tasks.o
                0x08003510                vTaskSwitchContext
 .text.vTaskPlaceOnEventList
                0x080035a8       0x30 build/tasks.o
                0x080035a8                vTaskPlaceOnEventList
 .text.xTaskRemoveFromEventList
                0x080035d8       0x8c build/tasks.o
                0x080035d8                xTaskRemoveFromEventList
 .text.vTaskInternalSetTimeOutState
                0x08003664       0x18 build/tasks.o
                0x08003664                vTaskInternalSetTimeOutState
 .text.xTaskCheckForTimeOut
                0x0800367c       0x84 build/tasks.o
                0x0800367c                xTaskCheckForTimeOut
 .text.vTaskMissedYield
                0x08003700        0xc build/tasks.o
                0x08003700                vTaskMissedYield
 .text.xTaskGetSchedulerState
                0x0800370c       0x20 build/tasks.o
                0x0800370c                xTaskGetSchedulerState
 .text.xTaskPriorityInherit
                0x0800372c       0xbc build/tasks.o
                0x0800372c                xTaskPriorityInherit
 .text.xTaskPriorityDisinherit
                0x080037e8       0xb4 build/tasks.o
                0x080037e8                xTaskPriorityDisinherit
 .text.vTaskPriorityDisinheritAfterTimeout
                0x0800389c       0xc0 build/tasks.o
                0x0800389c                vTaskPriorityDisinheritAfterTimeout
 .text.pvTaskIncrementMutexHeldCount
                0x0800395c       0x1c build/tasks.o
                0x0800395c                pvTaskIncrementMutexHeldCount
 .text.makeFreeRtosPriority
                0x08003978        0xc build/cmsis_os.o
 .text.inHandlerMode
                0x08003984        0xc build/cmsis_os.o
 .text.osKernelStart
                0x08003990        0xa build/cmsis_os.o
                0x08003990                osKernelStart
 .text.osThreadCreate
                0x0800399a       0x6a build/cmsis_os.o
                0x0800399a                osThreadCreate
 .text.osDelay  0x08003a04        0xe build/cmsis_os.o
                0x08003a04                osDelay
 .text.osSemaphoreCreate
                0x08003a12       0x48 build/cmsis_os.o
                0x08003a12                osSemaphoreCreate
 .text.osSemaphoreWait
                0x08003a5a       0x5e build/cmsis_os.o
                0x08003a5a                osSemaphoreWait
 .text.osSemaphoreRelease
                0x08003ab8       0x5a build/cmsis_os.o
                0x08003ab8                osSemaphoreRelease
 *fill*         0x08003b12        0x2 
 .text.prvHeapInit
                0x08003b14       0x64 build/heap_4.o
 .text.prvInsertBlockIntoFreeList
                0x08003b78       0x60 build/heap_4.o
 .text.pvPortMalloc
                0x08003bd8       0xf0 build/heap_4.o
                0x08003bd8                pvPortMalloc
 .text.vPortFree
                0x08003cc8       0x70 build/heap_4.o
                0x08003cc8                vPortFree
 .text.prvTaskExitError
                0x08003d38       0x40 build/port.o
 .text.prvPortStartFirstTask
                0x08003d78       0x20 build/port.o
 .text.pxPortInitialiseStack
                0x08003d98       0x24 build/port.o
                0x08003d98                pxPortInitialiseStack
 *fill*         0x08003dbc        0x4 
 .text.SVC_Handler
                0x08003dc0       0x24 build/port.o
                0x08003dc0                SVC_Handler
 .text.vPortEnterCritical
                0x08003de4       0x44 build/port.o
                0x08003de4                vPortEnterCritical
 .text.vPortExitCritical
                0x08003e28       0x2c build/port.o
                0x08003e28                vPortExitCritical
 *fill*         0x08003e54        0xc 
 .text.PendSV_Handler
                0x08003e60       0x44 build/port.o
                0x08003e60                PendSV_Handler
 .text.SysTick_Handler
                0x08003ea4       0x2c build/port.o
                0x08003ea4                SysTick_Handler
 .text.vPortSetupTimerInterrupt
                0x08003ed0       0x28 build/port.o
                0x08003ed0                vPortSetupTimerInterrupt
 .text.xPortStartScheduler
                0x08003ef8       0xc0 build/port.o
                0x08003ef8                xPortStartScheduler
 .text.vPortValidateInterruptPriority
                0x08003fb8       0x5c build/port.o
                0x08003fb8                vPortValidateInterruptPriority
 .text.Reset_Handler
                0x08004014       0x48 build/startup_stm32f103xb.o
                0x08004014                Reset_Handler
 .text.Default_Handler
                0x0800405c        0x2 build/startup_stm32f103xb.o
                0x0800405c                RTC_Alarm_IRQHandler
                0x0800405c                EXTI2_IRQHandler
                0x0800405c                TIM1_CC_IRQHandler
                0x0800405c                PVD_IRQHandler
                0x0800405c                EXTI3_IRQHandler
                0x0800405c                EXTI0_IRQHandler
                0x0800405c                I2C2_EV_IRQHandler
                0x0800405c                ADC1_2_IRQHandler
                0x0800405c                SPI1_IRQHandler
                0x0800405c                TAMPER_IRQHandler
                0x0800405c                DMA1_Channel4_IRQHandler
                0x0800405c                RTC_IRQHandler
                0x0800405c                DMA1_Channel7_IRQHandler
                0x0800405c                CAN1_RX1_IRQHandler
                0x0800405c                TIM4_IRQHandler
                0x0800405c                I2C1_EV_IRQHandler
                0x0800405c                DMA1_Channel6_IRQHandler
                0x0800405c                TIM3_IRQHandler
                0x0800405c                RCC_IRQHandler
                0x0800405c                TIM1_TRG_COM_IRQHandler
                0x0800405c                DMA1_Channel1_IRQHandler
                0x0800405c                Default_Handler
                0x0800405c                EXTI15_10_IRQHandler
                0x0800405c                EXTI9_5_IRQHandler
                0x0800405c                SPI2_IRQHandler
                0x0800405c                DMA1_Channel5_IRQHandler
                0x0800405c                EXTI4_IRQHandler
                0x0800405c                USB_LP_CAN1_RX0_IRQHandler
                0x0800405c                USB_HP_CAN1_TX_IRQHandler
                0x0800405c                DMA1_Channel3_IRQHandler
                0x0800405c                WWDG_IRQHandler
                0x0800405c                TIM2_IRQHandler
                0x0800405c                TIM1_BRK_IRQHandler
                0x0800405c                EXTI1_IRQHandler
                0x0800405c                USART2_IRQHandler
                0x0800405c                I2C2_ER_IRQHandler
                0x0800405c                DMA1_Channel2_IRQHandler
                0x0800405c                CAN1_SCE_IRQHandler
                0x0800405c                FLASH_IRQHandler
                0x0800405c                USART1_IRQHandler
                0x0800405c                I2C1_ER_IRQHandler
                0x0800405c                USBWakeUp_IRQHandler
 .text.atof     0x0800405e        0x6 d:/10 2021.10/bin/../lib/gcc/arm-none-eabi/10.3.1/../../../../arm-none-eabi/lib/thumb/v7-m/nofp\libc_nano.a(lib_a-atof.o)
                0x0800405e                atof
 .text.__libc_init_array
                0x08004064       0x48 d:/10 2021.10/bin/../lib/gcc/arm-none-eabi/10.3.1/../../../../arm-none-eabi/lib/thumb/v7-m/nofp\libc_nano.a(lib_a-init.o)
                0x08004064                __libc_init_array
 .text.memcpy   0x080040ac       0x1c d:/10 2021.10/bin/../lib/gcc/arm-none-eabi/10.3.1/../../../../arm-none-eabi/lib/thumb/v7-m/nofp\libc_nano.a(lib_a-memcpy-stub.o)
                0x080040ac                memcpy
 .text.memset   0x080040c8       0x10 d:/10 2021.10/bin/../lib/gcc/arm-none-eabi/10.3.1/../../../../arm-none-eabi/lib/thumb/v7-m/nofp\libc_nano.a(lib_a-memset.o)
                0x080040c8                memset
 .text.sprintf  0x080040d8       0x40 d:/10 2021.10/bin/../lib/gcc/arm-none-eabi/10.3.1/../../../../arm-none-eabi/lib/thumb/v7-m/nofp\libc_nano.a(lib_a-sprintf.o)
                0x080040d8                siprintf
                0x080040d8                sprintf
 .text.sscanf   0x08004118       0x54 d:/10 2021.10/bin/../lib/gcc/arm-none-eabi/10.3.1/../../../../arm-none-eabi/lib/thumb/v7-m/nofp\libc_nano.a(lib_a-sscanf.o)
                0x08004118                siscanf
                0x08004118                sscanf
 .text.__sread  0x0800416c       0x22 d:/10 2021.10/bin/../lib/gcc/arm-none-eabi/10.3.1/../../../../arm-none-eabi/lib/thumb/v7-m/nofp\libc_nano.a(lib_a-stdio.o)
                0x0800416c                __sread
 .text.__seofread
                0x0800418e        0x4 d:/10 2021.10/bin/../lib/gcc/arm-none-eabi/10.3.1/../../../../arm-none-eabi/lib/thumb/v7-m/nofp\libc_nano.a(lib_a-stdio.o)
                0x0800418e                __seofread
 .text.__swrite
                0x08004192       0x38 d:/10 2021.10/bin/../lib/gcc/arm-none-eabi/10.3.1/../../../../arm-none-eabi/lib/thumb/v7-m/nofp\libc_nano.a(lib_a-stdio.o)
                0x08004192                __swrite
 .text.__sseek  0x080041ca       0x24 d:/10 2021.10/bin/../lib/gcc/arm-none-eabi/10.3.1/../../../../arm-none-eabi/lib/thumb/v7-m/nofp\libc_nano.a(lib_a-stdio.o)
                0x080041ca                __sseek
 .text.__sclose
                0x080041ee        0x8 d:/10 2021.10/bin/../lib/gcc/arm-none-eabi/10.3.1/../../../../arm-none-eabi/lib/thumb/v7-m/nofp\libc_nano.a(lib_a-stdio.o)
                0x080041ee                __sclose
 .text.strcat   0x080041f6       0x1e d:/10 2021.10/bin/../lib/gcc/arm-none-eabi/10.3.1/../../../../arm-none-eabi/lib/thumb/v7-m/nofp\libc_nano.a(lib_a-strcat.o)
                0x080041f6                strcat
 .text.strncmp  0x08004214       0x28 d:/10 2021.10/bin/../lib/gcc/arm-none-eabi/10.3.1/../../../../arm-none-eabi/lib/thumb/v7-m/nofp\libc_nano.a(lib_a-strncmp.o)
                0x08004214                strncmp
 .text.sulp     0x0800423c       0x42 d:/10 2021.10/bin/../lib/gcc/arm-none-eabi/10.3.1/../../../../arm-none-eabi/lib/thumb/v7-m/nofp\libc_nano.a(lib_a-strtod.o)
 *fill*         0x0800427e        0x2 
 .text._strtod_l
                0x08004280      0xbd0 d:/10 2021.10/bin/../lib/gcc/arm-none-eabi/10.3.1/../../../../arm-none-eabi/lib/thumb/v7-m/nofp\libc_nano.a(lib_a-strtod.o)
                0x08004280                _strtod_l
 .text.strtod   0x08004e50       0x18 d:/10 2021.10/bin/../lib/gcc/arm-none-eabi/10.3.1/../../../../arm-none-eabi/lib/thumb/v7-m/nofp\libc_nano.a(lib_a-strtod.o)
                0x08004e50                strtod
 .text._write_r
                0x08004e68       0x24 d:/10 2021.10/bin/../lib/gcc/arm-none-eabi/10.3.1/../../../../arm-none-eabi/lib/thumb/v7-m/nofp\libc_nano.a(lib_a-writer.o)
                0x08004e68                _write_r
 .text._close_r
                0x08004e8c       0x20 d:/10 2021.10/bin/../lib/gcc/arm-none-eabi/10.3.1/../../../../arm-none-eabi/lib/thumb/v7-m/nofp\libc_nano.a(lib_a-closer.o)
                0x08004e8c                _close_r
 .text.rshift   0x08004eac       0xa6 d:/10 2021.10/bin/../lib/gcc/arm-none-eabi/10.3.1/../../../../arm-none-eabi/lib/thumb/v7-m/nofp\libc_nano.a(lib_a-gdtoa-gethex.o)
 .text.__hexdig_fun
                0x08004f52       0x2a d:/10 2021.10/bin/../lib/gcc/arm-none-eabi/10.3.1/../../../../arm-none-eabi/lib/thumb/v7-m/nofp\libc_nano.a(lib_a-gdtoa-gethex.o)
                0x08004f52                __hexdig_fun
 .text.__gethex
                0x08004f7c      0x478 d:/10 2021.10/bin/../lib/gcc/arm-none-eabi/10.3.1/../../../../arm-none-eabi/lib/thumb/v7-m/nofp\libc_nano.a(lib_a-gdtoa-gethex.o)
                0x08004f7c                __gethex
 .text.L_shift  0x080053f4       0x24 d:/10 2021.10/bin/../lib/gcc/arm-none-eabi/10.3.1/../../../../arm-none-eabi/lib/thumb/v7-m/nofp\libc_nano.a(lib_a-gdtoa-hexnan.o)
 .text.__match  0x08005418       0x28 d:/10 2021.10/bin/../lib/gcc/arm-none-eabi/10.3.1/../../../../arm-none-eabi/lib/thumb/v7-m/nofp\libc_nano.a(lib_a-gdtoa-hexnan.o)
                0x08005418                __match
 .text.__hexnan
                0x08005440      0x138 d:/10 2021.10/bin/../lib/gcc/arm-none-eabi/10.3.1/../../../../arm-none-eabi/lib/thumb/v7-m/nofp\libc_nano.a(lib_a-gdtoa-hexnan.o)
                0x08005440                __hexnan
 .text._lseek_r
                0x08005578       0x24 d:/10 2021.10/bin/../lib/gcc/arm-none-eabi/10.3.1/../../../../arm-none-eabi/lib/thumb/v7-m/nofp\libc_nano.a(lib_a-lseekr.o)
                0x08005578                _lseek_r
 .text.__ascii_mbtowc
                0x0800559c       0x24 d:/10 2021.10/bin/../lib/gcc/arm-none-eabi/10.3.1/../../../../arm-none-eabi/lib/thumb/v7-m/nofp\libc_nano.a(lib_a-mbtowc_r.o)
                0x0800559c                __ascii_mbtowc
 .text._Balloc  0x080055c0       0x80 d:/10 2021.10/bin/../lib/gcc/arm-none-eabi/10.3.1/../../../../arm-none-eabi/lib/thumb/v7-m/nofp\libc_nano.a(lib_a-mprec.o)
                0x080055c0                _Balloc
 .text._Bfree   0x08005640       0x44 d:/10 2021.10/bin/../lib/gcc/arm-none-eabi/10.3.1/../../../../arm-none-eabi/lib/thumb/v7-m/nofp\libc_nano.a(lib_a-mprec.o)
                0x08005640                _Bfree
 .text.__multadd
                0x08005684       0x8c d:/10 2021.10/bin/../lib/gcc/arm-none-eabi/10.3.1/../../../../arm-none-eabi/lib/thumb/v7-m/nofp\libc_nano.a(lib_a-mprec.o)
                0x08005684                __multadd
 .text.__s2b    0x08005710       0x94 d:/10 2021.10/bin/../lib/gcc/arm-none-eabi/10.3.1/../../../../arm-none-eabi/lib/thumb/v7-m/nofp\libc_nano.a(lib_a-mprec.o)
                0x08005710                __s2b
 .text.__hi0bits
                0x080057a4       0x40 d:/10 2021.10/bin/../lib/gcc/arm-none-eabi/10.3.1/../../../../arm-none-eabi/lib/thumb/v7-m/nofp\libc_nano.a(lib_a-mprec.o)
                0x080057a4                __hi0bits
 .text.__lo0bits
                0x080057e4       0x5a d:/10 2021.10/bin/../lib/gcc/arm-none-eabi/10.3.1/../../../../arm-none-eabi/lib/thumb/v7-m/nofp\libc_nano.a(lib_a-mprec.o)
                0x080057e4                __lo0bits
 *fill*         0x0800583e        0x2 
 .text.__i2b    0x08005840       0x2c d:/10 2021.10/bin/../lib/gcc/arm-none-eabi/10.3.1/../../../../arm-none-eabi/lib/thumb/v7-m/nofp\libc_nano.a(lib_a-mprec.o)
                0x08005840                __i2b
 .text.__multiply
                0x0800586c      0x150 d:/10 2021.10/bin/../lib/gcc/arm-none-eabi/10.3.1/../../../../arm-none-eabi/lib/thumb/v7-m/nofp\libc_nano.a(lib_a-mprec.o)
                0x0800586c                __multiply
 .text.__pow5mult
                0x080059bc       0xb4 d:/10 2021.10/bin/../lib/gcc/arm-none-eabi/10.3.1/../../../../arm-none-eabi/lib/thumb/v7-m/nofp\libc_nano.a(lib_a-mprec.o)
                0x080059bc                __pow5mult
 .text.__lshift
                0x08005a70       0xe0 d:/10 2021.10/bin/../lib/gcc/arm-none-eabi/10.3.1/../../../../arm-none-eabi/lib/thumb/v7-m/nofp\libc_nano.a(lib_a-mprec.o)
                0x08005a70                __lshift
 .text.__mcmp   0x08005b50       0x36 d:/10 2021.10/bin/../lib/gcc/arm-none-eabi/10.3.1/../../../../arm-none-eabi/lib/thumb/v7-m/nofp\libc_nano.a(lib_a-mprec.o)
                0x08005b50                __mcmp
 *fill*         0x08005b86        0x2 
 .text.__mdiff  0x08005b88      0x118 d:/10 2021.10/bin/../lib/gcc/arm-none-eabi/10.3.1/../../../../arm-none-eabi/lib/thumb/v7-m/nofp\libc_nano.a(lib_a-mprec.o)
                0x08005b88                __mdiff
 .text.__ulp    0x08005ca0       0x4c d:/10 2021.10/bin/../lib/gcc/arm-none-eabi/10.3.1/../../../../arm-none-eabi/lib/thumb/v7-m/nofp\libc_nano.a(lib_a-mprec.o)
                0x08005ca0                __ulp
 .text.__b2d    0x08005cec       0xa8 d:/10 2021.10/bin/../lib/gcc/arm-none-eabi/10.3.1/../../../../arm-none-eabi/lib/thumb/v7-m/nofp\libc_nano.a(lib_a-mprec.o)
                0x08005cec                __b2d
 .text.__d2b    0x08005d94       0xb8 d:/10 2021.10/bin/../lib/gcc/arm-none-eabi/10.3.1/../../../../arm-none-eabi/lib/thumb/v7-m/nofp\libc_nano.a(lib_a-mprec.o)
                0x08005d94                __d2b
 .text.__ratio  0x08005e4c       0x5c d:/10 2021.10/bin/../lib/gcc/arm-none-eabi/10.3.1/../../../../arm-none-eabi/lib/thumb/v7-m/nofp\libc_nano.a(lib_a-mprec.o)
                0x08005e4c                __ratio
 .text.__copybits
                0x08005ea8       0x46 d:/10 2021.10/bin/../lib/gcc/arm-none-eabi/10.3.1/../../../../arm-none-eabi/lib/thumb/v7-m/nofp\libc_nano.a(lib_a-mprec.o)
                0x08005ea8                __copybits
 .text.__any_on
                0x08005eee       0x42 d:/10 2021.10/bin/../lib/gcc/arm-none-eabi/10.3.1/../../../../arm-none-eabi/lib/thumb/v7-m/nofp\libc_nano.a(lib_a-mprec.o)
                0x08005eee                __any_on
 .text._calloc_r
                0x08005f30       0x28 d:/10 2021.10/bin/../lib/gcc/arm-none-eabi/10.3.1/../../../../arm-none-eabi/lib/thumb/v7-m/nofp\libc_nano.a(lib_a-nano-callocr.o)
                0x08005f30                _calloc_r
 .text.sbrk_aligned
                0x08005f58       0x40 d:/10 2021.10/bin/../lib/gcc/arm-none-eabi/10.3.1/../../../../arm-none-eabi/lib/thumb/v7-m/nofp\libc_nano.a(lib_a-nano-mallocr.o)
 .text._malloc_r
                0x08005f98       0xe8 d:/10 2021.10/bin/../lib/gcc/arm-none-eabi/10.3.1/../../../../arm-none-eabi/lib/thumb/v7-m/nofp\libc_nano.a(lib_a-nano-mallocr.o)
                0x08005f98                _malloc_r
 .text.__ssputs_r
                0x08006080       0xb6 d:/10 2021.10/bin/../lib/gcc/arm-none-eabi/10.3.1/../../../../arm-none-eabi/lib/thumb/v7-m/nofp\libc_nano.a(lib_a-nano-svfprintf.o)
                0x08006080                __ssputs_r
 *fill*         0x08006136        0x2 
 .text._svfprintf_r
                0x08006138      0x200 d:/10 2021.10/bin/../lib/gcc/arm-none-eabi/10.3.1/../../../../arm-none-eabi/lib/thumb/v7-m/nofp\libc_nano.a(lib_a-nano-svfprintf.o)
                0x08006138                _svfiprintf_r
                0x08006138                _svfprintf_r
 .text._sungetc_r
                0x08006338       0x7a d:/10 2021.10/bin/../lib/gcc/arm-none-eabi/10.3.1/../../../../arm-none-eabi/lib/thumb/v7-m/nofp\libc_nano.a(lib_a-nano-svfscanf.o)
                0x08006338                _sungetc_r
 .text.__ssrefill_r
                0x080063b2       0x3a d:/10 2021.10/bin/../lib/gcc/arm-none-eabi/10.3.1/../../../../arm-none-eabi/lib/thumb/v7-m/nofp\libc_nano.a(lib_a-nano-svfscanf.o)
                0x080063b2                __ssrefill_r
 .text.__ssvfscanf_r
                0x080063ec      0x2f4 d:/10 2021.10/bin/../lib/gcc/arm-none-eabi/10.3.1/../../../../arm-none-eabi/lib/thumb/v7-m/nofp\libc_nano.a(lib_a-nano-svfscanf.o)
                0x080063ec                __ssvfiscanf_r
                0x080063ec                __ssvfscanf_r
 .text._printf_common
                0x080066e0       0xde d:/10 2021.10/bin/../lib/gcc/arm-none-eabi/10.3.1/../../../../arm-none-eabi/lib/thumb/v7-m/nofp\libc_nano.a(lib_a-nano-vfprintf_i.o)
                0x080066e0                _printf_common
 *fill*         0x080067be        0x2 
 .text._printf_i
                0x080067c0      0x24c d:/10 2021.10/bin/../lib/gcc/arm-none-eabi/10.3.1/../../../../arm-none-eabi/lib/thumb/v7-m/nofp\libc_nano.a(lib_a-nano-vfprintf_i.o)
                0x080067c0                _printf_i
 .text._scanf_chars
                0x08006a0c       0xb4 d:/10 2021.10/bin/../lib/gcc/arm-none-eabi/10.3.1/../../../../arm-none-eabi/lib/thumb/v7-m/nofp\libc_nano.a(lib_a-nano-vfscanf_i.o)
                0x08006a0c                _scanf_chars
 .text._scanf_i
                0x08006ac0      0x1f0 d:/10 2021.10/bin/../lib/gcc/arm-none-eabi/10.3.1/../../../../arm-none-eabi/lib/thumb/v7-m/nofp\libc_nano.a(lib_a-nano-vfscanf_i.o)
                0x08006ac0                _scanf_i
 .text._read_r  0x08006cb0       0x24 d:/10 2021.10/bin/../lib/gcc/arm-none-eabi/10.3.1/../../../../arm-none-eabi/lib/thumb/v7-m/nofp\libc_nano.a(lib_a-readr.o)
                0x08006cb0                _read_r
 .text.nan      0x08006cd4        0xc d:/10 2021.10/bin/../lib/gcc/arm-none-eabi/10.3.1/../../../../arm-none-eabi/lib/thumb/v7-m/nofp\libc_nano.a(lib_a-s_nan.o)
                0x08006cd4                nan
 .text._sbrk_r  0x08006ce0       0x20 d:/10 2021.10/bin/../lib/gcc/arm-none-eabi/10.3.1/../../../../arm-none-eabi/lib/thumb/v7-m/nofp\libc_nano.a(lib_a-sbrkr.o)
                0x08006ce0                _sbrk_r
 .text.__sccl   0x08006d00       0x70 d:/10 2021.10/bin/../lib/gcc/arm-none-eabi/10.3.1/../../../../arm-none-eabi/lib/thumb/v7-m/nofp\libc_nano.a(lib_a-sccl.o)
                0x08006d00                __sccl
 .text._strtol_l.constprop.0
                0x08006d70       0xf8 d:/10 2021.10/bin/../lib/gcc/arm-none-eabi/10.3.1/../../../../arm-none-eabi/lib/thumb/v7-m/nofp\libc_nano.a(lib_a-strtol.o)
 .text._strtol_r
                0x08006e68        0x4 d:/10 2021.10/bin/../lib/gcc/arm-none-eabi/10.3.1/../../../../arm-none-eabi/lib/thumb/v7-m/nofp\libc_nano.a(lib_a-strtol.o)
                0x08006e68                _strtol_r
 .text._strtoul_l.constprop.0
                0x08006e6c       0xe4 d:/10 2021.10/bin/../lib/gcc/arm-none-eabi/10.3.1/../../../../arm-none-eabi/lib/thumb/v7-m/nofp\libc_nano.a(lib_a-strtoul.o)
 .text._strtoul_r
                0x08006f50        0x4 d:/10 2021.10/bin/../lib/gcc/arm-none-eabi/10.3.1/../../../../arm-none-eabi/lib/thumb/v7-m/nofp\libc_nano.a(lib_a-strtoul.o)
                0x08006f50                _strtoul_r
 .text.__submore
                0x08006f54       0x70 d:/10 2021.10/bin/../lib/gcc/arm-none-eabi/10.3.1/../../../../arm-none-eabi/lib/thumb/v7-m/nofp\libc_nano.a(lib_a-ungetc.o)
                0x08006f54                __submore
 .text.__ascii_wctomb
                0x08006fc4       0x1a d:/10 2021.10/bin/../lib/gcc/arm-none-eabi/10.3.1/../../../../arm-none-eabi/lib/thumb/v7-m/nofp\libc_nano.a(lib_a-wctomb_r.o)
                0x08006fc4                __ascii_wctomb
 *fill*         0x08006fde        0x2 
 .text.__assert_func
                0x08006fe0       0x3c d:/10 2021.10/bin/../lib/gcc/arm-none-eabi/10.3.1/../../../../arm-none-eabi/lib/thumb/v7-m/nofp\libc_nano.a(lib_a-assert.o)
                0x08006fe0                __assert_func
 .text.__errno  0x0800701c        0xc d:/10 2021.10/bin/../lib/gcc/arm-none-eabi/10.3.1/../../../../arm-none-eabi/lib/thumb/v7-m/nofp\libc_nano.a(lib_a-errno.o)
                0x0800701c                __errno
 .text.__sflush_r
                0x08007028      0x104 d:/10 2021.10/bin/../lib/gcc/arm-none-eabi/10.3.1/../../../../arm-none-eabi/lib/thumb/v7-m/nofp\libc_nano.a(lib_a-fflush.o)
                0x08007028                __sflush_r
 .text._fflush_r
                0x0800712c       0x78 d:/10 2021.10/bin/../lib/gcc/arm-none-eabi/10.3.1/../../../../arm-none-eabi/lib/thumb/v7-m/nofp\libc_nano.a(lib_a-fflush.o)
                0x0800712c                _fflush_r
 .text.std      0x080071a4       0x48 d:/10 2021.10/bin/../lib/gcc/arm-none-eabi/10.3.1/../../../../arm-none-eabi/lib/thumb/v7-m/nofp\libc_nano.a(lib_a-findfp.o)
 .text._cleanup_r
                0x080071ec        0xc d:/10 2021.10/bin/../lib/gcc/arm-none-eabi/10.3.1/../../../../arm-none-eabi/lib/thumb/v7-m/nofp\libc_nano.a(lib_a-findfp.o)
                0x080071ec                _cleanup_r
 .text.__sfmoreglue
                0x080071f8       0x2c d:/10 2021.10/bin/../lib/gcc/arm-none-eabi/10.3.1/../../../../arm-none-eabi/lib/thumb/v7-m/nofp\libc_nano.a(lib_a-findfp.o)
                0x080071f8                __sfmoreglue
 .text.__sfp_lock_acquire
                0x08007224        0xc d:/10 2021.10/bin/../lib/gcc/arm-none-eabi/10.3.1/../../../../arm-none-eabi/lib/thumb/v7-m/nofp\libc_nano.a(lib_a-findfp.o)
                0x08007224                __sfp_lock_acquire
 .text.__sfp_lock_release
                0x08007230        0xc d:/10 2021.10/bin/../lib/gcc/arm-none-eabi/10.3.1/../../../../arm-none-eabi/lib/thumb/v7-m/nofp\libc_nano.a(lib_a-findfp.o)
                0x08007230                __sfp_lock_release
 .text.__sinit_lock_acquire
                0x0800723c        0xc d:/10 2021.10/bin/../lib/gcc/arm-none-eabi/10.3.1/../../../../arm-none-eabi/lib/thumb/v7-m/nofp\libc_nano.a(lib_a-findfp.o)
                0x0800723c                __sinit_lock_acquire
 .text.__sinit_lock_release
                0x08007248        0xc d:/10 2021.10/bin/../lib/gcc/arm-none-eabi/10.3.1/../../../../arm-none-eabi/lib/thumb/v7-m/nofp\libc_nano.a(lib_a-findfp.o)
                0x08007248                __sinit_lock_release
 .text.__sinit  0x08007254       0x70 d:/10 2021.10/bin/../lib/gcc/arm-none-eabi/10.3.1/../../../../arm-none-eabi/lib/thumb/v7-m/nofp\libc_nano.a(lib_a-findfp.o)
                0x08007254                __sinit
 .text.__sfp    0x080072c4       0x8c d:/10 2021.10/bin/../lib/gcc/arm-none-eabi/10.3.1/../../../../arm-none-eabi/lib/thumb/v7-m/nofp\libc_nano.a(lib_a-findfp.o)
                0x080072c4                __sfp
 .text.fprintf  0x08007350       0x24 d:/10 2021.10/bin/../lib/gcc/arm-none-eabi/10.3.1/../../../../arm-none-eabi/lib/thumb/v7-m/nofp\libc_nano.a(lib_a-fprintf.o)
                0x08007350                fiprintf
                0x08007350                fprintf
 .text._fwalk_reent
                0x08007374       0x3e d:/10 2021.10/bin/../lib/gcc/arm-none-eabi/10.3.1/../../../../arm-none-eabi/lib/thumb/v7-m/nofp\libc_nano.a(lib_a-fwalk.o)
                0x08007374                _fwalk_reent
 .text.__retarget_lock_init_recursive
                0x080073b2        0x2 d:/10 2021.10/bin/../lib/gcc/arm-none-eabi/10.3.1/../../../../arm-none-eabi/lib/thumb/v7-m/nofp\libc_nano.a(lib_a-lock.o)
                0x080073b2                __retarget_lock_init_recursive
 .text.__retarget_lock_acquire_recursive
                0x080073b4        0x2 d:/10 2021.10/bin/../lib/gcc/arm-none-eabi/10.3.1/../../../../arm-none-eabi/lib/thumb/v7-m/nofp\libc_nano.a(lib_a-lock.o)
                0x080073b4                __retarget_lock_acquire_recursive
 .text.__retarget_lock_release_recursive
                0x080073b6        0x2 d:/10 2021.10/bin/../lib/gcc/arm-none-eabi/10.3.1/../../../../arm-none-eabi/lib/thumb/v7-m/nofp\libc_nano.a(lib_a-lock.o)
                0x080073b6                __retarget_lock_release_recursive
 .text.malloc   0x080073b8       0x10 d:/10 2021.10/bin/../lib/gcc/arm-none-eabi/10.3.1/../../../../arm-none-eabi/lib/thumb/v7-m/nofp\libc_nano.a(lib_a-malloc.o)
                0x080073b8                malloc
 .text.memchr   0x080073c8       0x1c d:/10 2021.10/bin/../lib/gcc/arm-none-eabi/10.3.1/../../../../arm-none-eabi/lib/thumb/v7-m/nofp\libc_nano.a(lib_a-memchr-stub.o)
                0x080073c8                memchr
 .text.memmove  0x080073e4       0x34 d:/10 2021.10/bin/../lib/gcc/arm-none-eabi/10.3.1/../../../../arm-none-eabi/lib/thumb/v7-m/nofp\libc_nano.a(lib_a-memmove.o)
                0x080073e4                memmove
 .text.__malloc_lock
                0x08007418        0xc d:/10 2021.10/bin/../lib/gcc/arm-none-eabi/10.3.1/../../../../arm-none-eabi/lib/thumb/v7-m/nofp\libc_nano.a(lib_a-mlock.o)
                0x08007418                __malloc_lock
 .text.__malloc_unlock
                0x08007424        0xc d:/10 2021.10/bin/../lib/gcc/arm-none-eabi/10.3.1/../../../../arm-none-eabi/lib/thumb/v7-m/nofp\libc_nano.a(lib_a-mlock.o)
                0x08007424                __malloc_unlock
 .text._free_r  0x08007430       0x90 d:/10 2021.10/bin/../lib/gcc/arm-none-eabi/10.3.1/../../../../arm-none-eabi/lib/thumb/v7-m/nofp\libc_nano.a(lib_a-nano-freer.o)
                0x08007430                _free_r
 .text._realloc_r
                0x080074c0       0x5e d:/10 2021.10/bin/../lib/gcc/arm-none-eabi/10.3.1/../../../../arm-none-eabi/lib/thumb/v7-m/nofp\libc_nano.a(lib_a-nano-reallocr.o)
                0x080074c0                _realloc_r
 .text.__sfputc_r
                0x0800751e       0x2a d:/10 2021.10/bin/../lib/gcc/arm-none-eabi/10.3.1/../../../../arm-none-eabi/lib/thumb/v7-m/nofp\libc_nano.a(lib_a-nano-vfprintf.o)
 .text.__sfputs_r
                0x08007548       0x24 d:/10 2021.10/bin/../lib/gcc/arm-none-eabi/10.3.1/../../../../arm-none-eabi/lib/thumb/v7-m/nofp\libc_nano.a(lib_a-nano-vfprintf.o)
                0x08007548                __sfputs_r
 .text._vfprintf_r
                0x0800756c      0x260 d:/10 2021.10/bin/../lib/gcc/arm-none-eabi/10.3.1/../../../../arm-none-eabi/lib/thumb/v7-m/nofp\libc_nano.a(lib_a-nano-vfprintf.o)
                0x0800756c                _vfprintf_r
                0x0800756c                _vfiprintf_r
 .text.__swbuf_r
                0x080077cc       0xa4 d:/10 2021.10/bin/../lib/gcc/arm-none-eabi/10.3.1/../../../../arm-none-eabi/lib/thumb/v7-m/nofp\libc_nano.a(lib_a-wbuf.o)
                0x080077cc                __swbuf_r
 .text.__swsetup_r
                0x08007870       0xdc d:/10 2021.10/bin/../lib/gcc/arm-none-eabi/10.3.1/../../../../arm-none-eabi/lib/thumb/v7-m/nofp\libc_nano.a(lib_a-wsetup.o)
                0x08007870                __swsetup_r
 .text.abort    0x0800794c        0xe d:/10 2021.10/bin/../lib/gcc/arm-none-eabi/10.3.1/../../../../arm-none-eabi/lib/thumb/v7-m/nofp\libc_nano.a(lib_a-abort.o)
                0x0800794c                abort
 .text.__swhatbuf_r
                0x0800795a       0x4a d:/10 2021.10/bin/../lib/gcc/arm-none-eabi/10.3.1/../../../../arm-none-eabi/lib/thumb/v7-m/nofp\libc_nano.a(lib_a-makebuf.o)
                0x0800795a                __swhatbuf_r
 .text.__smakebuf_r
                0x080079a4       0x80 d:/10 2021.10/bin/../lib/gcc/arm-none-eabi/10.3.1/../../../../arm-none-eabi/lib/thumb/v7-m/nofp\libc_nano.a(lib_a-makebuf.o)
                0x080079a4                __smakebuf_r
 .text._malloc_usable_size_r
                0x08007a24       0x10 d:/10 2021.10/bin/../lib/gcc/arm-none-eabi/10.3.1/../../../../arm-none-eabi/lib/thumb/v7-m/nofp\libc_nano.a(lib_a-nano-msizer.o)
                0x08007a24                _malloc_usable_size_r
 .text._raise_r
                0x08007a34       0x50 d:/10 2021.10/bin/../lib/gcc/arm-none-eabi/10.3.1/../../../../arm-none-eabi/lib/thumb/v7-m/nofp\libc_nano.a(lib_a-signal.o)
                0x08007a34                _raise_r
 .text.raise    0x08007a84       0x10 d:/10 2021.10/bin/../lib/gcc/arm-none-eabi/10.3.1/../../../../arm-none-eabi/lib/thumb/v7-m/nofp\libc_nano.a(lib_a-signal.o)
                0x08007a84                raise
 .text._kill_r  0x08007a94       0x24 d:/10 2021.10/bin/../lib/gcc/arm-none-eabi/10.3.1/../../../../arm-none-eabi/lib/thumb/v7-m/nofp\libc_nano.a(lib_a-signalr.o)
                0x08007a94                _kill_r
 .text._getpid_r
                0x08007ab8        0x4 d:/10 2021.10/bin/../lib/gcc/arm-none-eabi/10.3.1/../../../../arm-none-eabi/lib/thumb/v7-m/nofp\libc_nano.a(lib_a-signalr.o)
                0x08007ab8                _getpid_r
 .text._fstat_r
                0x08007abc       0x24 d:/10 2021.10/bin/../lib/gcc/arm-none-eabi/10.3.1/../../../../arm-none-eabi/lib/thumb/v7-m/nofp\libc_nano.a(lib_a-fstatr.o)
                0x08007abc                _fstat_r
 .text._isatty_r
                0x08007ae0       0x20 d:/10 2021.10/bin/../lib/gcc/arm-none-eabi/10.3.1/../../../../arm-none-eabi/lib/thumb/v7-m/nofp\libc_nano.a(lib_a-isattyr.o)
                0x08007ae0                _isatty_r
 .text._close   0x08007b00       0x10 d:/10 2021.10/bin/../lib/gcc/arm-none-eabi/10.3.1/../../../../arm-none-eabi/lib/thumb/v7-m/nofp\libnosys.a(close.o)
                0x08007b00                _close
 .text._fstat   0x08007b10       0x10 d:/10 2021.10/bin/../lib/gcc/arm-none-eabi/10.3.1/../../../../arm-none-eabi/lib/thumb/v7-m/nofp\libnosys.a(fstat.o)
                0x08007b10                _fstat
 .text._getpid  0x08007b20       0x10 d:/10 2021.10/bin/../lib/gcc/arm-none-eabi/10.3.1/../../../../arm-none-eabi/lib/thumb/v7-m/nofp\libnosys.a(getpid.o)
                0x08007b20                _getpid
 .text._isatty  0x08007b30       0x10 d:/10 2021.10/bin/../lib/gcc/arm-none-eabi/10.3.1/../../../../arm-none-eabi/lib/thumb/v7-m/nofp\libnosys.a(isatty.o)
                0x08007b30                _isatty
 .text._kill    0x08007b40       0x10 d:/10 2021.10/bin/../lib/gcc/arm-none-eabi/10.3.1/../../../../arm-none-eabi/lib/thumb/v7-m/nofp\libnosys.a(kill.o)
                0x08007b40                _kill
 .text._lseek   0x08007b50       0x10 d:/10 2021.10/bin/../lib/gcc/arm-none-eabi/10.3.1/../../../../arm-none-eabi/lib/thumb/v7-m/nofp\libnosys.a(lseek.o)
                0x08007b50                _lseek
 .text._read    0x08007b60       0x10 d:/10 2021.10/bin/../lib/gcc/arm-none-eabi/10.3.1/../../../../arm-none-eabi/lib/thumb/v7-m/nofp\libnosys.a(read.o)
                0x08007b60                _read
 .text._sbrk    0x08007b70       0x1c d:/10 2021.10/bin/../lib/gcc/arm-none-eabi/10.3.1/../../../../arm-none-eabi/lib/thumb/v7-m/nofp\libnosys.a(sbrk.o)
                0x08007b70                _sbrk
 .text._write   0x08007b8c       0x10 d:/10 2021.10/bin/../lib/gcc/arm-none-eabi/10.3.1/../../../../arm-none-eabi/lib/thumb/v7-m/nofp\libnosys.a(write.o)
                0x08007b8c                _write
 .text._exit    0x08007b9c        0x4 d:/10 2021.10/bin/../lib/gcc/arm-none-eabi/10.3.1/../../../../arm-none-eabi/lib/thumb/v7-m/nofp\libnosys.a(_exit.o)
                0x08007b9c                _exit
 *(.glue_7)
 .glue_7        0x08007ba0        0x0 linker stubs
 *(.glue_7t)
 .glue_7t       0x08007ba0        0x0 linker stubs
 *(.eh_frame)
 .eh_frame      0x08007ba0        0x0 d:/10 2021.10/bin/../lib/gcc/arm-none-eabi/10.3.1/thumb/v7-m/nofp/crtbegin.o
 *(.init)
 .init          0x08007ba0        0x4 d:/10 2021.10/bin/../lib/gcc/arm-none-eabi/10.3.1/thumb/v7-m/nofp/crti.o
                0x08007ba0                _init
 .init          0x08007ba4        0x8 d:/10 2021.10/bin/../lib/gcc/arm-none-eabi/10.3.1/thumb/v7-m/nofp/crtn.o
 *(.fini)
 .fini          0x08007bac        0x4 d:/10 2021.10/bin/../lib/gcc/arm-none-eabi/10.3.1/thumb/v7-m/nofp/crti.o
                0x08007bac                _fini
 .fini          0x08007bb0        0x8 d:/10 2021.10/bin/../lib/gcc/arm-none-eabi/10.3.1/thumb/v7-m/nofp/crtn.o
                0x08007bb8                . = ALIGN (0x4)
                0x08007bb8                _etext = .

.vfp11_veneer   0x08007bb8        0x0
 .vfp11_veneer  0x08007bb8        0x0 linker stubs

.v4_bx          0x08007bb8        0x0
 .v4_bx         0x08007bb8        0x0 linker stubs

.iplt           0x08007bb8        0x0
 .iplt          0x08007bb8        0x0 d:/10 2021.10/bin/../lib/gcc/arm-none-eabi/10.3.1/thumb/v7-m/nofp/crtbegin.o

.rodata         0x08007bb8      0x690
                0x08007bb8                . = ALIGN (0x4)
 *(.rodata)
 .rodata        0x08007bb8       0x70 build/main.o
 .rodata        0x08007c28        0xc d:/10 2021.10/bin/../lib/gcc/arm-none-eabi/10.3.1/../../../../arm-none-eabi/lib/thumb/v7-m/nofp\libc_nano.a(lib_a-nano-vfscanf_i.o)
 *(.rodata*)
 .rodata.str1.4
                0x08007c34       0x1e build/main.o
 *fill*         0x08007c52        0x2 
 .rodata.Task_Sensor.str1.4
                0x08007c54        0xd build/main.o
 *fill*         0x08007c61        0x3 
 .rodata.Task_Servo.str1.4
                0x08007c64       0x3c build/main.o
 .rodata.Task_Display.str1.4
                0x08007ca0       0x33 build/main.o
                                 0x36 (size before relaxing)
 *fill*         0x08007cd3        0x1 
 .rodata.Task_Data.str1.4
                0x08007cd4       0x94 build/main.o
 .rodata.HAL_UART_RxCpltCallback.str1.4
                0x08007d68        0xd build/main.o
 *fill*         0x08007d75        0x3 
 .rodata.main.str1.4
                0x08007d78        0x7 build/main.o
 *fill*         0x08007d7f        0x1 
 .rodata.HAL_RCC_GetSysClockFreq.str1.4
                0x08007d80       0x11 build/stm32f1xx_hal_rcc.o
 *fill*         0x08007d91        0x3 
 .rodata.AHBPrescTable
                0x08007d94       0x10 build/system_stm32f1xx.o
                0x08007d94                AHBPrescTable
 .rodata.APBPrescTable
                0x08007da4        0x8 build/system_stm32f1xx.o
                0x08007da4                APBPrescTable
 .rodata.vTaskStartScheduler.str1.4
                0x08007dac        0x5 build/tasks.o
 *fill*         0x08007db1        0x3 
 .rodata._global_impure_ptr
                0x08007db4        0x4 d:/10 2021.10/bin/../lib/gcc/arm-none-eabi/10.3.1/../../../../arm-none-eabi/lib/thumb/v7-m/nofp\libc_nano.a(lib_a-impure.o)
                0x08007db4                _global_impure_ptr
 .rodata._strtod_l.str1.1
                0x08007db8        0xc d:/10 2021.10/bin/../lib/gcc/arm-none-eabi/10.3.1/../../../../arm-none-eabi/lib/thumb/v7-m/nofp\libc_nano.a(lib_a-strtod.o)
                                  0xd (size before relaxing)
 .rodata.fpi.1  0x08007dc4       0x14 d:/10 2021.10/bin/../lib/gcc/arm-none-eabi/10.3.1/../../../../arm-none-eabi/lib/thumb/v7-m/nofp\libc_nano.a(lib_a-strtod.o)
 .rodata.fpinan.0
                0x08007dd8       0x14 d:/10 2021.10/bin/../lib/gcc/arm-none-eabi/10.3.1/../../../../arm-none-eabi/lib/thumb/v7-m/nofp\libc_nano.a(lib_a-strtod.o)
 *fill*         0x08007dec        0x4 
 .rodata.tinytens
                0x08007df0       0x28 d:/10 2021.10/bin/../lib/gcc/arm-none-eabi/10.3.1/../../../../arm-none-eabi/lib/thumb/v7-m/nofp\libc_nano.a(lib_a-strtod.o)
 .rodata.__gethex.str1.1
                0x08007e18       0x97 d:/10 2021.10/bin/../lib/gcc/arm-none-eabi/10.3.1/../../../../arm-none-eabi/lib/thumb/v7-m/nofp\libc_nano.a(lib_a-gdtoa-gethex.o)
 .rodata.str1.1
                0x08007eaf        0x2 d:/10 2021.10/bin/../lib/gcc/arm-none-eabi/10.3.1/../../../../arm-none-eabi/lib/thumb/v7-m/nofp\libc_nano.a(lib_a-lnumeric.o)
                                  0x3 (size before relaxing)
 *fill*         0x08007eb1        0x3 
 .rodata._C_numeric_locale
                0x08007eb4        0xc d:/10 2021.10/bin/../lib/gcc/arm-none-eabi/10.3.1/../../../../arm-none-eabi/lib/thumb/v7-m/nofp\libc_nano.a(lib_a-lnumeric.o)
                0x08007eb4                _C_numeric_locale
 .rodata._setlocale_r.str1.1
                0x08007ec0        0x8 d:/10 2021.10/bin/../lib/gcc/arm-none-eabi/10.3.1/../../../../arm-none-eabi/lib/thumb/v7-m/nofp\libc_nano.a(lib_a-locale.o)
                                  0x9 (size before relaxing)
 .rodata.str1.1
                0x08007ec8        0x2 d:/10 2021.10/bin/../lib/gcc/arm-none-eabi/10.3.1/../../../../arm-none-eabi/lib/thumb/v7-m/nofp\libc_nano.a(lib_a-locale.o)
 .rodata._Balloc.str1.1
                0x08007ec8       0x96 d:/10 2021.10/bin/../lib/gcc/arm-none-eabi/10.3.1/../../../../arm-none-eabi/lib/thumb/v7-m/nofp\libc_nano.a(lib_a-mprec.o)
 .rodata.__multadd.str1.1
                0x08007f5e       0x11 d:/10 2021.10/bin/../lib/gcc/arm-none-eabi/10.3.1/../../../../arm-none-eabi/lib/thumb/v7-m/nofp\libc_nano.a(lib_a-mprec.o)
 *fill*         0x08007f5e        0x2 
 .rodata.__mprec_bigtens
                0x08007f60       0x28 d:/10 2021.10/bin/../lib/gcc/arm-none-eabi/10.3.1/../../../../arm-none-eabi/lib/thumb/v7-m/nofp\libc_nano.a(lib_a-mprec.o)
                0x08007f60                __mprec_bigtens
 .rodata.__mprec_tens
                0x08007f88       0xc8 d:/10 2021.10/bin/../lib/gcc/arm-none-eabi/10.3.1/../../../../arm-none-eabi/lib/thumb/v7-m/nofp\libc_nano.a(lib_a-mprec.o)
                0x08007f88                __mprec_tens
 .rodata.p05.0  0x08008050        0xc d:/10 2021.10/bin/../lib/gcc/arm-none-eabi/10.3.1/../../../../arm-none-eabi/lib/thumb/v7-m/nofp\libc_nano.a(lib_a-mprec.o)
 .rodata._svfprintf_r.str1.1
                0x0800805c       0x11 d:/10 2021.10/bin/../lib/gcc/arm-none-eabi/10.3.1/../../../../arm-none-eabi/lib/thumb/v7-m/nofp\libc_nano.a(lib_a-nano-svfprintf.o)
 .rodata.__ssvfscanf_r.str1.1
                0x0800806d        0x4 d:/10 2021.10/bin/../lib/gcc/arm-none-eabi/10.3.1/../../../../arm-none-eabi/lib/thumb/v7-m/nofp\libc_nano.a(lib_a-nano-svfscanf.o)
 .rodata._printf_i.str1.1
                0x0800806d       0x22 d:/10 2021.10/bin/../lib/gcc/arm-none-eabi/10.3.1/../../../../arm-none-eabi/lib/thumb/v7-m/nofp\libc_nano.a(lib_a-nano-vfprintf_i.o)
 .rodata.str1.1
                0x0800808f        0x9 d:/10 2021.10/bin/../lib/gcc/arm-none-eabi/10.3.1/../../../../arm-none-eabi/lib/thumb/v7-m/nofp\libc_nano.a(lib_a-nano-vfscanf_i.o)
 .rodata._scanf_i.str1.1
                0x08008098       0x12 d:/10 2021.10/bin/../lib/gcc/arm-none-eabi/10.3.1/../../../../arm-none-eabi/lib/thumb/v7-m/nofp\libc_nano.a(lib_a-nano-vfscanf_i.o)
 .rodata.__assert_func.str1.1
                0x080080aa       0x3c d:/10 2021.10/bin/../lib/gcc/arm-none-eabi/10.3.1/../../../../arm-none-eabi/lib/thumb/v7-m/nofp\libc_nano.a(lib_a-assert.o)
                                 0x3d (size before relaxing)
 .rodata._ctype_
                0x080080e6      0x101 d:/10 2021.10/bin/../lib/gcc/arm-none-eabi/10.3.1/../../../../arm-none-eabi/lib/thumb/v7-m/nofp\libc_nano.a(lib_a-ctype_.o)
                0x080080e6                _ctype_
 *fill*         0x080081e7        0x1 
 .rodata.__sf_fake_stderr
                0x080081e8       0x20 d:/10 2021.10/bin/../lib/gcc/arm-none-eabi/10.3.1/../../../../arm-none-eabi/lib/thumb/v7-m/nofp\libc_nano.a(lib_a-findfp.o)
                0x080081e8                __sf_fake_stderr
 .rodata.__sf_fake_stdin
                0x08008208       0x20 d:/10 2021.10/bin/../lib/gcc/arm-none-eabi/10.3.1/../../../../arm-none-eabi/lib/thumb/v7-m/nofp\libc_nano.a(lib_a-findfp.o)
                0x08008208                __sf_fake_stdin
 .rodata.__sf_fake_stdout
                0x08008228       0x20 d:/10 2021.10/bin/../lib/gcc/arm-none-eabi/10.3.1/../../../../arm-none-eabi/lib/thumb/v7-m/nofp\libc_nano.a(lib_a-findfp.o)
                0x08008228                __sf_fake_stdout
 .rodata._vfprintf_r.str1.1
                0x08008248       0x11 d:/10 2021.10/bin/../lib/gcc/arm-none-eabi/10.3.1/../../../../arm-none-eabi/lib/thumb/v7-m/nofp\libc_nano.a(lib_a-nano-vfprintf.o)
                0x0800825c                . = ALIGN (0x4)

.rel.dyn        0x08008248        0x0
 .rel.iplt      0x08008248        0x0 d:/10 2021.10/bin/../lib/gcc/arm-none-eabi/10.3.1/thumb/v7-m/nofp/crtbegin.o

.ARM.extab
 *(.ARM.extab* .gnu.linkonce.armextab.*)

.ARM            0x08008248        0x0
                0x08008248                __exidx_start = .
 *(.ARM.exidx*)
                0x08008248                __exidx_end = .

.preinit_array  0x08008248        0x0
                0x08008248                PROVIDE (__preinit_array_start = .)
 *(.preinit_array*)
                0x08008248                PROVIDE (__preinit_array_end = .)

.init_array     0x08008248        0x4
                0x08008248                PROVIDE (__init_array_start = .)
 *(SORT_BY_NAME(.init_array.*))
 *(.init_array*)
 .init_array    0x08008248        0x4 d:/10 2021.10/bin/../lib/gcc/arm-none-eabi/10.3.1/thumb/v7-m/nofp/crtbegin.o
                0x0800824c                PROVIDE (__init_array_end = .)

.fini_array     0x0800824c        0x4
                [!provide]                PROVIDE (__fini_array_start = .)
 *(SORT_BY_NAME(.fini_array.*))
 *(.fini_array*)
 .fini_array    0x0800824c        0x4 d:/10 2021.10/bin/../lib/gcc/arm-none-eabi/10.3.1/thumb/v7-m/nofp/crtbegin.o
                [!provide]                PROVIDE (__fini_array_end = .)
                0x08008250                _sidata = LOADADDR (.data)

.data           0x20000000      0x1ec load address 0x08008250
                0x20000000                . = ALIGN (0x4)
                0x20000000                _sdata = .
 *(.data)
 *(.data*)
 .data.humi     0x20000000        0x4 build/main.o
                0x20000000                humi
 .data.temp     0x20000004        0x4 build/main.o
                0x20000004                temp
 .data.uwTickFreq
                0x20000008        0x1 build/stm32f1xx_hal.o
                0x20000008                uwTickFreq
 *fill*         0x20000009        0x3 
 .data.uwTickPrio
                0x2000000c        0x4 build/stm32f1xx_hal.o
                0x2000000c                uwTickPrio
 .data.SystemCoreClock
                0x20000010        0x4 build/system_stm32f1xx.o
                0x20000010                SystemCoreClock
 .data.uxCriticalNesting
                0x20000014        0x4 build/port.o
 .data._impure_ptr
                0x20000018        0x4 d:/10 2021.10/bin/../lib/gcc/arm-none-eabi/10.3.1/../../../../arm-none-eabi/lib/thumb/v7-m/nofp\libc_nano.a(lib_a-impure.o)
                0x20000018                _impure_ptr
 .data.impure_data
                0x2000001c       0x60 d:/10 2021.10/bin/../lib/gcc/arm-none-eabi/10.3.1/../../../../arm-none-eabi/lib/thumb/v7-m/nofp\libc_nano.a(lib_a-impure.o)
 .data.numempty
                0x2000007c        0x2 d:/10 2021.10/bin/../lib/gcc/arm-none-eabi/10.3.1/../../../../arm-none-eabi/lib/thumb/v7-m/nofp\libc_nano.a(lib_a-lnumeric.o)
 *fill*         0x2000007e        0x2 
 .data.__global_locale
                0x20000080      0x16c d:/10 2021.10/bin/../lib/gcc/arm-none-eabi/10.3.1/../../../../arm-none-eabi/lib/thumb/v7-m/nofp\libc_nano.a(lib_a-locale.o)
                0x20000080                __global_locale
                0x200001ec                . = ALIGN (0x4)
                0x200001ec                _edata = .

.igot.plt       0x200001ec        0x0 load address 0x0800843c
 .igot.plt      0x200001ec        0x0 d:/10 2021.10/bin/../lib/gcc/arm-none-eabi/10.3.1/thumb/v7-m/nofp/crtbegin.o
                0x200001ec                . = ALIGN (0x4)

.bss            0x200001ec     0x1118 load address 0x0800843c
                0x200001ec                _sbss = .
                0x200001ec                __bss_start__ = _sbss
 *(.bss)
 .bss           0x200001ec       0x1c d:/10 2021.10/bin/../lib/gcc/arm-none-eabi/10.3.1/thumb/v7-m/nofp/crtbegin.o
 *(.bss*)
 .bss.DataSemHandle
                0x20000208        0x4 build/main.o
                0x20000208                DataSemHandle
 .bss.IRQSemHandle
                0x2000020c        0x4 build/main.o
                0x2000020c                IRQSemHandle
 .bss.Mode      0x20000210        0x4 build/main.o
                0x20000210                Mode
 .bss.PC_rota   0x20000214        0x4 build/main.o
                0x20000214                PC_rota
 .bss.PC_threshold
                0x20000218        0x4 build/main.o
                0x20000218                PC_threshold
 .bss.Rx_data   0x2000021c        0x1 build/main.o
                0x2000021c                Rx_data
 *fill*         0x2000021d        0x3 
 .bss.Rx_index  0x20000220        0x4 build/main.o
                0x20000220                Rx_index
 .bss.SensorSemHandle
                0x20000224        0x4 build/main.o
                0x20000224                SensorSemHandle
 .bss.ServoSemHandle
                0x20000228        0x4 build/main.o
                0x20000228                ServoSemHandle
 .bss.Task1Handle
                0x2000022c        0x4 build/main.o
                0x2000022c                Task1Handle
 .bss.Task2Handle
                0x20000230        0x4 build/main.o
                0x20000230                Task2Handle
 .bss.Task3Handle
                0x20000234        0x4 build/main.o
                0x20000234                Task3Handle
 .bss.Task4Handle
                0x20000238        0x4 build/main.o
                0x20000238                Task4Handle
 .bss.buf_humi  0x2000023c       0x14 build/main.o
                0x2000023c                buf_humi
 .bss.buf_temp  0x20000250       0x14 build/main.o
                0x20000250                buf_temp
 .bss.buffer_data
                0x20000264       0x32 build/main.o
                0x20000264                buffer_data
 *fill*         0x20000296        0x2 
 .bss.huart3    0x20000298       0x44 build/main.o
                0x20000298                huart3
 .bss.label_thres
                0x200002dc        0xa build/main.o
                0x200002dc                label_thres
 *fill*         0x200002e6        0x2 
 .bss.rota      0x200002e8       0x14 build/main.o
                0x200002e8                rota
 .bss.str_thres
                0x200002fc        0x5 build/main.o
                0x200002fc                str_thres
 *fill*         0x20000301        0x3 
 .bss.xIdleStack
                0x20000304      0x200 build/freertos.o
 .bss.xIdleTaskTCBBuffer
                0x20000504       0x54 build/freertos.o
 .bss.htim1     0x20000558       0x48 build/stm32f1xx_hal_timebase_tim.o
                0x20000558                htim1
 .bss.uwTick    0x200005a0        0x4 build/stm32f1xx_hal.o
                0x200005a0                uwTick
 .bss.pxCurrentTCB
                0x200005a4        0x4 build/tasks.o
                0x200005a4                pxCurrentTCB
 .bss.pxDelayedTaskList
                0x200005a8        0x4 build/tasks.o
 .bss.pxOverflowDelayedTaskList
                0x200005ac        0x4 build/tasks.o
 .bss.pxReadyTasksLists
                0x200005b0       0x8c build/tasks.o
 .bss.uxCurrentNumberOfTasks
                0x2000063c        0x4 build/tasks.o
 .bss.uxDeletedTasksWaitingCleanUp
                0x20000640        0x4 build/tasks.o
 .bss.uxPendedTicks
                0x20000644        0x4 build/tasks.o
 .bss.uxSchedulerSuspended
                0x20000648        0x4 build/tasks.o
 .bss.uxTaskNumber
                0x2000064c        0x4 build/tasks.o
 .bss.uxTopReadyPriority
                0x20000650        0x4 build/tasks.o
 .bss.xDelayedTaskList1
                0x20000654       0x14 build/tasks.o
 .bss.xDelayedTaskList2
                0x20000668       0x14 build/tasks.o
 .bss.xIdleTaskHandle
                0x2000067c        0x4 build/tasks.o
 .bss.xNextTaskUnblockTime
                0x20000680        0x4 build/tasks.o
 .bss.xNumOfOverflows
                0x20000684        0x4 build/tasks.o
 .bss.xPendingReadyList
                0x20000688       0x14 build/tasks.o
 .bss.xSchedulerRunning
                0x2000069c        0x4 build/tasks.o
 .bss.xSuspendedTaskList
                0x200006a0       0x14 build/tasks.o
 .bss.xTasksWaitingTermination
                0x200006b4       0x14 build/tasks.o
 .bss.xTickCount
                0x200006c8        0x4 build/tasks.o
 .bss.xYieldPending
                0x200006cc        0x4 build/tasks.o
 .bss.pxEnd     0x200006d0        0x4 build/heap_4.o
 .bss.ucHeap    0x200006d4      0xc00 build/heap_4.o
 .bss.xBlockAllocatedBit
                0x200012d4        0x4 build/heap_4.o
 .bss.xFreeBytesRemaining
                0x200012d8        0x4 build/heap_4.o
 .bss.xMinimumEverFreeBytesRemaining
                0x200012dc        0x4 build/heap_4.o
 .bss.xStart    0x200012e0        0x8 build/heap_4.o
 .bss.ucMaxSysCallPriority
                0x200012e8        0x1 build/port.o
 *fill*         0x200012e9        0x3 
 .bss.ulMaxPRIGROUPValue
                0x200012ec        0x4 build/port.o
 .bss.__malloc_free_list
                0x200012f0        0x4 d:/10 2021.10/bin/../lib/gcc/arm-none-eabi/10.3.1/../../../../arm-none-eabi/lib/thumb/v7-m/nofp\libc_nano.a(lib_a-nano-mallocr.o)
                0x200012f0                __malloc_free_list
 .bss.__malloc_sbrk_start
                0x200012f4        0x4 d:/10 2021.10/bin/../lib/gcc/arm-none-eabi/10.3.1/../../../../arm-none-eabi/lib/thumb/v7-m/nofp\libc_nano.a(lib_a-nano-mallocr.o)
                0x200012f4                __malloc_sbrk_start
 .bss.errno     0x200012f8        0x4 d:/10 2021.10/bin/../lib/gcc/arm-none-eabi/10.3.1/../../../../arm-none-eabi/lib/thumb/v7-m/nofp\libc_nano.a(lib_a-reent.o)
                0x200012f8                errno
 .bss.__lock___malloc_recursive_mutex
                0x200012fc        0x1 d:/10 2021.10/bin/../lib/gcc/arm-none-eabi/10.3.1/../../../../arm-none-eabi/lib/thumb/v7-m/nofp\libc_nano.a(lib_a-lock.o)
                0x200012fc                __lock___malloc_recursive_mutex
 .bss.__lock___sfp_recursive_mutex
                0x200012fd        0x1 d:/10 2021.10/bin/../lib/gcc/arm-none-eabi/10.3.1/../../../../arm-none-eabi/lib/thumb/v7-m/nofp\libc_nano.a(lib_a-lock.o)
                0x200012fd                __lock___sfp_recursive_mutex
 .bss.__lock___sinit_recursive_mutex
                0x200012fe        0x1 d:/10 2021.10/bin/../lib/gcc/arm-none-eabi/10.3.1/../../../../arm-none-eabi/lib/thumb/v7-m/nofp\libc_nano.a(lib_a-lock.o)
                0x200012fe                __lock___sinit_recursive_mutex
 *fill*         0x200012ff        0x1 
 .bss.heap_end.0
                0x20001300        0x4 d:/10 2021.10/bin/../lib/gcc/arm-none-eabi/10.3.1/../../../../arm-none-eabi/lib/thumb/v7-m/nofp\libnosys.a(sbrk.o)
 *(COMMON)
                0x20001304                . = ALIGN (0x4)
                0x20001304                _ebss = .
                0x20001304                __bss_end__ = _ebss

._user_heap_stack
                0x20001304      0x604 load address 0x0800843c
                0x20001308                . = ALIGN (0x8)
 *fill*         0x20001304        0x4 
                0x20001308                PROVIDE (end = .)
                [!provide]                PROVIDE (_end = .)
                0x20001508                . = (. + _Min_Heap_Size)
 *fill*         0x20001308      0x200 
                0x20001908                . = (. + _Min_Stack_Size)
 *fill*         0x20001508      0x400 
                0x20001908                . = ALIGN (0x8)

/DISCARD/
 libc.a(*)
 libm.a(*)
 libgcc.a(*)

.ARM.attributes
                0x00000000       0x29
 *(.ARM.attributes)
 .ARM.attributes
                0x00000000       0x1d d:/10 2021.10/bin/../lib/gcc/arm-none-eabi/10.3.1/thumb/v7-m/nofp/crti.o
 .ARM.attributes
                0x0000001d       0x2d d:/10 2021.10/bin/../lib/gcc/arm-none-eabi/10.3.1/thumb/v7-m/nofp/crtbegin.o
 .ARM.attributes
                0x0000004a       0x2d build/main.o
 .ARM.attributes
                0x00000077       0x2d build/freertos.o
 .ARM.attributes
                0x000000a4       0x2d build/stm32f1xx_it.o
 .ARM.attributes
                0x000000d1       0x2d build/stm32f1xx_hal_msp.o
 .ARM.attributes
                0x000000fe       0x2d build/stm32f1xx_hal_timebase_tim.o
 .ARM.attributes
                0x0000012b       0x2d build/stm32f1xx_hal.o
 .ARM.attributes
                0x00000158       0x2d build/stm32f1xx_hal_rcc.o
 .ARM.attributes
                0x00000185       0x2d build/stm32f1xx_hal_gpio.o
 .ARM.attributes
                0x000001b2       0x2d build/stm32f1xx_hal_dma.o
 .ARM.attributes
                0x000001df       0x2d build/stm32f1xx_hal_cortex.o
 .ARM.attributes
                0x0000020c       0x2d build/stm32f1xx_hal_tim.o
 .ARM.attributes
                0x00000239       0x2d build/stm32f1xx_hal_tim_ex.o
 .ARM.attributes
                0x00000266       0x2d build/stm32f1xx_hal_uart.o
 .ARM.attributes
                0x00000293       0x2d build/system_stm32f1xx.o
 .ARM.attributes
                0x000002c0       0x2d build/list.o
 .ARM.attributes
                0x000002ed       0x2d build/queue.o
 .ARM.attributes
                0x0000031a       0x2d build/tasks.o
 .ARM.attributes
                0x00000347       0x2d build/cmsis_os.o
 .ARM.attributes
                0x00000374       0x2d build/heap_4.o
 .ARM.attributes
                0x000003a1       0x2d build/port.o
 .ARM.attributes
                0x000003ce       0x21 build/startup_stm32f103xb.o
 .ARM.attributes
                0x000003ef       0x2d d:/10 2021.10/bin/../lib/gcc/arm-none-eabi/10.3.1/../../../../arm-none-eabi/lib/thumb/v7-m/nofp\libc_nano.a(lib_a-atof.o)
 .ARM.attributes
                0x0000041c       0x2d d:/10 2021.10/bin/../lib/gcc/arm-none-eabi/10.3.1/../../../../arm-none-eabi/lib/thumb/v7-m/nofp\libc_nano.a(lib_a-impure.o)
 .ARM.attributes
                0x00000449       0x2d d:/10 2021.10/bin/../lib/gcc/arm-none-eabi/10.3.1/../../../../arm-none-eabi/lib/thumb/v7-m/nofp\libc_nano.a(lib_a-init.o)
 .ARM.attributes
                0x00000476       0x2d d:/10 2021.10/bin/../lib/gcc/arm-none-eabi/10.3.1/../../../../arm-none-eabi/lib/thumb/v7-m/nofp\libc_nano.a(lib_a-memcpy-stub.o)
 .ARM.attributes
                0x000004a3       0x2d d:/10 2021.10/bin/../lib/gcc/arm-none-eabi/10.3.1/../../../../arm-none-eabi/lib/thumb/v7-m/nofp\libc_nano.a(lib_a-memset.o)
 .ARM.attributes
                0x000004d0       0x2d d:/10 2021.10/bin/../lib/gcc/arm-none-eabi/10.3.1/../../../../arm-none-eabi/lib/thumb/v7-m/nofp\libc_nano.a(lib_a-sprintf.o)
 .ARM.attributes
                0x000004fd       0x2d d:/10 2021.10/bin/../lib/gcc/arm-none-eabi/10.3.1/../../../../arm-none-eabi/lib/thumb/v7-m/nofp\libc_nano.a(lib_a-sscanf.o)
 .ARM.attributes
                0x0000052a       0x2d d:/10 2021.10/bin/../lib/gcc/arm-none-eabi/10.3.1/../../../../arm-none-eabi/lib/thumb/v7-m/nofp\libc_nano.a(lib_a-stdio.o)
 .ARM.attributes
                0x00000557       0x2d d:/10 2021.10/bin/../lib/gcc/arm-none-eabi/10.3.1/../../../../arm-none-eabi/lib/thumb/v7-m/nofp\libc_nano.a(lib_a-strcat.o)
 .ARM.attributes
                0x00000584       0x1b d:/10 2021.10/bin/../lib/gcc/arm-none-eabi/10.3.1/../../../../arm-none-eabi/lib/thumb/v7-m/nofp\libc_nano.a(lib_a-strcmp.o)
 .ARM.attributes
                0x0000059f       0x17 d:/10 2021.10/bin/../lib/gcc/arm-none-eabi/10.3.1/../../../../arm-none-eabi/lib/thumb/v7-m/nofp\libc_nano.a(lib_a-strlen.o)
 .ARM.attributes
                0x000005b6       0x2d d:/10 2021.10/bin/../lib/gcc/arm-none-eabi/10.3.1/../../../../arm-none-eabi/lib/thumb/v7-m/nofp\libc_nano.a(lib_a-strncmp.o)
 .ARM.attributes
                0x000005e3       0x2d d:/10 2021.10/bin/../lib/gcc/arm-none-eabi/10.3.1/../../../../arm-none-eabi/lib/thumb/v7-m/nofp\libc_nano.a(lib_a-strtod.o)
 .ARM.attributes
                0x00000610       0x2d d:/10 2021.10/bin/../lib/gcc/arm-none-eabi/10.3.1/../../../../arm-none-eabi/lib/thumb/v7-m/nofp\libc_nano.a(lib_a-writer.o)
 .ARM.attributes
                0x0000063d       0x2d d:/10 2021.10/bin/../lib/gcc/arm-none-eabi/10.3.1/../../../../arm-none-eabi/lib/thumb/v7-m/nofp\libc_nano.a(lib_a-closer.o)
 .ARM.attributes
                0x0000066a       0x2d d:/10 2021.10/bin/../lib/gcc/arm-none-eabi/10.3.1/../../../../arm-none-eabi/lib/thumb/v7-m/nofp\libc_nano.a(lib_a-gdtoa-gethex.o)
 .ARM.attributes
                0x00000697       0x2d d:/10 2021.10/bin/../lib/gcc/arm-none-eabi/10.3.1/../../../../arm-none-eabi/lib/thumb/v7-m/nofp\libc_nano.a(lib_a-gdtoa-hexnan.o)
 .ARM.attributes
                0x000006c4       0x2d d:/10 2021.10/bin/../lib/gcc/arm-none-eabi/10.3.1/../../../../arm-none-eabi/lib/thumb/v7-m/nofp\libc_nano.a(lib_a-lnumeric.o)
 .ARM.attributes
                0x000006f1       0x2d d:/10 2021.10/bin/../lib/gcc/arm-none-eabi/10.3.1/../../../../arm-none-eabi/lib/thumb/v7-m/nofp\libc_nano.a(lib_a-locale.o)
 .ARM.attributes
                0x0000071e       0x2d d:/10 2021.10/bin/../lib/gcc/arm-none-eabi/10.3.1/../../../../arm-none-eabi/lib/thumb/v7-m/nofp\libc_nano.a(lib_a-lseekr.o)
 .ARM.attributes
                0x0000074b       0x2d d:/10 2021.10/bin/../lib/gcc/arm-none-eabi/10.3.1/../../../../arm-none-eabi/lib/thumb/v7-m/nofp\libc_nano.a(lib_a-mbtowc_r.o)
 .ARM.attributes
                0x00000778       0x2d d:/10 2021.10/bin/../lib/gcc/arm-none-eabi/10.3.1/../../../../arm-none-eabi/lib/thumb/v7-m/nofp\libc_nano.a(lib_a-mprec.o)
 .ARM.attributes
                0x000007a5       0x2d d:/10 2021.10/bin/../lib/gcc/arm-none-eabi/10.3.1/../../../../arm-none-eabi/lib/thumb/v7-m/nofp\libc_nano.a(lib_a-nano-callocr.o)
 .ARM.attributes
                0x000007d2       0x2d d:/10 2021.10/bin/../lib/gcc/arm-none-eabi/10.3.1/../../../../arm-none-eabi/lib/thumb/v7-m/nofp\libc_nano.a(lib_a-nano-mallocr.o)
 .ARM.attributes
                0x000007ff       0x2d d:/10 2021.10/bin/../lib/gcc/arm-none-eabi/10.3.1/../../../../arm-none-eabi/lib/thumb/v7-m/nofp\libc_nano.a(lib_a-nano-svfprintf.o)
 .ARM.attributes
                0x0000082c       0x2d d:/10 2021.10/bin/../lib/gcc/arm-none-eabi/10.3.1/../../../../arm-none-eabi/lib/thumb/v7-m/nofp\libc_nano.a(lib_a-nano-svfscanf.o)
 .ARM.attributes
                0x00000859       0x2d d:/10 2021.10/bin/../lib/gcc/arm-none-eabi/10.3.1/../../../../arm-none-eabi/lib/thumb/v7-m/nofp\libc_nano.a(lib_a-nano-vfprintf_i.o)
 .ARM.attributes
                0x00000886       0x2d d:/10 2021.10/bin/../lib/gcc/arm-none-eabi/10.3.1/../../../../arm-none-eabi/lib/thumb/v7-m/nofp\libc_nano.a(lib_a-nano-vfscanf_i.o)
 .ARM.attributes
                0x000008b3       0x2d d:/10 2021.10/bin/../lib/gcc/arm-none-eabi/10.3.1/../../../../arm-none-eabi/lib/thumb/v7-m/nofp\libc_nano.a(lib_a-readr.o)
 .ARM.attributes
                0x000008e0       0x2d d:/10 2021.10/bin/../lib/gcc/arm-none-eabi/10.3.1/../../../../arm-none-eabi/lib/thumb/v7-m/nofp\libc_nano.a(lib_a-reent.o)
 .ARM.attributes
                0x0000090d       0x2d d:/10 2021.10/bin/../lib/gcc/arm-none-eabi/10.3.1/../../../../arm-none-eabi/lib/thumb/v7-m/nofp\libc_nano.a(lib_a-s_nan.o)
 .ARM.attributes
                0x0000093a       0x2d d:/10 2021.10/bin/../lib/gcc/arm-none-eabi/10.3.1/../../../../arm-none-eabi/lib/thumb/v7-m/nofp\libc_nano.a(lib_a-sbrkr.o)
 .ARM.attributes
                0x00000967       0x2d d:/10 2021.10/bin/../lib/gcc/arm-none-eabi/10.3.1/../../../../arm-none-eabi/lib/thumb/v7-m/nofp\libc_nano.a(lib_a-sccl.o)
 .ARM.attributes
                0x00000994       0x2d d:/10 2021.10/bin/../lib/gcc/arm-none-eabi/10.3.1/../../../../arm-none-eabi/lib/thumb/v7-m/nofp\libc_nano.a(lib_a-strtol.o)
 .ARM.attributes
                0x000009c1       0x2d d:/10 2021.10/bin/../lib/gcc/arm-none-eabi/10.3.1/../../../../arm-none-eabi/lib/thumb/v7-m/nofp\libc_nano.a(lib_a-strtoul.o)
 .ARM.attributes
                0x000009ee       0x2d d:/10 2021.10/bin/../lib/gcc/arm-none-eabi/10.3.1/../../../../arm-none-eabi/lib/thumb/v7-m/nofp\libc_nano.a(lib_a-ungetc.o)
 .ARM.attributes
                0x00000a1b       0x2d d:/10 2021.10/bin/../lib/gcc/arm-none-eabi/10.3.1/../../../../arm-none-eabi/lib/thumb/v7-m/nofp\libc_nano.a(lib_a-wctomb_r.o)
 .ARM.attributes
                0x00000a48       0x2d d:/10 2021.10/bin/../lib/gcc/arm-none-eabi/10.3.1/../../../../arm-none-eabi/lib/thumb/v7-m/nofp\libc_nano.a(lib_a-assert.o)
 .ARM.attributes
                0x00000a75       0x2d d:/10 2021.10/bin/../lib/gcc/arm-none-eabi/10.3.1/../../../../arm-none-eabi/lib/thumb/v7-m/nofp\libc_nano.a(lib_a-ctype_.o)
 .ARM.attributes
                0x00000aa2       0x2d d:/10 2021.10/bin/../lib/gcc/arm-none-eabi/10.3.1/../../../../arm-none-eabi/lib/thumb/v7-m/nofp\libc_nano.a(lib_a-errno.o)
 .ARM.attributes
                0x00000acf       0x2d d:/10 2021.10/bin/../lib/gcc/arm-none-eabi/10.3.1/../../../../arm-none-eabi/lib/thumb/v7-m/nofp\libc_nano.a(lib_a-fflush.o)
 .ARM.attributes
                0x00000afc       0x2d d:/10 2021.10/bin/../lib/gcc/arm-none-eabi/10.3.1/../../../../arm-none-eabi/lib/thumb/v7-m/nofp\libc_nano.a(lib_a-findfp.o)
 .ARM.attributes
                0x00000b29       0x2d d:/10 2021.10/bin/../lib/gcc/arm-none-eabi/10.3.1/../../../../arm-none-eabi/lib/thumb/v7-m/nofp\libc_nano.a(lib_a-fprintf.o)
 .ARM.attributes
                0x00000b56       0x2d d:/10 2021.10/bin/../lib/gcc/arm-none-eabi/10.3.1/../../../../arm-none-eabi/lib/thumb/v7-m/nofp\libc_nano.a(lib_a-fwalk.o)
 .ARM.attributes
                0x00000b83       0x2d d:/10 2021.10/bin/../lib/gcc/arm-none-eabi/10.3.1/../../../../arm-none-eabi/lib/thumb/v7-m/nofp\libc_nano.a(lib_a-lock.o)
 .ARM.attributes
                0x00000bb0       0x2d d:/10 2021.10/bin/../lib/gcc/arm-none-eabi/10.3.1/../../../../arm-none-eabi/lib/thumb/v7-m/nofp\libc_nano.a(lib_a-malloc.o)
 .ARM.attributes
                0x00000bdd       0x2d d:/10 2021.10/bin/../lib/gcc/arm-none-eabi/10.3.1/../../../../arm-none-eabi/lib/thumb/v7-m/nofp\libc_nano.a(lib_a-memchr-stub.o)
 .ARM.attributes
                0x00000c0a       0x2d d:/10 2021.10/bin/../lib/gcc/arm-none-eabi/10.3.1/../../../../arm-none-eabi/lib/thumb/v7-m/nofp\libc_nano.a(lib_a-memmove.o)
 .ARM.attributes
                0x00000c37       0x2d d:/10 2021.10/bin/../lib/gcc/arm-none-eabi/10.3.1/../../../../arm-none-eabi/lib/thumb/v7-m/nofp\libc_nano.a(lib_a-mlock.o)
 .ARM.attributes
                0x00000c64       0x2d d:/10 2021.10/bin/../lib/gcc/arm-none-eabi/10.3.1/../../../../arm-none-eabi/lib/thumb/v7-m/nofp\libc_nano.a(lib_a-nano-freer.o)
 .ARM.attributes
                0x00000c91       0x2d d:/10 2021.10/bin/../lib/gcc/arm-none-eabi/10.3.1/../../../../arm-none-eabi/lib/thumb/v7-m/nofp\libc_nano.a(lib_a-nano-reallocr.o)
 .ARM.attributes
                0x00000cbe       0x2d d:/10 2021.10/bin/../lib/gcc/arm-none-eabi/10.3.1/../../../../arm-none-eabi/lib/thumb/v7-m/nofp\libc_nano.a(lib_a-nano-vfprintf.o)
 .ARM.attributes
                0x00000ceb       0x2d d:/10 2021.10/bin/../lib/gcc/arm-none-eabi/10.3.1/../../../../arm-none-eabi/lib/thumb/v7-m/nofp\libc_nano.a(lib_a-wbuf.o)
 .ARM.attributes
                0x00000d18       0x2d d:/10 2021.10/bin/../lib/gcc/arm-none-eabi/10.3.1/../../../../arm-none-eabi/lib/thumb/v7-m/nofp\libc_nano.a(lib_a-wsetup.o)
 .ARM.attributes
                0x00000d45       0x2d d:/10 2021.10/bin/../lib/gcc/arm-none-eabi/10.3.1/../../../../arm-none-eabi/lib/thumb/v7-m/nofp\libc_nano.a(lib_a-abort.o)
 .ARM.attributes
                0x00000d72       0x2d d:/10 2021.10/bin/../lib/gcc/arm-none-eabi/10.3.1/../../../../arm-none-eabi/lib/thumb/v7-m/nofp\libc_nano.a(lib_a-makebuf.o)
 .ARM.attributes
                0x00000d9f       0x2d d:/10 2021.10/bin/../lib/gcc/arm-none-eabi/10.3.1/../../../../arm-none-eabi/lib/thumb/v7-m/nofp\libc_nano.a(lib_a-nano-msizer.o)
 .ARM.attributes
                0x00000dcc       0x2d d:/10 2021.10/bin/../lib/gcc/arm-none-eabi/10.3.1/../../../../arm-none-eabi/lib/thumb/v7-m/nofp\libc_nano.a(lib_a-signal.o)
 .ARM.attributes
                0x00000df9       0x2d d:/10 2021.10/bin/../lib/gcc/arm-none-eabi/10.3.1/../../../../arm-none-eabi/lib/thumb/v7-m/nofp\libc_nano.a(lib_a-signalr.o)
 .ARM.attributes
                0x00000e26       0x2d d:/10 2021.10/bin/../lib/gcc/arm-none-eabi/10.3.1/../../../../arm-none-eabi/lib/thumb/v7-m/nofp\libc_nano.a(lib_a-fstatr.o)
 .ARM.attributes
                0x00000e53       0x2d d:/10 2021.10/bin/../lib/gcc/arm-none-eabi/10.3.1/../../../../arm-none-eabi/lib/thumb/v7-m/nofp\libc_nano.a(lib_a-isattyr.o)
 .ARM.attributes
                0x00000e80       0x2d d:/10 2021.10/bin/../lib/gcc/arm-none-eabi/10.3.1/../../../../arm-none-eabi/lib/thumb/v7-m/nofp\libnosys.a(close.o)
 .ARM.attributes
                0x00000ead       0x2d d:/10 2021.10/bin/../lib/gcc/arm-none-eabi/10.3.1/../../../../arm-none-eabi/lib/thumb/v7-m/nofp\libnosys.a(fstat.o)
 .ARM.attributes
                0x00000eda       0x2d d:/10 2021.10/bin/../lib/gcc/arm-none-eabi/10.3.1/../../../../arm-none-eabi/lib/thumb/v7-m/nofp\libnosys.a(getpid.o)
 .ARM.attributes
                0x00000f07       0x2d d:/10 2021.10/bin/../lib/gcc/arm-none-eabi/10.3.1/../../../../arm-none-eabi/lib/thumb/v7-m/nofp\libnosys.a(isatty.o)
 .ARM.attributes
                0x00000f34       0x2d d:/10 2021.10/bin/../lib/gcc/arm-none-eabi/10.3.1/../../../../arm-none-eabi/lib/thumb/v7-m/nofp\libnosys.a(kill.o)
 .ARM.attributes
                0x00000f61       0x2d d:/10 2021.10/bin/../lib/gcc/arm-none-eabi/10.3.1/../../../../arm-none-eabi/lib/thumb/v7-m/nofp\libnosys.a(lseek.o)
 .ARM.attributes
                0x00000f8e       0x2d d:/10 2021.10/bin/../lib/gcc/arm-none-eabi/10.3.1/../../../../arm-none-eabi/lib/thumb/v7-m/nofp\libnosys.a(read.o)
 .ARM.attributes
                0x00000fbb       0x2d d:/10 2021.10/bin/../lib/gcc/arm-none-eabi/10.3.1/../../../../arm-none-eabi/lib/thumb/v7-m/nofp\libnosys.a(sbrk.o)
 .ARM.attributes
                0x00000fe8       0x2d d:/10 2021.10/bin/../lib/gcc/arm-none-eabi/10.3.1/../../../../arm-none-eabi/lib/thumb/v7-m/nofp\libnosys.a(write.o)
 .ARM.attributes
                0x00001015       0x2d d:/10 2021.10/bin/../lib/gcc/arm-none-eabi/10.3.1/../../../../arm-none-eabi/lib/thumb/v7-m/nofp\libnosys.a(_exit.o)
 .ARM.attributes
                0x00001042       0x1d d:/10 2021.10/bin/../lib/gcc/arm-none-eabi/10.3.1/thumb/v7-m/nofp\libgcc.a(_arm_addsubdf3.o)
 .ARM.attributes
                0x0000105f       0x1d d:/10 2021.10/bin/../lib/gcc/arm-none-eabi/10.3.1/thumb/v7-m/nofp\libgcc.a(_arm_muldivdf3.o)
 .ARM.attributes
                0x0000107c       0x1d d:/10 2021.10/bin/../lib/gcc/arm-none-eabi/10.3.1/thumb/v7-m/nofp\libgcc.a(_arm_cmpdf2.o)
 .ARM.attributes
                0x00001099       0x1d d:/10 2021.10/bin/../lib/gcc/arm-none-eabi/10.3.1/thumb/v7-m/nofp\libgcc.a(_arm_fixdfsi.o)
 .ARM.attributes
                0x000010b6       0x1d d:/10 2021.10/bin/../lib/gcc/arm-none-eabi/10.3.1/thumb/v7-m/nofp\libgcc.a(_arm_fixunsdfsi.o)
 .ARM.attributes
                0x000010d3       0x1d d:/10 2021.10/bin/../lib/gcc/arm-none-eabi/10.3.1/thumb/v7-m/nofp\libgcc.a(_arm_truncdfsf2.o)
 .ARM.attributes
                0x000010f0       0x2d d:/10 2021.10/bin/../lib/gcc/arm-none-eabi/10.3.1/thumb/v7-m/nofp\libgcc.a(_fixdfdi.o)
 .ARM.attributes
                0x0000111d       0x2d d:/10 2021.10/bin/../lib/gcc/arm-none-eabi/10.3.1/thumb/v7-m/nofp\libgcc.a(_fixunsdfdi.o)
 .ARM.attributes
                0x0000114a       0x1d d:/10 2021.10/bin/../lib/gcc/arm-none-eabi/10.3.1/thumb/v7-m/nofp/crtn.o
OUTPUT(build/RTOS.elf elf32-littlearm)
LOAD linker stubs
LOAD d:/10 2021.10/bin/../lib/gcc/arm-none-eabi/10.3.1/../../../../arm-none-eabi/lib/thumb/v7-m/nofp\libc.a
LOAD d:/10 2021.10/bin/../lib/gcc/arm-none-eabi/10.3.1/../../../../arm-none-eabi/lib/thumb/v7-m/nofp\libm.a
LOAD d:/10 2021.10/bin/../lib/gcc/arm-none-eabi/10.3.1/thumb/v7-m/nofp\libgcc.a

.debug_info     0x00000000    0x16876
 .debug_info    0x00000000     0x1d48 build/main.o
 .debug_info    0x00001d48      0x2ab build/freertos.o
 .debug_info    0x00001ff3      0xa2d build/stm32f1xx_it.o
 .debug_info    0x00002a20      0xb09 build/stm32f1xx_hal_msp.o
 .debug_info    0x00003529      0xac4 build/stm32f1xx_hal_timebase_tim.o
 .debug_info    0x00003fed      0x855 build/stm32f1xx_hal.o
 .debug_info    0x00004842      0xaec build/stm32f1xx_hal_rcc.o
 .debug_info    0x0000532e      0x6d7 build/stm32f1xx_hal_gpio.o
 .debug_info    0x00005a05      0x8bb build/stm32f1xx_hal_dma.o
 .debug_info    0x000062c0      0xe2d build/stm32f1xx_hal_cortex.o
 .debug_info    0x000070ed     0x3df8 build/stm32f1xx_hal_tim.o
 .debug_info    0x0000aee5     0x1b67 build/stm32f1xx_hal_tim_ex.o
 .debug_info    0x0000ca4c     0x1e12 build/stm32f1xx_hal_uart.o
 .debug_info    0x0000e85e      0x26e build/system_stm32f1xx.o
 .debug_info    0x0000eacc      0x309 build/list.o
 .debug_info    0x0000edd5     0x2322 build/queue.o
 .debug_info    0x000110f7     0x2974 build/tasks.o
 .debug_info    0x00013a6b     0x23e5 build/cmsis_os.o
 .debug_info    0x00015e50      0x49b build/heap_4.o
 .debug_info    0x000162eb      0x569 build/port.o
 .debug_info    0x00016854       0x22 build/startup_stm32f103xb.o

.debug_abbrev   0x00000000     0x2f65
 .debug_abbrev  0x00000000      0x310 build/main.o
 .debug_abbrev  0x00000310       0xcc build/freertos.o
 .debug_abbrev  0x000003dc      0x17c build/stm32f1xx_it.o
 .debug_abbrev  0x00000558      0x1c7 build/stm32f1xx_hal_msp.o
 .debug_abbrev  0x0000071f      0x1ef build/stm32f1xx_hal_timebase_tim.o
 .debug_abbrev  0x0000090e      0x1f7 build/stm32f1xx_hal.o
 .debug_abbrev  0x00000b05      0x29a build/stm32f1xx_hal_rcc.o
 .debug_abbrev  0x00000d9f      0x222 build/stm32f1xx_hal_gpio.o
 .debug_abbrev  0x00000fc1      0x244 build/stm32f1xx_hal_dma.o
 .debug_abbrev  0x00001205      0x359 build/stm32f1xx_hal_cortex.o
 .debug_abbrev  0x0000155e      0x296 build/stm32f1xx_hal_tim.o
 .debug_abbrev  0x000017f4      0x298 build/stm32f1xx_hal_tim_ex.o
 .debug_abbrev  0x00001a8c      0x2ab build/stm32f1xx_hal_uart.o
 .debug_abbrev  0x00001d37      0x140 build/system_stm32f1xx.o
 .debug_abbrev  0x00001e77      0x124 build/list.o
 .debug_abbrev  0x00001f9b      0x3e7 build/queue.o
 .debug_abbrev  0x00002382      0x36b build/tasks.o
 .debug_abbrev  0x000026ed      0x374 build/cmsis_os.o
 .debug_abbrev  0x00002a61      0x255 build/heap_4.o
 .debug_abbrev  0x00002cb6      0x29d build/port.o
 .debug_abbrev  0x00002f53       0x12 build/startup_stm32f103xb.o

.debug_loc      0x00000000    0x11c45
 .debug_loc     0x00000000      0x312 build/main.o
 .debug_loc     0x00000312       0x40 build/stm32f1xx_it.o
 .debug_loc     0x00000352      0x135 build/stm32f1xx_hal_msp.o
 .debug_loc     0x00000487       0xcd build/stm32f1xx_hal_timebase_tim.o
 .debug_loc     0x00000554      0x1e1 build/stm32f1xx_hal.o
 .debug_loc     0x00000735      0x7ee build/stm32f1xx_hal_rcc.o
 .debug_loc     0x00000f23      0x551 build/stm32f1xx_hal_gpio.o
 .debug_loc     0x00001474      0x901 build/stm32f1xx_hal_dma.o
 .debug_loc     0x00001d75      0x77f build/stm32f1xx_hal_cortex.o
 .debug_loc     0x000024f4     0x530c build/stm32f1xx_hal_tim.o
 .debug_loc     0x00007800     0x1f3e build/stm32f1xx_hal_tim_ex.o
 .debug_loc     0x0000973e     0x267b build/stm32f1xx_hal_uart.o
 .debug_loc     0x0000bdb9       0xff build/system_stm32f1xx.o
 .debug_loc     0x0000beb8       0xe5 build/list.o
 .debug_loc     0x0000bf9d     0x19ef build/queue.o
 .debug_loc     0x0000d98c     0x236a build/tasks.o
 .debug_loc     0x0000fcf6     0x1a22 build/cmsis_os.o
 .debug_loc     0x00011718      0x3c1 build/heap_4.o
 .debug_loc     0x00011ad9      0x16c build/port.o

.debug_aranges  0x00000000     0x1140
 .debug_aranges
                0x00000000       0x78 build/main.o
 .debug_aranges
                0x00000078       0x20 build/freertos.o
 .debug_aranges
                0x00000098       0x58 build/stm32f1xx_it.o
 .debug_aranges
                0x000000f0       0x30 build/stm32f1xx_hal_msp.o
 .debug_aranges
                0x00000120       0x30 build/stm32f1xx_hal_timebase_tim.o
 .debug_aranges
                0x00000150       0xe0 build/stm32f1xx_hal.o
 .debug_aranges