Archive member included to satisfy reference by file (symbol)

d:/10 2021.10/bin/../lib/gcc/arm-none-eabi/10.3.1/../../../../arm-none-eabi/lib/thumb/v7-m/nofp\libc_nano.a(lib_a-atof.o)
                              build/main.o (atof)
d:/10 2021.10/bin/../lib/gcc/arm-none-eabi/10.3.1/../../../../arm-none-eabi/lib/thumb/v7-m/nofp\libc_nano.a(lib_a-exit.o)
                              d:/10 2021.10/bin/../lib/gcc/arm-none-eabi/10.3.1/../../../../arm-none-eabi/lib/thumb/v7-m/nofp/crt0.o (exit)
d:/10 2021.10/bin/../lib/gcc/arm-none-eabi/10.3.1/../../../../arm-none-eabi/lib/thumb/v7-m/nofp\libc_nano.a(lib_a-impure.o)
                              d:/10 2021.10/bin/../lib/gcc/arm-none-eabi/10.3.1/../../../../arm-none-eabi/lib/thumb/v7-m/nofp\libc_nano.a(lib_a-exit.o) (_global_impure_ptr)
d:/10 2021.10/bin/../lib/gcc/arm-none-eabi/10.3.1/../../../../arm-none-eabi/lib/thumb/v7-m/nofp\libc_nano.a(lib_a-init.o)
                              d:/10 2021.10/bin/../lib/gcc/arm-none-eabi/10.3.1/../../../../arm-none-eabi/lib/thumb/v7-m/nofp/crt0.o (__libc_init_array)
d:/10 2021.10/bin/../lib/gcc/arm-none-eabi/10.3.1/../../../../arm-none-eabi/lib/thumb/v7-m/nofp\libc_nano.a(lib_a-memcpy-stub.o)
                              build/queue.o (memcpy)
d:/10 2021.10/bin/../lib/gcc/arm-none-eabi/10.3.1/../../../../arm-none-eabi/lib/thumb/v7-m/nofp\libc_nano.a(lib_a-memset.o)
                              d:/10 2021.10/bin/../lib/gcc/arm-none-eabi/10.3.1/../../../../arm-none-eabi/lib/thumb/v7-m/nofp/crt0.o (memset)
d:/10 2021.10/bin/../lib/gcc/arm-none-eabi/10.3.1/../../../../arm-none-eabi/lib/thumb/v7-m/nofp\libc_nano.a(lib_a-sprintf.o)
                              build/main.o (sprintf)
d:/10 2021.10/bin/../lib/gcc/arm-none-eabi/10.3.1/../../../../arm-none-eabi/lib/thumb/v7-m/nofp\libc_nano.a(lib_a-sscanf.o)
                              build/main.o (sscanf)
d:/10 2021.10/bin/../lib/gcc/arm-none-eabi/10.3.1/../../../../arm-none-eabi/lib/thumb/v7-m/nofp\libc_nano.a(lib_a-stdio.o)
                              d:/10 2021.10/bin/../lib/gcc/arm-none-eabi/10.3.1/../../../../arm-none-eabi/lib/thumb/v7-m/nofp\libc_nano.a(lib_a-sscanf.o) (__seofread)
d:/10 2021.10/bin/../lib/gcc/arm-none-eabi/10.3.1/../../../../arm-none-eabi/lib/thumb/v7-m/nofp\libc_nano.a(lib_a-strcat.o)
                              build/main.o (strcat)
d:/10 2021.10/bin/../lib/gcc/arm-none-eabi/10.3.1/../../../../arm-none-eabi/lib/thumb/v7-m/nofp\libc_nano.a(lib_a-strcmp.o)
                              build/main.o (strcmp)
d:/10 2021.10/bin/../lib/gcc/arm-none-eabi/10.3.1/../../../../arm-none-eabi/lib/thumb/v7-m/nofp\libc_nano.a(lib_a-strlen.o)
                              build/main.o (strlen)
d:/10 2021.10/bin/../lib/gcc/arm-none-eabi/10.3.1/../../../../arm-none-eabi/lib/thumb/v7-m/nofp\libc_nano.a(lib_a-strncmp.o)
                              build/main.o (strncmp)
d:/10 2021.10/bin/../lib/gcc/arm-none-eabi/10.3.1/../../../../arm-none-eabi/lib/thumb/v7-m/nofp\libc_nano.a(lib_a-strtod.o)
                              d:/10 2021.10/bin/../lib/gcc/arm-none-eabi/10.3.1/../../../../arm-none-eabi/lib/thumb/v7-m/nofp\libc_nano.a(lib_a-atof.o) (strtod)
d:/10 2021.10/bin/../lib/gcc/arm-none-eabi/10.3.1/../../../../arm-none-eabi/lib/thumb/v7-m/nofp\libc_nano.a(lib_a-writer.o)
                              d:/10 2021.10/bin/../lib/gcc/arm-none-eabi/10.3.1/../../../../arm-none-eabi/lib/thumb/v7-m/nofp\libc_nano.a(lib_a-stdio.o) (_write_r)
d:/10 2021.10/bin/../lib/gcc/arm-none-eabi/10.3.1/../../../../arm-none-eabi/lib/thumb/v7-m/nofp\libc_nano.a(lib_a-closer.o)
                              d:/10 2021.10/bin/../lib/gcc/arm-none-eabi/10.3.1/../../../../arm-none-eabi/lib/thumb/v7-m/nofp\libc_nano.a(lib_a-stdio.o) (_close_r)
d:/10 2021.10/bin/../lib/gcc/arm-none-eabi/10.3.1/../../../../arm-none-eabi/lib/thumb/v7-m/nofp\libc_nano.a(lib_a-gdtoa-gethex.o)
                              d:/10 2021.10/bin/../lib/gcc/arm-none-eabi/10.3.1/../../../../arm-none-eabi/lib/thumb/v7-m/nofp\libc_nano.a(lib_a-strtod.o) (__gethex)
d:/10 2021.10/bin/../lib/gcc/arm-none-eabi/10.3.1/../../../../arm-none-eabi/lib/thumb/v7-m/nofp\libc_nano.a(lib_a-gdtoa-hexnan.o)
                              d:/10 2021.10/bin/../lib/gcc/arm-none-eabi/10.3.1/../../../../arm-none-eabi/lib/thumb/v7-m/nofp\libc_nano.a(lib_a-strtod.o) (__match)
d:/10 2021.10/bin/../lib/gcc/arm-none-eabi/10.3.1/../../../../arm-none-eabi/lib/thumb/v7-m/nofp\libc_nano.a(lib_a-lnumeric.o)
                              d:/10 2021.10/bin/../lib/gcc/arm-none-eabi/10.3.1/../../../../arm-none-eabi/lib/thumb/v7-m/nofp\libc_nano.a(lib_a-strtod.o) (_C_numeric_locale)
d:/10 2021.10/bin/../lib/gcc/arm-none-eabi/10.3.1/../../../../arm-none-eabi/lib/thumb/v7-m/nofp\libc_nano.a(lib_a-locale.o)
                              d:/10 2021.10/bin/../lib/gcc/arm-none-eabi/10.3.1/../../../../arm-none-eabi/lib/thumb/v7-m/nofp\libc_nano.a(lib_a-strtod.o) (__global_locale)
[...]
Memory Configuration

Name             Origin             Length             Attributes
RAM              0x20000000         0x00005000         xrw
FLASH            0x08000000         0x00010000         xr
*default*        0x00000000         0xffffffff

Linker script and memory map

LOAD d:/10 2021.10/bin/../lib/gcc/arm-none-eabi/10.3.1/thumb/v7-m/nofp/crti.o
LOAD d:/10 2021.10/bin/../lib/gcc/arm-none-eabi/10.3.1/thumb/v7-m/nofp/crtbegin.o
LOAD d:/10 2021.10/bin/../lib/gcc/arm-none-eabi/10.3.1/../../../../arm-none-eabi/lib/thumb/v7-m/nofp/crt0.o
LOAD build/main.o
LOAD build/freertos.o
LOAD build/st7735.o
LOAD build/fonts.o
LOAD build/dht22.o
LOAD build/stm32f1xx_it.o
LOAD build/stm32f1xx_hal_msp.o
LOAD build/stm32f1xx_hal_timebase_tim.o
LOAD build/stm32f1xx_hal_gpio_ex.o
LOAD build/stm32f1xx_hal.o
LOAD build/stm32f1xx_hal_rcc.o
LOAD build/stm32f1xx_hal_rcc_ex.o
LOAD build/stm32f1xx_hal_gpio.o
LOAD build/stm32f1xx_hal_dma.o
LOAD build/stm32f1xx_hal_cortex.o
LOAD build/stm32f1xx_hal_pwr.o
LOAD build/stm32f1xx_hal_flash.o
LOAD build/stm32f1xx_hal_flash_ex.o
LOAD build/stm32f1xx_hal_exti.o
LOAD build/stm32f1xx_hal_tim.o
LOAD build/stm32f1xx_hal_tim_ex.o
LOAD build/stm32f1xx_hal_uart.o
LOAD build/system_stm32f1xx.o
LOAD build/croutine.o
LOAD build/event_groups.o
LOAD build/list.o
LOAD build/queue.o
LOAD build/stream_buffer.o
LOAD build/tasks.o
LOAD build/timers.o
LOAD build/cmsis_os.o
LOAD build/heap_4.o
LOAD build/port.o
LOAD build/startup_stm32f103xb.o
LOAD d:/10 2021.10/bin/../lib/gcc/arm-none-eabi/10.3.1/../../../../arm-none-eabi/lib/thumb/v7-m/nofp\libc_nano.a
LOAD d:/10 2021.10/bin/../lib/gcc/arm-none-eabi/10.3.1/../../../../arm-none-eabi/lib/thumb/v7-m/nofp\libm.a
LOAD d:/10 2021.10/bin/../lib/gcc/arm-none-eabi/10.3.1/../../../../arm-none-eabi/lib/thumb/v7-m/nofp\libnosys.a
START GROUP
LOAD d:/10 2021.10/bin/../lib/gcc/arm-none-eabi/10.3.1/thumb/v7-m/nofp\libgcc.a
LOAD d:/10 2021.10/bin/../lib/gcc/arm-none-eabi/10.3.1/../../../../arm-none-eabi/lib/thumb/v7-m/nofp\libc_nano.a
END GROUP
START GROUP
LOAD d:/10 2021.10/bin/../lib/gcc/arm-none-eabi/10.3.1/thumb/v7-m/nofp\libgcc.a
LOAD d:/10 2021.10/bin/../lib/gcc/arm-none-eabi/10.3.1/../../../../arm-none-eabi/lib/thumb/v7-m/nofp\libc_nano.a
END GROUP
LOAD d:/10 2021.10/bin/../lib/gcc/arm-none-eabi/10.3.1/thumb/v7-m/nofp/crtend.o
LOAD d:/10 2021.10/bin/../lib/gcc/arm-none-eabi/10.3.1/thumb/v7-m/nofp/crtn.o
                0x20005000                _estack = (ORIGIN (RAM) + LENGTH (RAM))
                0x00000200                _Min_Heap_Size = 0x200
                0x00000400                _Min_Stack_Size = 0x400

.isr_vector     0x08000000      0x10c
                0x08000000                . = ALIGN (0x4)
 *(.isr_vector)
 .isr_vector    0x08000000      0x10c build/startup_stm32f103xb.o
                0x08000000                g_pfnVectors
                0x0800010c                . = ALIGN (0x4)

.text           0x08000110     0x83c8
                0x08000110                . = ALIGN (0x4)
 *(.text)
 .text          0x08000110       0x40 d:/10 2021.10/bin/../lib/gcc/arm-none-eabi/10.3.1/thumb/v7-m/nofp/crtbegin.o
 .text          0x08000150       0x14 d:/10 2021.10/bin/../lib/gcc/arm-none-eabi/10.3.1/../../../../arm-none-eabi/lib/thumb/v7-m/nofp\libc_nano.a(lib_a-strcmp.o)
                0x08000150                strcmp
 .text          0x08000164       0x10 d:/10 2021.10/bin/../lib/gcc/arm-none-eabi/10.3.1/../../../../arm-none-eabi/lib/thumb/v7-m/nofp\libc_nano.a(lib_a-strlen.o)
                0x08000164                strlen
 .text          0x08000174      0x378 d:/10 2021.10/bin/../lib/gcc/arm-none-eabi/10.3.1/thumb/v7-m/nofp\libgcc.a(_arm_addsubdf3.o)
                0x08000174                __aeabi_drsub
                0x0800017c                __aeabi_dsub
                0x0800017c                __subdf3
                0x08000180                __aeabi_dadd
                0x08000180                __adddf3
                0x080003f8                __floatunsidf
                0x080003f8                __aeabi_ui2d
                0x08000418                __floatsidf
                0x08000418                __aeabi_i2d
                0x0800043c                __aeabi_f2d
                0x0800043c                __extendsfdf2
                0x08000480                __floatundidf
                0x08000480                __aeabi_ul2d
                0x08000490                __floatdidf
                0x08000490                __aeabi_l2d
 .text          0x080004ec      0x424 d:/10 2021.10/bin/../lib/gcc/arm-none-eabi/10.3.1/thumb/v7-m/nofp\libgcc.a(_arm_muldivdf3.o)
                0x080004ec                __aeabi_dmul
                0x080004ec                __muldf3
                0x08000740                __divdf3
                0x08000740                __aeabi_ddiv
 .text          0x08000910      0x110 d:/10 2021.10/bin/../lib/gcc/arm-none-eabi/10.3.1/thumb/v7-m/nofp\libgcc.a(_arm_cmpdf2.o)
                0x08000910                __gtdf2
                0x08000910                __gedf2
                0x08000918                __ltdf2
                0x08000918                __ledf2
                0x08000920                __nedf2
                0x08000920                __eqdf2
                0x08000920                __cmpdf2
                0x0800099c                __aeabi_cdrcmple
                0x080009ac                __aeabi_cdcmpeq
                0x080009ac                __aeabi_cdcmple
                0x080009bc                __aeabi_dcmpeq
                0x080009d0                __aeabi_dcmplt
                0x080009e4                __aeabi_dcmple
                0x080009f8                __aeabi_dcmpge
                0x08000a0c                __aeabi_dcmpgt
 .text          0x08000a20       0x50 d:/10 2021.10/bin/../lib/gcc/arm-none-eabi/10.3.1/thumb/v7-m/nofp\libgcc.a(_arm_fixdfsi.o)
                0x08000a20                __aeabi_d2iz
                0x08000a20                __fixdfsi
 .text          0x08000a70       0x40 d:/10 2021.10/bin/../lib/gcc/arm-none-eabi/10.3.1/thumb/v7-m/nofp\libgcc.a(_arm_fixunsdfsi.o)
                0x08000a70                __aeabi_d2uiz
                0x08000a70                __fixunsdfsi
 .text          0x08000ab0       0xa0 d:/10 2021.10/bin/../lib/gcc/arm-none-eabi/10.3.1/thumb/v7-m/nofp\libgcc.a(_arm_truncdfsf2.o)
                0x08000ab0                __truncdfsf2
                0x08000ab0                __aeabi_d2f
 .text          0x08000b50       0x34 d:/10 2021.10/bin/../lib/gcc/arm-none-eabi/10.3.1/thumb/v7-m/nofp\libgcc.a(_fixdfdi.o)
                0x08000b50                __fixdfdi
                0x08000b50                __aeabi_d2lz
 .text          0x08000b84       0x3c d:/10 2021.10/bin/../lib/gcc/arm-none-eabi/10.3.1/thumb/v7-m/nofp\libgcc.a(_fixunsdfdi.o)
                0x08000b84                __fixunsdfdi
                0x08000b84                __aeabi_d2ulz
 *(.text*)
 .text.MX_GPIO_Init
                0x08000bc0       0x9c build/main.o
 .text.log_data
                0x08000c5c       0x1c build/main.o
                0x08000c5c                log_data
 .text.Task_Sensor
                0x08000c78       0x24 build/main.o
                0x08000c78                Task_Sensor
 *fill*         0x08000c9c        0x4 
 .text.Task_Servo
                0x08000ca0       0xfc build/main.o
                0x08000ca0                Task_Servo
 *fill*         0x08000d9c        0x4 
 .text.Task_Display
                0x08000da0      0x120 build/main.o
                0x08000da0                Task_Display
 .text.Task_Data
                0x08000ec0      0x108 build/main.o
                0x08000ec0                Task_Data
 .text.HAL_UART_RxCpltCallback
                0x08000fc8       0x80 build/main.o
                0x08000fc8                HAL_UART_RxCpltCallback
 .text.HAL_TIM_PeriodElapsedCallback
                0x08001048       0x18 build/main.o
                0x08001048                HAL_TIM_PeriodElapsedCallback
 .text.Error_Handler
                0x08001060        0x4 build/main.o
                0x08001060                Error_Handler
 .text.MX_USART3_UART_Init
                0x08001064       0x34 build/main.o
 .text.MX_SPI2_Init
                0x08001098       0x44 build/main.o
 .text.MX_TIM2_Init
                0x080010dc       0xa4 build/main.o
 .text.MX_TIM3_Init
                0x08001180       0x68 build/main.o
 .text.SystemClock_Config
                0x080011e8       0x64 build/main.o
                0x080011e8                SystemClock_Config
 .text.main     0x0800124c      0x12c build/main.o
                0x0800124c                main
 .text.vApplicationGetIdleTaskMemory
                0x08001378       0x18 build/freertos.o
                0x08001378                vApplicationGetIdleTaskMemory
 .text.st7735_Trans
                0x08001390       0x18 build/st7735.o
                0x08001390                st7735_Trans
 .text.ST7735_WriteCommand
                0x080013a8       0x28 build/st7735.o
                0x080013a8                ST7735_WriteCommand
 .text.ST7735_WriteData
                0x080013d0       0x20 build/st7735.o
                0x080013d0                ST7735_WriteData
 .text.ST7735_SetAddressWindow
                0x080013f0       0x50 build/st7735.o
                0x080013f0                ST7735_SetAddressWindow
 .text.ST7735_WriteChar
                0x08001440       0x98 build/st7735.o
 .text.ST7735_WriteString
                0x080014d8       0x84 build/st7735.o
                0x080014d8                ST7735_WriteString
 .text.NMI_Handler
                0x0800155c        0x2 build/stm32f1xx_it.o
                0x0800155c                NMI_Handler
 .text.HardFault_Handler
                0x0800155e        0x2 build/stm32f1xx_it.o
                0x0800155e                HardFault_Handler
 .text.MemManage_Handler
                0x08001560        0x2 build/stm32f1xx_it.o
                0x08001560                MemManage_Handler
 .text.BusFault_Handler
                0x08001562        0x2 build/stm32f1xx_it.o
                0x08001562                BusFault_Handler
 .text.UsageFault_Handler
                0x08001564        0x2 build/stm32f1xx_it.o
                0x08001564                UsageFault_Handler
 .text.DebugMon_Handler
                0x08001566        0x2 build/stm32f1xx_it.o
                0x08001566                DebugMon_Handler
 .text.TIM1_UP_IRQHandler
                0x08001568       0x10 build/stm32f1xx_it.o
                0x08001568                TIM1_UP_IRQHandler
 .text.USART3_IRQHandler
                0x08001578       0x10 build/stm32f1xx_it.o
                0x08001578                USART3_IRQHandler
 .text.HAL_MspInit
                0x08001588       0x54 build/stm32f1xx_hal_msp.o
                0x08001588                HAL_MspInit
 .text.HAL_TIM_Base_MspInit
                0x080015dc       0x4c build/stm32f1xx_hal_msp.o
                0x080015dc                HAL_TIM_Base_MspInit
 .text.HAL_TIM_MspPostInit
                0x08001628       0x64 build/stm32f1xx_hal_msp.o
                0x08001628                HAL_TIM_MspPostInit
 .text.HAL_UART_MspInit
                0x0800168c       0x88 build/stm32f1xx_hal_msp.o
                0x0800168c                HAL_UART_MspInit
 .text.HAL_InitTick
                0x08001714       0x78 build/stm32f1xx_hal_timebase_tim.o
                0x08001714                HAL_InitTick
 .text.HAL_Init
                0x0800178c       0x24 build/stm32f1xx_hal.o
                0x0800178c                HAL_Init
 .text.HAL_IncTick
                0x080017b0       0x18 build/stm32f1xx_hal.o
                0x080017b0                HAL_IncTick
 .text.HAL_GetTick
                0x080017c8        0xc build/stm32f1xx_hal.o
                0x080017c8                HAL_GetTick
 .text.RCC_Delay
                0x080017d4       0x2c build/stm32f1xx_hal_rcc.o
 .text.HAL_RCC_OscConfig
                0x08001800      0x410 build/stm32f1xx_hal_rcc.o
                0x08001800                HAL_RCC_OscConfig
 .text.HAL_RCC_GetSysClockFreq
                0x08001c10       0x70 build/stm32f1xx_hal_rcc.o
                0x08001c10                HAL_RCC_GetSysClockFreq
 .text.HAL_RCC_ClockConfig
                0x08001c80      0x16c build/stm32f1xx_hal_rcc.o
                0x08001c80                HAL_RCC_ClockConfig
 .text.HAL_RCC_GetHCLKFreq
                0x08001dec        0xc build/stm32f1xx_hal_rcc.o
                0x08001dec                HAL_RCC_GetHCLKFreq
 .text.HAL_RCC_GetPCLK1Freq
                0x08001df8       0x20 build/stm32f1xx_hal_rcc.o
                0x08001df8                HAL_RCC_GetPCLK1Freq
 .text.HAL_RCC_GetPCLK2Freq
                0x08001e18       0x20 build/stm32f1xx_hal_rcc.o
                0x08001e18                HAL_RCC_GetPCLK2Freq
 .text.HAL_RCC_GetClockConfig
                0x08001e38       0x3c build/stm32f1xx_hal_rcc.o
                0x08001e38                HAL_RCC_GetClockConfig
 .text.HAL_GPIO_Init
                0x08001e74      0x224 build/stm32f1xx_hal_gpio.o
                0x08001e74                HAL_GPIO_Init
 .text.HAL_GPIO_WritePin
                0x08002098        0xc build/stm32f1xx_hal_gpio.o
                0x08002098                HAL_GPIO_WritePin
 .text.HAL_DMA_Abort
                0x080020a4       0x44 build/stm32f1xx_hal_dma.o
                0x080020a4                HAL_DMA_Abort
 .text.HAL_DMA_Abort_IT
                0x080020e8       0x98 build/stm32f1xx_hal_dma.o
                0x080020e8                HAL_DMA_Abort_IT
 .text.HAL_NVIC_SetPriorityGrouping
                0x08002180       0x24 build/stm32f1xx_hal_cortex.o
                0x08002180                HAL_NVIC_SetPriorityGrouping
 .text.HAL_NVIC_SetPriority
                0x080021a4       0x70 build/stm32f1xx_hal_cortex.o
                0x080021a4                HAL_NVIC_SetPriority
 .text.HAL_NVIC_EnableIRQ
                0x08002214       0x1c build/stm32f1xx_hal_cortex.o
                0x08002214                HAL_NVIC_EnableIRQ
 .text.TIM_OC1_SetConfig
                0x08002230       0x5c build/stm32f1xx_hal_tim.o
 .text.TIM_OC3_SetConfig
                0x0800228c       0x64 build/stm32f1xx_hal_tim.o
 .text.TIM_OC4_SetConfig
                0x080022f0       0x48 build/stm32f1xx_hal_tim.o
 .text.TIM_TI1_ConfigInputStage
                0x08002338       0x24 build/stm32f1xx_hal_tim.o
 .text.TIM_TI2_ConfigInputStage
                0x0800235c       0x26 build/stm32f1xx_hal_tim.o
 .text.TIM_ITRx_SetConfig
                0x08002382       0x10 build/stm32f1xx_hal_tim.o
 *fill*         0x08002392        0x2 
 .text.HAL_TIM_Base_Start_IT
                0x08002394       0x68 build/stm32f1xx_hal_tim.o
                0x08002394                HAL_TIM_Base_Start_IT
 .text.HAL_TIM_PWM_MspInit
                0x080023fc        0x2 build/stm32f1xx_hal_tim.o
                0x080023fc                HAL_TIM_PWM_MspInit
 .text.HAL_TIM_OC_DelayElapsedCallback
                0x080023fe        0x2 build/stm32f1xx_hal_tim.o
                0x080023fe                HAL_TIM_OC_DelayElapsedCallback
 .text.HAL_TIM_IC_CaptureCallback
                0x08002400        0x2 build/stm32f1xx_hal_tim.o
                0x08002400                HAL_TIM_IC_CaptureCallback
 .text.HAL_TIM_PWM_PulseFinishedCallback
                0x08002402        0x2 build/stm32f1xx_hal_tim.o
                0x08002402                HAL_TIM_PWM_PulseFinishedCallback
 .text.HAL_TIM_TriggerCallback
                0x08002404        0x2 build/stm32f1xx_hal_tim.o
                0x08002404                HAL_TIM_TriggerCallback
 .text.HAL_TIM_IRQHandler
                0x08002406      0x17a build/stm32f1xx_hal_tim.o
                0x08002406                HAL_TIM_IRQHandler
 .text.TIM_Base_SetConfig
                0x08002580       0x74 build/stm32f1xx_hal_tim.o
                0x08002580                TIM_Base_SetConfig
 .text.HAL_TIM_Base_Init
                0x080025f4       0x58 build/stm32f1xx_hal_tim.o
                0x080025f4                HAL_TIM_Base_Init
 .text.HAL_TIM_PWM_Init
                0x0800264c       0x58 build/stm32f1xx_hal_tim.o
                0x0800264c                HAL_TIM_PWM_Init
 .text.TIM_OC2_SetConfig
                0x080026a4       0x64 build/stm32f1xx_hal_tim.o
                0x080026a4                TIM_OC2_SetConfig
 .text.HAL_TIM_PWM_ConfigChannel
                0x08002708       0xd0 build/stm32f1xx_hal_tim.o
                0x08002708                HAL_TIM_PWM_ConfigChannel
 .text.TIM_ETR_SetConfig
                0x080027d8       0x18 build/stm32f1xx_hal_tim.o
                0x080027d8                TIM_ETR_SetConfig
 .text.HAL_TIM_ConfigClockSource
                0x080027f0       0xda build/stm32f1xx_hal_tim.o
                0x080027f0                HAL_TIM_ConfigClockSource
 *fill*         0x080028ca        0x2 
 .text.HAL_TIMEx_MasterConfigSynchronization
                0x080028cc       0x6c build/stm32f1xx_hal_tim_ex.o
                0x080028cc                HAL_TIMEx_MasterConfigSynchronization
 .text.HAL_TIMEx_CommutCallback
                0x08002938        0x2 build/stm32f1xx_hal_tim_ex.o
                0x08002938                HAL_TIMEx_CommutCallback
 .text.HAL_TIMEx_BreakCallback
                0x0800293a        0x2 build/stm32f1xx_hal_tim_ex.o
                0x0800293a                HAL_TIMEx_BreakCallback
 .text.UART_EndRxTransfer
                0x0800293c       0x32 build/stm32f1xx_hal_uart.o
 .text.UART_Transmit_IT
                0x0800296e       0x60 build/stm32f1xx_hal_uart.o
 *fill*         0x080029ce        0x2 
 .text.UART_SetConfig
                0x080029d0       0x94 build/stm32f1xx_hal_uart.o
 .text.UART_WaitOnFlagUntilTimeout
                0x08002a64       0x6c build/stm32f1xx_hal_uart.o
 .text.HAL_UART_Init
                0x08002ad0       0x5e build/stm32f1xx_hal_uart.o
                0x08002ad0                HAL_UART_Init
 .text.HAL_UART_Transmit
                0x08002b2e       0xd8 build/stm32f1xx_hal_uart.o
                0x08002b2e                HAL_UART_Transmit
 .text.HAL_UART_TxCpltCallback
                0x08002c06        0x2 build/stm32f1xx_hal_uart.o
                0x08002c06                HAL_UART_TxCpltCallback
 .text.UART_EndTransmit_IT
                0x08002c08       0x1a build/stm32f1xx_hal_uart.o
 .text.HAL_UART_ErrorCallback
                0x08002c22        0x2 build/stm32f1xx_hal_uart.o
                0x08002c22                HAL_UART_ErrorCallback
 .text.UART_DMAAbortOnError
                0x08002c24       0x10 build/stm32f1xx_hal_uart.o
 .text.HAL_UARTEx_RxEventCallback
                0x08002c34        0x2 build/stm32f1xx_hal_uart.o
                0x08002c34                HAL_UARTEx_RxEventCallback
 .text.UART_Receive_IT
                0x08002c36       0xd4 build/stm32f1xx_hal_uart.o
 *fill*         0x08002d0a        0x2 
 .text.HAL_UART_IRQHandler
                0x08002d0c      0x204 build/stm32f1xx_hal_uart.o
                0x08002d0c                HAL_UART_IRQHandler
 .text.UART_Start_Receive_IT
                0x08002f10       0x36 build/stm32f1xx_hal_uart.o
                0x08002f10                UART_Start_Receive_IT
 .text.HAL_UART_Receive_IT
                0x08002f46       0x38 build/stm32f1xx_hal_uart.o
                0x08002f46                HAL_UART_Receive_IT
 .text.SystemInit
                0x08002f7e        0x2 build/system_stm32f1xx.o
                0x08002f7e                SystemInit
 .text.vListInitialise
                0x08002f80       0x16 build/list.o
                0x08002f80                vListInitialise
 .text.vListInitialiseItem
                0x08002f96        0x6 build/list.o
                0x08002f96                vListInitialiseItem
 .text.vListInsertEnd
                0x08002f9c       0x16 build/list.o
                0x08002f9c                vListInsertEnd
 .text.vListInsert
                0x08002fb2       0x32 build/list.o
                0x08002fb2                vListInsert
 .text.uxListRemove
                0x08002fe4       0x26 build/list.o
                0x08002fe4                uxListRemove
 .text.prvGetDisinheritPriorityAfterTimeout
                0x0800300a       0x10 build/queue.o
 .text.prvIsQueueFull
                0x0800301a       0x1e build/queue.o
 .text.prvIsQueueEmpty
                0x08003038       0x1a build/queue.o
 .text.prvCopyDataToQueue
                0x08003052       0x76 build/queue.o
 .text.prvCopyDataFromQueue
                0x080030c8       0x24 build/queue.o
 .text.prvUnlockQueue
                0x080030ec       0x6e build/queue.o
 .text.xQueueGenericReset
                0x0800315a       0x84 build/queue.o
                0x0800315a                xQueueGenericReset
 .text.prvInitialiseNewQueue
                0x080031de       0x1c build/queue.o
 .text.xQueueGenericCreateStatic
                0x080031fa       0x92 build/queue.o
                0x080031fa                xQueueGenericCreateStatic
 .text.xQueueGenericCreate
                0x0800328c       0x4e build/queue.o
                0x0800328c                xQueueGenericCreate
 .text.xQueueGenericSend
                0x080032da      0x188 build/queue.o
                0x080032da                xQueueGenericSend
 .text.xQueueGiveFromISR
                0x08003462       0xb2 build/queue.o
                0x08003462                xQueueGiveFromISR
 .text.xQueueSemaphoreTake
                0x08003514      0x1a6 build/queue.o
                0x08003514                xQueueSemaphoreTake
 .text.xQueueReceiveFromISR
                0x080036ba       0xa8 build/queue.o
                0x080036ba                xQueueReceiveFromISR
 *fill*         0x08003762        0x2 
 .text.prvResetNextTaskUnblockTime
                0x08003764       0x2c build/tasks.o
 .text.prvInitialiseNewTask
                0x08003790       0x94 build/tasks.o
 .text.prvInitialiseTaskLists
                0x08003824       0x68 build/tasks.o
 .text.prvAddNewTaskToReadyList
                0x0800388c       0xa8 build/tasks.o
 .text.prvDeleteTCB
                0x08003934       0x38 build/tasks.o
 .text.prvCheckTasksWaitingTermination
                0x0800396c       0x4c build/tasks.o
 .text.prvIdleTask
                0x080039b8       0x28 build/tasks.o
 .text.prvAddCurrentTaskToDelayedList
                0x080039e0       0x98 build/tasks.o
 .text.xTaskCreateStatic
                0x08003a78       0x74 build/tasks.o
                0x08003a78                xTaskCreateStatic
 .text.xTaskCreate
                0x08003aec       0x68 build/tasks.o
                0x08003aec                xTaskCreate
 .text.vTaskStartScheduler
                0x08003b54       0x74 build/tasks.o
                0x08003b54                vTaskStartScheduler
 .text.vTaskSuspendAll
                0x08003bc8       0x10 build/tasks.o
                0x08003bc8                vTaskSuspendAll
 .text.xTaskIncrementTick
                0x08003bd8      0x118 build/tasks.o
                0x08003bd8                xTaskIncrementTick
 .text.xTaskResumeAll
                0x08003cf0       0xf8 build/tasks.o
                0x08003cf0                xTaskResumeAll
 .text.vTaskDelay
                0x08003de8       0x4c build/tasks.o
                0x08003de8                vTaskDelay
 .text.vTaskSwitchContext
                0x08003e34       0x98 build/tasks.o
                0x08003e34                vTaskSwitchContext
 .text.vTaskPlaceOnEventList
                0x08003ecc       0x30 build/tasks.o
                0x08003ecc                vTaskPlaceOnEventList
 .text.xTaskRemoveFromEventList
                0x08003efc       0x8c build/tasks.o
                0x08003efc                xTaskRemoveFromEventList
 .text.vTaskInternalSetTimeOutState
                0x08003f88       0x18 build/tasks.o
                0x08003f88                vTaskInternalSetTimeOutState
 .text.xTaskCheckForTimeOut
                0x08003fa0       0x84 build/tasks.o
                0x08003fa0                xTaskCheckForTimeOut
 .text.vTaskMissedYield
                0x08004024        0xc build/tasks.o
                0x08004024                vTaskMissedYield
 .text.xTaskGetSchedulerState
                0x08004030       0x20 build/tasks.o
                0x08004030                xTaskGetSchedulerState
 .text.xTaskPriorityInherit
                0x08004050       0xbc build/tasks.o
                0x08004050                xTaskPriorityInherit
 .text.xTaskPriorityDisinherit
                0x0800410c       0xb4 build/tasks.o
                0x0800410c                xTaskPriorityDisinherit
 .text.vTaskPriorityDisinheritAfterTimeout
                0x080041c0       0xc0 build/tasks.o
                0x080041c0                vTaskPriorityDisinheritAfterTimeout
 .text.pvTaskIncrementMutexHeldCount
                0x08004280       0x1c build/tasks.o
                0x08004280                pvTaskIncrementMutexHeldCount
 .text.makeFreeRtosPriority
                0x0800429c        0xc build/cmsis_os.o
 .text.inHandlerMode
                0x080042a8        0xc build/cmsis_os.o
 .text.osKernelStart
                0x080042b4        0xa build/cmsis_os.o
                0x080042b4                osKernelStart
 .text.osThreadCreate
                0x080042be       0x6a build/cmsis_os.o
                0x080042be                osThreadCreate
 .text.osDelay  0x08004328        0xe build/cmsis_os.o
                0x08004328                osDelay
 .text.osSemaphoreCreate
                0x08004336       0x48 build/cmsis_os.o
                0x08004336                osSemaphoreCreate
 .text.osSemaphoreWait
                0x0800437e       0x5e build/cmsis_os.o
                0x0800437e                osSemaphoreWait
 .text.osSemaphoreRelease
                0x080043dc       0x5a build/cmsis_os.o
                0x080043dc                osSemaphoreRelease
 *fill*         0x08004436        0x2 
 .text.prvHeapInit
                0x08004438       0x64 build/heap_4.o
 .text.prvInsertBlockIntoFreeList
                0x0800449c       0x60 build/heap_4.o
 .text.pvPortMalloc
                0x080044fc       0xf0 build/heap_4.o
                0x080044fc                pvPortMalloc
 .text.vPortFree
                0x080045ec       0x70 build/heap_4.o
                0x080045ec                vPortFree
 .text.prvTaskExitError
                0x0800465c       0x40 build/port.o
 .text.prvPortStartFirstTask
                0x0800469c       0x20 build/port.o
 .text.pxPortInitialiseStack
                0x080046bc       0x24 build/port.o
                0x080046bc                pxPortInitialiseStack
 .text.SVC_Handler
                0x080046e0       0x24 build/port.o
                0x080046e0                SVC_Handler
 .text.vPortEnterCritical
                0x08004704       0x44 build/port.o
                0x08004704                vPortEnterCritical
 .text.vPortExitCritical
                0x08004748       0x2c build/port.o
                0x08004748                vPortExitCritical
 *fill*         0x08004774        0xc 
 .text.PendSV_Handler
                0x08004780       0x44 build/port.o
                0x08004780                PendSV_Handler
 .text.SysTick_Handler
                0x080047c4       0x2c build/port.o
                0x080047c4                SysTick_Handler
 .text.vPortSetupTimerInterrupt
                0x080047f0       0x28 build/port.o
                0x080047f0                vPortSetupTimerInterrupt
 .text.xPortStartScheduler
                0x08004818       0xc0 build/port.o
                0x08004818                xPortStartScheduler
 .text.vPortValidateInterruptPriority
                0x080048d8       0x5c build/port.o
                0x080048d8                vPortValidateInterruptPriority
 .text.Reset_Handler
                0x08004934       0x48 build/startup_stm32f103xb.o
                0x08004934                Reset_Handler
 .text.Default_Handler
                0x0800497c        0x2 build/startup_stm32f103xb.o
                0x0800497c                RTC_Alarm_IRQHandler
                0x0800497c                EXTI2_IRQHandler
                0x0800497c                TIM1_CC_IRQHandler
                0x0800497c                PVD_IRQHandler
                0x0800497c                EXTI3_IRQHandler
                0x0800497c                EXTI0_IRQHandler
                0x0800497c                I2C2_EV_IRQHandler
                0x0800497c                ADC1_2_IRQHandler
                0x0800497c                SPI1_IRQHandler
                0x0800497c                TAMPER_IRQHandler
                0x0800497c                DMA1_Channel4_IRQHandler
                0x0800497c                RTC_IRQHandler
                0x0800497c                DMA1_Channel7_IRQHandler
                0x0800497c                CAN1_RX1_IRQHandler
                0x0800497c                TIM4_IRQHandler
                0x0800497c                I2C1_EV_IRQHandler
                0x0800497c                DMA1_Channel6_IRQHandler
                0x0800497c                TIM3_IRQHandler
                0x0800497c                RCC_IRQHandler
                0x0800497c                TIM1_TRG_COM_IRQHandler
                0x0800497c                DMA1_Channel1_IRQHandler
                0x0800497c                Default_Handler
                0x0800497c                EXTI15_10_IRQHandler
                0x0800497c                EXTI9_5_IRQHandler
                0x0800497c                SPI2_IRQHandler
                0x0800497c                DMA1_Channel5_IRQHandler
                0x0800497c                EXTI4_IRQHandler
                0x0800497c                USB_LP_CAN1_RX0_IRQHandler
                0x0800497c                USB_HP_CAN1_TX_IRQHandler
                0x0800497c                DMA1_Channel3_IRQHandler
                0x0800497c                WWDG_IRQHandler
                0x0800497c                TIM2_IRQHandler
                0x0800497c                TIM1_BRK_IRQHandler
                0x0800497c                EXTI1_IRQHandler
                0x0800497c                USART2_IRQHandler
                0x0800497c                I2C2_ER_IRQHandler
                0x0800497c                DMA1_Channel2_IRQHandler
                0x0800497c                CAN1_SCE_IRQHandler
                0x0800497c                FLASH_IRQHandler
                0x0800497c                USART1_IRQHandler
                0x0800497c                I2C1_ER_IRQHandler
                0x0800497c                USBWakeUp_IRQHandler
 .text.atof     0x0800497e        0x6 d:/10 2021.10/bin/../lib/gcc/arm-none-eabi/10.3.1/../../../../arm-none-eabi/lib/thumb/v7-m/nofp\libc_nano.a(lib_a-atof.o)
                0x0800497e                atof
 .text.__libc_init_array
                0x08004984       0x48 d:/10 2021.10/bin/../lib/gcc/arm-none-eabi/10.3.1/../../../../arm-none-eabi/lib/thumb/v7-m/nofp\libc_nano.a(lib_a-init.o)
                0x08004984                __libc_init_array
 .text.memcpy   0x080049cc       0x1c d:/10 2021.10/bin/../lib/gcc/arm-none-eabi/10.3.1/../../../../arm-none-eabi/lib/thumb/v7-m/nofp\libc_nano.a(lib_a-memcpy-stub.o)
                0x080049cc                memcpy
 .text.memset   0x080049e8       0x10 d:/10 2021.10/bin/../lib/gcc/arm-none-eabi/10.3.1/../../../../arm-none-eabi/lib/thumb/v7-m/nofp\libc_nano.a(lib_a-memset.o)
                0x080049e8                memset
 .text.sprintf  0x080049f8       0x40 d:/10 2021.10/bin/../lib/gcc/arm-none-eabi/10.3.1/../../../../arm-none-eabi/lib/thumb/v7-m/nofp\libc_nano.a(lib_a-sprintf.o)
                0x080049f8                siprintf
                0x080049f8                sprintf
 .text.sscanf   0x08004a38       0x54 d:/10 2021.10/bin/../lib/gcc/arm-none-eabi/10.3.1/../../../../arm-none-eabi/lib/thumb/v7-m/nofp\libc_nano.a(lib_a-sscanf.o)
                0x08004a38                siscanf
                0x08004a38                sscanf
 .text.__sread  0x08004a8c       0x22 d:/10 2021.10/bin/../lib/gcc/arm-none-eabi/10.3.1/../../../../arm-none-eabi/lib/thumb/v7-m/nofp\libc_nano.a(lib_a-stdio.o)
                0x08004a8c                __sread
 .text.__seofread
                0x08004aae        0x4 d:/10 2021.10/bin/../lib/gcc/arm-none-eabi/10.3.1/../../../../arm-none-eabi/lib/thumb/v7-m/nofp\libc_nano.a(lib_a-stdio.o)
                0x08004aae                __seofread
 .text.__swrite
                0x08004ab2       0x38 d:/10 2021.10/bin/../lib/gcc/arm-none-eabi/10.3.1/../../../../arm-none-eabi/lib/thumb/v7-m/nofp\libc_nano.a(lib_a-stdio.o)
                0x08004ab2                __swrite
 .text.__sseek  0x08004aea       0x24 d:/10 2021.10/bin/../lib/gcc/arm-none-eabi/10.3.1/../../../../arm-none-eabi/lib/thumb/v7-m/nofp\libc_nano.a(lib_a-stdio.o)
                0x08004aea                __sseek
 .text.__sclose
                0x08004b0e        0x8 d:/10 2021.10/bin/../lib/gcc/arm-none-eabi/10.3.1/../../../../arm-none-eabi/lib/thumb/v7-m/nofp\libc_nano.a(lib_a-stdio.o)
                0x08004b0e                __sclose
 .text.strcat   0x08004b16       0x1e d:/10 2021.10/bin/../lib/gcc/arm-none-eabi/10.3.1/../../../../arm-none-eabi/lib/thumb/v7-m/nofp\libc_nano.a(lib_a-strcat.o)
                0x08004b16                strcat
 .text.strncmp  0x08004b34       0x28 d:/10 2021.10/bin/../lib/gcc/arm-none-eabi/10.3.1/../../../../arm-none-eabi/lib/thumb/v7-m/nofp\libc_nano.a(lib_a-strncmp.o)
                0x08004b34                strncmp
 .text.sulp     0x08004b5c       0x42 d:/10 2021.10/bin/../lib/gcc/arm-none-eabi/10.3.1/../../../../arm-none-eabi/lib/thumb/v7-m/nofp\libc_nano.a(lib_a-strtod.o)
 *fill*         0x08004b9e        0x2 
 .text._strtod_l
                0x08004ba0      0xbd0 d:/10 2021.10/bin/../lib/gcc/arm-none-eabi/10.3.1/../../../../arm-none-eabi/lib/thumb/v7-m/nofp\libc_nano.a(lib_a-strtod.o)
                0x08004ba0                _strtod_l
 .text.strtod   0x08005770       0x18 d:/10 2021.10/bin/../lib/gcc/arm-none-eabi/10.3.1/../../../../arm-none-eabi/lib/thumb/v7-m/nofp\libc_nano.a(lib_a-strtod.o)
                0x08005770                strtod
 .text._write_r
                0x08005788       0x24 d:/10 2021.10/bin/../lib/gcc/arm-none-eabi/10.3.1/../../../../arm-none-eabi/lib/thumb/v7-m/nofp\libc_nano.a(lib_a-writer.o)
                0x08005788                _write_r
 .text._close_r
                0x080057ac       0x20 d:/10 2021.10/bin/../lib/gcc/arm-none-eabi/10.3.1/../../../../arm-none-eabi/lib/thumb/v7-m/nofp\libc_nano.a(lib_a-closer.o)
                0x080057ac                _close_r
 .text.rshift   0x080057cc       0xa6 d:/10 2021.10/bin/../lib/gcc/arm-none-eabi/10.3.1/../../../../arm-none-eabi/lib/thumb/v7-m/nofp\libc_nano.a(lib_a-gdtoa-gethex.o)
 .text.__hexdig_fun
                0x08005872       0x2a d:/10 2021.10/bin/../lib/gcc/arm-none-eabi/10.3.1/../../../../arm-none-eabi/lib/thumb/v7-m/nofp\libc_nano.a(lib_a-gdtoa-gethex.o)
                0x08005872                __hexdig_fun
 .text.__gethex
                0x0800589c      0x478 d:/10 2021.10/bin/../lib/gcc/arm-none-eabi/10.3.1/../../../../arm-none-eabi/lib/thumb/v7-m/nofp\libc_nano.a(lib_a-gdtoa-gethex.o)
                0x0800589c                __gethex
 .text.L_shift  0x08005d14       0x24 d:/10 2021.10/bin/../lib/gcc/arm-none-eabi/10.3.1/../../../../arm-none-eabi/lib/thumb/v7-m/nofp\libc_nano.a(lib_a-gdtoa-hexnan.o)
 .text.__match  0x08005d38       0x28 d:/10 2021.10/bin/../lib/gcc/arm-none-eabi/10.3.1/../../../../arm-none-eabi/lib/thumb/v7-m/nofp\libc_nano.a(lib_a-gdtoa-hexnan.o)
                0x08005d38                __match
 .text.__hexnan
                0x08005d60      0x138 d:/10 2021.10/bin/../lib/gcc/arm-none-eabi/10.3.1/../../../../arm-none-eabi/lib/thumb/v7-m/nofp\libc_nano.a(lib_a-gdtoa-hexnan.o)
                0x08005d60                __hexnan
 .text._lseek_r
                0x08005e98       0x24 d:/10 2021.10/bin/../lib/gcc/arm-none-eabi/10.3.1/../../../../arm-none-eabi/lib/thumb/v7-m/nofp\libc_nano.a(lib_a-lseekr.o)
                0x08005e98                _lseek_r
 .text.__ascii_mbtowc
                0x08005ebc       0x24 d:/10 2021.10/bin/../lib/gcc/arm-none-eabi/10.3.1/../../../../arm-none-eabi/lib/thumb/v7-m/nofp\libc_nano.a(lib_a-mbtowc_r.o)
                0x08005ebc                __ascii_mbtowc
 .text._Balloc  0x08005ee0       0x80 d:/10 2021.10/bin/../lib/gcc/arm-none-eabi/10.3.1/../../../../arm-none-eabi/lib/thumb/v7-m/nofp\libc_nano.a(lib_a-mprec.o)
                0x08005ee0                _Balloc
 .text._Bfree   0x08005f60       0x44 d:/10 2021.10/bin/../lib/gcc/arm-none-eabi/10.3.1/../../../../arm-none-eabi/lib/thumb/v7-m/nofp\libc_nano.a(lib_a-mprec.o)
                0x08005f60                _Bfree
 .text.__multadd
                0x08005fa4       0x8c d:/10 2021.10/bin/../lib/gcc/arm-none-eabi/10.3.1/../../../../arm-none-eabi/lib/thumb/v7-m/nofp\libc_nano.a(lib_a-mprec.o)
                0x08005fa4                __multadd
 .text.__s2b    0x08006030       0x94 d:/10 2021.10/bin/../lib/gcc/arm-none-eabi/10.3.1/../../../../arm-none-eabi/lib/thumb/v7-m/nofp\libc_nano.a(lib_a-mprec.o)
                0x08006030                __s2b
 .text.__hi0bits
                0x080060c4       0x40 d:/10 2021.10/bin/../lib/gcc/arm-none-eabi/10.3.1/../../../../arm-none-eabi/lib/thumb/v7-m/nofp\libc_nano.a(lib_a-mprec.o)
                0x080060c4                __hi0bits
 .text.__lo0bits
                0x08006104       0x5a d:/10 2021.10/bin/../lib/gcc/arm-none-eabi/10.3.1/../../../../arm-none-eabi/lib/thumb/v7-m/nofp\libc_nano.a(lib_a-mprec.o)
                0x08006104                __lo0bits
 *fill*         0x0800615e        0x2 
 .text.__i2b    0x08006160       0x2c d:/10 2021.10/bin/../lib/gcc/arm-none-eabi/10.3.1/../../../../arm-none-eabi/lib/thumb/v7-m/nofp\libc_nano.a(lib_a-mprec.o)
                0x08006160                __i2b
 .text.__multiply
                0x0800618c      0x150 d:/10 2021.10/bin/../lib/gcc/arm-none-eabi/10.3.1/../../../../arm-none-eabi/lib/thumb/v7-m/nofp\libc_nano.a(lib_a-mprec.o)
                0x0800618c                __multiply
 .text.__pow5mult
                0x080062dc       0xb4 d:/10 2021.10/bin/../lib/gcc/arm-none-eabi/10.3.1/../../../../arm-none-eabi/lib/thumb/v7-m/nofp\libc_nano.a(lib_a-mprec.o)
                0x080062dc                __pow5mult
 .text.__lshift
                0x08006390       0xe0 d:/10 2021.10/bin/../lib/gcc/arm-none-eabi/10.3.1/../../../../arm-none-eabi/lib/thumb/v7-m/nofp\libc_nano.a(lib_a-mprec.o)
                0x08006390                __lshift
 .text.__mcmp   0x08006470       0x36 d:/10 2021.10/bin/../lib/gcc/arm-none-eabi/10.3.1/../../../../arm-none-eabi/lib/thumb/v7-m/nofp\libc_nano.a(lib_a-mprec.o)
                0x08006470                __mcmp
 *fill*         0x080064a6        0x2 
 .text.__mdiff  0x080064a8      0x118 d:/10 2021.10/bin/../lib/gcc/arm-none-eabi/10.3.1/../../../../arm-none-eabi/lib/thumb/v7-m/nofp\libc_nano.a(lib_a-mprec.o)
                0x080064a8                __mdiff
 .text.__ulp    0x080065c0       0x4c d:/10 2021.10/bin/../lib/gcc/arm-none-eabi/10.3.1/../../../../arm-none-eabi/lib/thumb/v7-m/nofp\libc_nano.a(lib_a-mprec.o)
                0x080065c0                __ulp
 .text.__b2d    0x0800660c       0xa8 d:/10 2021.10/bin/../lib/gcc/arm-none-eabi/10.3.1/../../../../arm-none-eabi/lib/thumb/v7-m/nofp\libc_nano.a(lib_a-mprec.o)
                0x0800660c                __b2d
 .text.__d2b    0x080066b4       0xb8 d:/10 2021.10/bin/../lib/gcc/arm-none-eabi/10.3.1/../../../../arm-none-eabi/lib/thumb/v7-m/nofp\libc_nano.a(lib_a-mprec.o)
                0x080066b4                __d2b
 .text.__ratio  0x0800676c       0x5c d:/10 2021.10/bin/../lib/gcc/arm-none-eabi/10.3.1/../../../../arm-none-eabi/lib/thumb/v7-m/nofp\libc_nano.a(lib_a-mprec.o)
                0x0800676c                __ratio
 .text.__copybits
                0x080067c8       0x46 d:/10 2021.10/bin/../lib/gcc/arm-none-eabi/10.3.1/../../../../arm-none-eabi/lib/thumb/v7-m/nofp\libc_nano.a(lib_a-mprec.o)
                0x080067c8                __copybits
 .text.__any_on
                0x0800680e       0x42 d:/10 2021.10/bin/../lib/gcc/arm-none-eabi/10.3.1/../../../../arm-none-eabi/lib/thumb/v7-m/nofp\libc_nano.a(lib_a-mprec.o)
                0x0800680e                __any_on
 .text._calloc_r
                0x08006850       0x28 d:/10 2021.10/bin/../lib/gcc/arm-none-eabi/10.3.1/../../../../arm-none-eabi/lib/thumb/v7-m/nofp\libc_nano.a(lib_a-nano-callocr.o)
                0x08006850                _calloc_r
 .text.sbrk_aligned
                0x08006878       0x40 d:/10 2021.10/bin/../lib/gcc/arm-none-eabi/10.3.1/../../../../arm-none-eabi/lib/thumb/v7-m/nofp\libc_nano.a(lib_a-nano-mallocr.o)
 .text._malloc_r
                0x080068b8       0xe8 d:/10 2021.10/bin/../lib/gcc/arm-none-eabi/10.3.1/../../../../arm-none-eabi/lib/thumb/v7-m/nofp\libc_nano.a(lib_a-nano-mallocr.o)
                0x080068b8                _malloc_r
 .text.__ssputs_r
                0x080069a0       0xb6 d:/10 2021.10/bin/../lib/gcc/arm-none-eabi/10.3.1/../../../../arm-none-eabi/lib/thumb/v7-m/nofp\libc_nano.a(lib_a-nano-svfprintf.o)
                0x080069a0                __ssputs_r
 *fill*         0x08006a56        0x2 
 .text._svfprintf_r
                0x08006a58      0x200 d:/10 2021.10/bin/../lib/gcc/arm-none-eabi/10.3.1/../../../../arm-none-eabi/lib/thumb/v7-m/nofp\libc_nano.a(lib_a-nano-svfprintf.o)
                0x08006a58                _svfiprintf_r
                0x08006a58                _svfprintf_r
 .text._sungetc_r
                0x08006c58       0x7a d:/10 2021.10/bin/../lib/gcc/arm-none-eabi/10.3.1/../../../../arm-none-eabi/lib/thumb/v7-m/nofp\libc_nano.a(lib_a-nano-svfscanf.o)
                0x08006c58                _sungetc_r
 .text.__ssrefill_r
                0x08006cd2       0x3a d:/10 2021.10/bin/../lib/gcc/arm-none-eabi/10.3.1/../../../../arm-none-eabi/lib/thumb/v7-m/nofp\libc_nano.a(lib_a-nano-svfscanf.o)
                0x08006cd2                __ssrefill_r
 .text.__ssvfscanf_r
                0x08006d0c      0x2f4 d:/10 2021.10/bin/../lib/gcc/arm-none-eabi/10.3.1/../../../../arm-none-eabi/lib/thumb/v7-m/nofp\libc_nano.a(lib_a-nano-svfscanf.o)
                0x08006d0c                __ssvfiscanf_r
                0x08006d0c                __ssvfscanf_r
 .text._printf_common
                0x08007000       0xde d:/10 2021.10/bin/../lib/gcc/arm-none-eabi/10.3.1/../../../../arm-none-eabi/lib/thumb/v7-m/nofp\libc_nano.a(lib_a-nano-vfprintf_i.o)
                0x08007000                _printf_common
 *fill*         0x080070de        0x2 
 .text._printf_i
                0x080070e0      0x24c d:/10 2021.10/bin/../lib/gcc/arm-none-eabi/10.3.1/../../../../arm-none-eabi/lib/thumb/v7-m/nofp\libc_nano.a(lib_a-nano-vfprintf_i.o)
                0x080070e0                _printf_i
 .text._scanf_chars
                0x0800732c       0xb4 d:/10 2021.10/bin/../lib/gcc/arm-none-eabi/10.3.1/../../../../arm-none-eabi/lib/thumb/v7-m/nofp\libc_nano.a(lib_a-nano-vfscanf_i.o)
                0x0800732c                _scanf_chars
 .text._scanf_i
                0x080073e0      0x1f0 d:/10 2021.10/bin/../lib/gcc/arm-none-eabi/10.3.1/../../../../arm-none-eabi/lib/thumb/v7-m/nofp\libc_nano.a(lib_a-nano-vfscanf_i.o)
                0x080073e0                _scanf_i
 .text._read_r  0x080075d0       0x24 d:/10 2021.10/bin/../lib/gcc/arm-none-eabi/10.3.1/../../../../arm-none-eabi/lib/thumb/v7-m/nofp\libc_nano.a(lib_a-readr.o)
                0x080075d0                _read_r
 .text.nan      0x080075f4        0xc d:/10 2021.10/bin/../lib/gcc/arm-none-eabi/10.3.1/../../../../arm-none-eabi/lib/thumb/v7-m/nofp\libc_nano.a(lib_a-s_nan.o)
                0x080075f4                nan
 .text._sbrk_r  0x08007600       0x20 d:/10 2021.10/bin/../lib/gcc/arm-none-eabi/10.3.1/../../../../arm-none-eabi/lib/thumb/v7-m/nofp\libc_nano.a(lib_a-sbrkr.o)
                0x08007600                _sbrk_r
 .text.__sccl   0x08007620       0x70 d:/10 2021.10/bin/../lib/gcc/arm-none-eabi/10.3.1/../../../../arm-none-eabi/lib/thumb/v7-m/nofp\libc_nano.a(lib_a-sccl.o)
                0x08007620                __sccl
 .text._strtol_l.constprop.0
                0x08007690       0xf8 d:/10 2021.10/bin/../lib/gcc/arm-none-eabi/10.3.1/../../../../arm-none-eabi/lib/thumb/v7-m/nofp\libc_nano.a(lib_a-strtol.o)
 .text._strtol_r
                0x08007788        0x4 d:/10 2021.10/bin/../lib/gcc/arm-none-eabi/10.3.1/../../../../arm-none-eabi/lib/thumb/v7-m/nofp\libc_nano.a(lib_a-strtol.o)
                0x08007788                _strtol_r
 .text._strtoul_l.constprop.0
                0x0800778c       0xe4 d:/10 2021.10/bin/../lib/gcc/arm-none-eabi/10.3.1/../../../../arm-none-eabi/lib/thumb/v7-m/nofp\libc_nano.a(lib_a-strtoul.o)
 .text._strtoul_r
                0x08007870        0x4 d:/10 2021.10/bin/../lib/gcc/arm-none-eabi/10.3.1/../../../../arm-none-eabi/lib/thumb/v7-m/nofp\libc_nano.a(lib_a-strtoul.o)
                0x08007870                _strtoul_r
 .text.__submore
                0x08007874       0x70 d:/10 2021.10/bin/../lib/gcc/arm-none-eabi/10.3.1/../../../../arm-none-eabi/lib/thumb/v7-m/nofp\libc_nano.a(lib_a-ungetc.o)
                0x08007874                __submore
 .text.__ascii_wctomb
                0x080078e4       0x1a d:/10 2021.10/bin/../lib/gcc/arm-none-eabi/10.3.1/../../../../arm-none-eabi/lib/thumb/v7-m/nofp\libc_nano.a(lib_a-wctomb_r.o)
                0x080078e4                __ascii_wctomb
 *fill*         0x080078fe        0x2 
 .text.__assert_func
                0x08007900       0x3c d:/10 2021.10/bin/../lib/gcc/arm-none-eabi/10.3.1/../../../../arm-none-eabi/lib/thumb/v7-m/nofp\libc_nano.a(lib_a-assert.o)
                0x08007900                __assert_func
 .text.__errno  0x0800793c        0xc d:/10 2021.10/bin/../lib/gcc/arm-none-eabi/10.3.1/../../../../arm-none-eabi/lib/thumb/v7-m/nofp\libc_nano.a(lib_a-errno.o)
                0x0800793c                __errno
 .text.__sflush_r
                0x08007948      0x104 d:/10 2021.10/bin/../lib/gcc/arm-none-eabi/10.3.1/../../../../arm-none-eabi/lib/thumb/v7-m/nofp\libc_nano.a(lib_a-fflush.o)
                0x08007948                __sflush_r
 .text._fflush_r
                0x08007a4c       0x78 d:/10 2021.10/bin/../lib/gcc/arm-none-eabi/10.3.1/../../../../arm-none-eabi/lib/thumb/v7-m/nofp\libc_nano.a(lib_a-fflush.o)
                0x08007a4c                _fflush_r
 .text.std      0x08007ac4       0x48 d:/10 2021.10/bin/../lib/gcc/arm-none-eabi/10.3.1/../../../../arm-none-eabi/lib/thumb/v7-m/nofp\libc_nano.a(lib_a-findfp.o)
 .text._cleanup_r
                0x08007b0c        0xc d:/10 2021.10/bin/../lib/gcc/arm-none-eabi/10.3.1/../../../../arm-none-eabi/lib/thumb/v7-m/nofp\libc_nano.a(lib_a-findfp.o)
                0x08007b0c                _cleanup_r
 .text.__sfmoreglue
                0x08007b18       0x2c d:/10 2021.10/bin/../lib/gcc/arm-none-eabi/10.3.1/../../../../arm-none-eabi/lib/thumb/v7-m/nofp\libc_nano.a(lib_a-findfp.o)
                0x08007b18                __sfmoreglue
 .text.__sfp_lock_acquire
                0x08007b44        0xc d:/10 2021.10/bin/../lib/gcc/arm-none-eabi/10.3.1/../../../../arm-none-eabi/lib/thumb/v7-m/nofp\libc_nano.a(lib_a-findfp.o)
                0x08007b44                __sfp_lock_acquire
 .text.__sfp_lock_release
                0x08007b50        0xc d:/10 2021.10/bin/../lib/gcc/arm-none-eabi/10.3.1/../../../../arm-none-eabi/lib/thumb/v7-m/nofp\libc_nano.a(lib_a-findfp.o)
                0x08007b50                __sfp_lock_release
 .text.__sinit_lock_acquire
                0x08007b5c        0xc d:/10 2021.10/bin/../lib/gcc/arm-none-eabi/10.3.1/../../../../arm-none-eabi/lib/thumb/v7-m/nofp\libc_nano.a(lib_a-findfp.o)
                0x08007b5c                __sinit_lock_acquire
 .text.__sinit_lock_release
                0x08007b68        0xc d:/10 2021.10/bin/../lib/gcc/arm-none-eabi/10.3.1/../../../../arm-none-eabi/lib/thumb/v7-m/nofp\libc_nano.a(lib_a-findfp.o)
                0x08007b68                __sinit_lock_release
 .text.__sinit  0x08007b74       0x70 d:/10 2021.10/bin/../lib/gcc/arm-none-eabi/10.3.1/../../../../arm-none-eabi/lib/thumb/v7-m/nofp\libc_nano.a(lib_a-findfp.o)
                0x08007b74                __sinit
 .text.__sfp    0x08007be4       0x8c d:/10 2021.10/bin/../lib/gcc/arm-none-eabi/10.3.1/../../../../arm-none-eabi/lib/thumb/v7-m/nofp\libc_nano.a(lib_a-findfp.o)
                0x08007be4                __sfp
 .text.fprintf  0x08007c70       0x24 d:/10 2021.10/bin/../lib/gcc/arm-none-eabi/10.3.1/../../../../arm-none-eabi/lib/thumb/v7-m/nofp\libc_nano.a(lib_a-fprintf.o)
                0x08007c70                fiprintf
                0x08007c70                fprintf
 .text._fwalk_reent
                0x08007c94       0x3e d:/10 2021.10/bin/../lib/gcc/arm-none-eabi/10.3.1/../../../../arm-none-eabi/lib/thumb/v7-m/nofp\libc_nano.a(lib_a-fwalk.o)
                0x08007c94                _fwalk_reent
 .text.__retarget_lock_init_recursive
                0x08007cd2        0x2 d:/10 2021.10/bin/../lib/gcc/arm-none-eabi/10.3.1/../../../../arm-none-eabi/lib/thumb/v7-m/nofp\libc_nano.a(lib_a-lock.o)
                0x08007cd2                __retarget_lock_init_recursive
 .text.__retarget_lock_acquire_recursive
                0x08007cd4        0x2 d:/10 2021.10/bin/../lib/gcc/arm-none-eabi/10.3.1/../../../../arm-none-eabi/lib/thumb/v7-m/nofp\libc_nano.a(lib_a-lock.o)
                0x08007cd4                __retarget_lock_acquire_recursive
 .text.__retarget_lock_release_recursive
                0x08007cd6        0x2 d:/10 2021.10/bin/../lib/gcc/arm-none-eabi/10.3.1/../../../../arm-none-eabi/lib/thumb/v7-m/nofp\libc_nano.a(lib_a-lock.o)
                0x08007cd6                __retarget_lock_release_recursive
 .text.malloc   0x08007cd8       0x10 d:/10 2021.10/bin/../lib/gcc/arm-none-eabi/10.3.1/../../../../arm-none-eabi/lib/thumb/v7-m/nofp\libc_nano.a(lib_a-malloc.o)
                0x08007cd8                malloc
 .text.memchr   0x08007ce8       0x1c d:/10 2021.10/bin/../lib/gcc/arm-none-eabi/10.3.1/../../../../arm-none-eabi/lib/thumb/v7-m/nofp\libc_nano.a(lib_a-memchr-stub.o)
                0x08007ce8                memchr
 .text.memmove  0x08007d04       0x34 d:/10 2021.10/bin/../lib/gcc/arm-none-eabi/10.3.1/../../../../arm-none-eabi/lib/thumb/v7-m/nofp\libc_nano.a(lib_a-memmove.o)
                0x08007d04                memmove
 .text.__malloc_lock
                0x08007d38        0xc d:/10 2021.10/bin/../lib/gcc/arm-none-eabi/10.3.1/../../../../arm-none-eabi/lib/thumb/v7-m/nofp\libc_nano.a(lib_a-mlock.o)
                0x08007d38                __malloc_lock
 .text.__malloc_unlock
                0x08007d44        0xc d:/10 2021.10/bin/../lib/gcc/arm-none-eabi/10.3.1/../../../../arm-none-eabi/lib/thumb/v7-m/nofp\libc_nano.a(lib_a-mlock.o)
                0x08007d44                __malloc_unlock
 .text._free_r  0x08007d50       0x90 d:/10 2021.10/bin/../lib/gcc/arm-none-eabi/10.3.1/../../../../arm-none-eabi/lib/thumb/v7-m/nofp\libc_nano.a(lib_a-nano-freer.o)
                0x08007d50                _free_r
 .text._realloc_r
                0x08007de0       0x5e d:/10 2021.10/bin/../lib/gcc/arm-none-eabi/10.3.1/../../../../arm-none-eabi/lib/thumb/v7-m/nofp\libc_nano.a(lib_a-nano-reallocr.o)
                0x08007de0                _realloc_r
 .text.__sfputc_r
                0x08007e3e       0x2a d:/10 2021.10/bin/../lib/gcc/arm-none-eabi/10.3.1/../../../../arm-none-eabi/lib/thumb/v7-m/nofp\libc_nano.a(lib_a-nano-vfprintf.o)
 .text.__sfputs_r
                0x08007e68       0x24 d:/10 2021.10/bin/../lib/gcc/arm-none-eabi/10.3.1/../../../../arm-none-eabi/lib/thumb/v7-m/nofp\libc_nano.a(lib_a-nano-vfprintf.o)
                0x08007e68                __sfputs_r
 .text._vfprintf_r
                0x08007e8c      0x260 d:/10 2021.10/bin/../lib/gcc/arm-none-eabi/10.3.1/../../../../arm-none-eabi/lib/thumb/v7-m/nofp\libc_nano.a(lib_a-nano-vfprintf.o)
                0x08007e8c                _vfprintf_r
                0x08007e8c                _vfiprintf_r
 .text.__swbuf_r
                0x080080ec       0xa4 d:/10 2021.10/bin/../lib/gcc/arm-none-eabi/10.3.1/../../../../arm-none-eabi/lib/thumb/v7-m/nofp\libc_nano.a(lib_a-wbuf.o)
                0x080080ec                __swbuf_r
 .text.__swsetup_r
                0x08008190       0xdc d:/10 2021.10/bin/../lib/gcc/arm-none-eabi/10.3.1/../../../../arm-none-eabi/lib/thumb/v7-m/nofp\libc_nano.a(lib_a-wsetup.o)
                0x08008190                __swsetup_r
 .text.abort    0x0800826c        0xe d:/10 2021.10/bin/../lib/gcc/arm-none-eabi/10.3.1/../../../../arm-none-eabi/lib/thumb/v7-m/nofp\libc_nano.a(lib_a-abort.o)
                0x0800826c                abort
 .text.__swhatbuf_r
                0x0800827a       0x4a d:/10 2021.10/bin/../lib/gcc/arm-none-eabi/10.3.1/../../../../arm-none-eabi/lib/thumb/v7-m/nofp\libc_nano.a(lib_a-makebuf.o)
                0x0800827a                __swhatbuf_r
 .text.__smakebuf_r
                0x080082c4       0x80 d:/10 2021.10/bin/../lib/gcc/arm-none-eabi/10.3.1/../../../../arm-none-eabi/lib/thumb/v7-m/nofp\libc_nano.a(lib_a-makebuf.o)
                0x080082c4                __smakebuf_r
 .text._malloc_usable_size_r
                0x08008344       0x10 d:/10 2021.10/bin/../lib/gcc/arm-none-eabi/10.3.1/../../../../arm-none-eabi/lib/thumb/v7-m/nofp\libc_nano.a(lib_a-nano-msizer.o)
                0x08008344                _malloc_usable_size_r
 .text._raise_r
                0x08008354       0x50 d:/10 2021.10/bin/../lib/gcc/arm-none-eabi/10.3.1/../../../../arm-none-eabi/lib/thumb/v7-m/nofp\libc_nano.a(lib_a-signal.o)
                0x08008354                _raise_r
 .text.raise    0x080083a4       0x10 d:/10 2021.10/bin/../lib/gcc/arm-none-eabi/10.3.1/../../../../arm-none-eabi/lib/thumb/v7-m/nofp\libc_nano.a(lib_a-signal.o)
                0x080083a4                raise
 .text._kill_r  0x080083b4       0x24 d:/10 2021.10/bin/../lib/gcc/arm-none-eabi/10.3.1/../../../../arm-none-eabi/lib/thumb/v7-m/nofp\libc_nano.a(lib_a-signalr.o)
                0x080083b4                _kill_r
 .text._getpid_r
                0x080083d8        0x4 d:/10 2021.10/bin/../lib/gcc/arm-none-eabi/10.3.1/../../../../arm-none-eabi/lib/thumb/v7-m/nofp\libc_nano.a(lib_a-signalr.o)
                0x080083d8                _getpid_r
 .text._fstat_r
                0x080083dc       0x24 d:/10 2021.10/bin/../lib/gcc/arm-none-eabi/10.3.1/../../../../arm-none-eabi/lib/thumb/v7-m/nofp\libc_nano.a(lib_a-fstatr.o)
                0x080083dc                _fstat_r
 .text._isatty_r
                0x08008400       0x20 d:/10 2021.10/bin/../lib/gcc/arm-none-eabi/10.3.1/../../../../arm-none-eabi/lib/thumb/v7-m/nofp\libc_nano.a(lib_a-isattyr.o)
                0x08008400                _isatty_r
 .text._close   0x08008420       0x10 d:/10 2021.10/bin/../lib/gcc/arm-none-eabi/10.3.1/../../../../arm-none-eabi/lib/thumb/v7-m/nofp\libnosys.a(close.o)
                0x08008420                _close
 .text._fstat   0x08008430       0x10 d:/10 2021.10/bin/../lib/gcc/arm-none-eabi/10.3.1/../../../../arm-none-eabi/lib/thumb/v7-m/nofp\libnosys.a(fstat.o)
                0x08008430                _fstat
 .text._getpid  0x08008440       0x10 d:/10 2021.10/bin/../lib/gcc/arm-none-eabi/10.3.1/../../../../arm-none-eabi/lib/thumb/v7-m/nofp\libnosys.a(getpid.o)
                0x08008440                _getpid
 .text._isatty  0x08008450       0x10 d:/10 2021.10/bin/../lib/gcc/arm-none-eabi/10.3.1/../../../../arm-none-eabi/lib/thumb/v7-m/nofp\libnosys.a(isatty.o)
                0x08008450                _isatty
 .text._kill    0x08008460       0x10 d:/10 2021.10/bin/../lib/gcc/arm-none-eabi/10.3.1/../../../../arm-none-eabi/lib/thumb/v7-m/nofp\libnosys.a(kill.o)
                0x08008460                _kill
 .text._lseek   0x08008470       0x10 d:/10 2021.10/bin/../lib/gcc/arm-none-eabi/10.3.1/../../../../arm-none-eabi/lib/thumb/v7-m/nofp\libnosys.a(lseek.o)
                0x08008470                _lseek
 .text._read    0x08008480       0x10 d:/10 2021.10/bin/../lib/gcc/arm-none-eabi/10.3.1/../../../../arm-none-eabi/lib/thumb/v7-m/nofp\libnosys.a(read.o)
                0x08008480                _read
 .text._sbrk    0x08008490       0x1c d:/10 2021.10/bin/../lib/gcc/arm-none-eabi/10.3.1/../../../../arm-none-eabi/lib/thumb/v7-m/nofp\libnosys.a(sbrk.o)
                0x08008490                _sbrk
 .text._write   0x080084ac       0x10 d:/10 2021.10/bin/../lib/gcc/arm-none-eabi/10.3.1/../../../../arm-none-eabi/lib/thumb/v7-m/nofp\libnosys.a(write.o)
                0x080084ac                _write
 .text._exit    0x080084bc        0x4 d:/10 2021.10/bin/../lib/gcc/arm-none-eabi/10.3.1/../../../../arm-none-eabi/lib/thumb/v7-m/nofp\libnosys.a(_exit.o)
                0x080084bc                _exit
 *(.glue_7)
 .glue_7        0x080084c0        0x0 linker stubs
 *(.glue_7t)
 .glue_7t       0x080084c0        0x0 linker stubs
 *(.eh_frame)
 .eh_frame      0x080084c0        0x0 d:/10 2021.10/bin/../lib/gcc/arm-none-eabi/10.3.1/thumb/v7-m/nofp/crtbegin.o
 *(.init)
 .init          0x080084c0        0x4 d:/10 2021.10/bin/../lib/gcc/arm-none-eabi/10.3.1/thumb/v7-m/nofp/crti.o
                0x080084c0                _init
 .init          0x080084c4        0x8 d:/10 2021.10/bin/../lib/gcc/arm-none-eabi/10.3.1/thumb/v7-m/nofp/crtn.o
 *(.fini)
 .fini          0x080084cc        0x4 d:/10 2021.10/bin/../lib/gcc/arm-none-eabi/10.3.1/thumb/v7-m/nofp/crti.o
                0x080084cc                _fini
 .fini          0x080084d0        0x8 d:/10 2021.10/bin/../lib/gcc/arm-none-eabi/10.3.1/thumb/v7-m/nofp/crtn.o
                0x080084d8                . = ALIGN (0x4)
                0x080084d8                _etext = .

.vfp11_veneer   0x080084d8        0x0
 .vfp11_veneer  0x080084d8        0x0 linker stubs

.v4_bx          0x080084d8        0x0
 .v4_bx         0x080084d8        0x0 linker stubs

.iplt           0x080084d8        0x0
 .iplt          0x080084d8        0x0 d:/10 2021.10/bin/../lib/gcc/arm-none-eabi/10.3.1/thumb/v7-m/nofp/crtbegin.o

.rodata         0x080084d8     0x13e8
                0x080084d8                . = ALIGN (0x4)
 *(.rodata)
 .rodata        0x080084d8       0x70 build/main.o
 .rodata        0x08008548        0xc d:/10 2021.10/bin/../lib/gcc/arm-none-eabi/10.3.1/../../../../arm-none-eabi/lib/thumb/v7-m/nofp\libc_nano.a(lib_a-nano-vfscanf_i.o)
 *(.rodata*)
 .rodata.str1.4
                0x08008554       0x1e build/main.o
 *fill*         0x08008572        0x2 
 .rodata.Task_Sensor.str1.4
                0x08008574        0xd build/main.o
 *fill*         0x08008581        0x3 
 .rodata.Task_Servo.str1.4
                0x08008584       0x3c build/main.o
 .rodata.Task_Display.str1.4
                0x080085c0       0x36 build/main.o
                                 0x3a (size before relaxing)
 *fill*         0x080085f6        0x2 
 .rodata.Task_Data.str1.4
                0x080085f8       0x94 build/main.o
 .rodata.HAL_UART_RxCpltCallback.str1.4
                0x0800868c        0xd build/main.o
 *fill*         0x08008699        0x3 
 .rodata.Font11x18
                0x0800869c      0xd5c build/fonts.o
 .rodata.HAL_RCC_GetSysClockFreq.str1.4
                0x080093f8       0x11 build/stm32f1xx_hal_rcc.o
 *fill*         0x08009409        0x3 
 .rodata.AHBPrescTable
                0x0800940c       0x10 build/system_stm32f1xx.o
                0x0800940c                AHBPrescTable
 .rodata.APBPrescTable
                0x0800941c        0x8 build/system_stm32f1xx.o
                0x0800941c                APBPrescTable
 .rodata.vTaskStartScheduler.str1.4
                0x08009424        0x5 build/tasks.o
 *fill*         0x08009429        0x3 
 .rodata._global_impure_ptr
                0x0800942c        0x4 d:/10 2021.10/bin/../lib/gcc/arm-none-eabi/10.3.1/../../../../arm-none-eabi/lib/thumb/v7-m/nofp\libc_nano.a(lib_a-impure.o)
                0x0800942c                _global_impure_ptr
 .rodata._strtod_l.str1.1
                0x08009430        0xc d:/10 2021.10/bin/../lib/gcc/arm-none-eabi/10.3.1/../../../../arm-none-eabi/lib/thumb/v7-m/nofp\libc_nano.a(lib_a-strtod.o)
                                  0xd (size before relaxing)
 .rodata.fpi.1  0x0800943c       0x14 d:/10 2021.10/bin/../lib/gcc/arm-none-eabi/10.3.1/../../../../arm-none-eabi/lib/thumb/v7-m/nofp\libc_nano.a(lib_a-strtod.o)
 .rodata.fpinan.0
                0x08009450       0x14 d:/10 2021.10/bin/../lib/gcc/arm-none-eabi/10.3.1/../../../../arm-none-eabi/lib/thumb/v7-m/nofp\libc_nano.a(lib_a-strtod.o)
 *fill*         0x08009464        0x4 
 .rodata.tinytens
                0x08009468       0x28 d:/10 2021.10/bin/../lib/gcc/arm-none-eabi/10.3.1/../../../../arm-none-eabi/lib/thumb/v7-m/nofp\libc_nano.a(lib_a-strtod.o)
 .rodata.__gethex.str1.1
                0x08009490       0x97 d:/10 2021.10/bin/../lib/gcc/arm-none-eabi/10.3.1/../../../../arm-none-eabi/lib/thumb/v7-m/nofp\libc_nano.a(lib_a-gdtoa-gethex.o)
 .rodata.str1.1
                0x08009527        0x2 d:/10 2021.10/bin/../lib/gcc/arm-none-eabi/10.3.1/../../../../arm-none-eabi/lib/thumb/v7-m/nofp\libc_nano.a(lib_a-lnumeric.o)
                                  0x3 (size before relaxing)
 *fill*         0x08009529        0x3 
 .rodata._C_numeric_locale
                0x0800952c        0xc d:/10 2021.10/bin/../lib/gcc/arm-none-eabi/10.3.1/../../../../arm-none-eabi/lib/thumb/v7-m/nofp\libc_nano.a(lib_a-lnumeric.o)
                0x0800952c                _C_numeric_locale
 .rodata._setlocale_r.str1.1
                0x08009538        0x8 d:/10 2021.10/bin/../lib/gcc/arm-none-eabi/10.3.1/../../../../arm-none-eabi/lib/thumb/v7-m/nofp\libc_nano.a(lib_a-locale.o)
                                  0x9 (size before relaxing)
 .rodata.str1.1
                0x08009540        0x2 d:/10 2021.10/bin/../lib/gcc/arm-none-eabi/10.3.1/../../../../arm-none-eabi/lib/thumb/v7-m/nofp\libc_nano.a(lib_a-locale.o)
 .rodata._Balloc.str1.1
                0x08009540       0x96 d:/10 2021.10/bin/../lib/gcc/arm-none-eabi/10.3.1/../../../../arm-none-eabi/lib/thumb/v7-m/nofp\libc_nano.a(lib_a-mprec.o)
 .rodata.__multadd.str1.1
                0x080095d6       0x11 d:/10 2021.10/bin/../lib/gcc/arm-none-eabi/10.3.1/../../../../arm-none-eabi/lib/thumb/v7-m/nofp\libc_nano.a(lib_a-mprec.o)
 *fill*         0x080095d6        0x2 
 .rodata.__mprec_bigtens
                0x080095d8       0x28 d:/10 2021.10/bin/../lib/gcc/arm-none-eabi/10.3.1/../../../../arm-none-eabi/lib/thumb/v7-m/nofp\libc_nano.a(lib_a-mprec.o)
                0x080095d8                __mprec_bigtens
 .rodata.__mprec_tens
                0x08009600       0xc8 d:/10 2021.10/bin/../lib/gcc/arm-none-eabi/10.3.1/../../../../arm-none-eabi/lib/thumb/v7-m/nofp\libc_nano.a(lib_a-mprec.o)
                0x08009600                __mprec_tens
 .rodata.p05.0  0x080096c8        0xc d:/10 2021.10/bin/../lib/gcc/arm-none-eabi/10.3.1/../../../../arm-none-eabi/lib/thumb/v7-m/nofp\libc_nano.a(lib_a-mprec.o)
 .rodata._svfprintf_r.str1.1
                0x080096d4       0x11 d:/10 2021.10/bin/../lib/gcc/arm-none-eabi/10.3.1/../../../../arm-none-eabi/lib/thumb/v7-m/nofp\libc_nano.a(lib_a-nano-svfprintf.o)
 .rodata.__ssvfscanf_r.str1.1
                0x080096e5        0x4 d:/10 2021.10/bin/../lib/gcc/arm-none-eabi/10.3.1/../../../../arm-none-eabi/lib/thumb/v7-m/nofp\libc_nano.a(lib_a-nano-svfscanf.o)
 .rodata._printf_i.str1.1
                0x080096e5       0x22 d:/10 2021.10/bin/../lib/gcc/arm-none-eabi/10.3.1/../../../../arm-none-eabi/lib/thumb/v7-m/nofp\libc_nano.a(lib_a-nano-vfprintf_i.o)
 .rodata.str1.1
                0x08009707        0x9 d:/10 2021.10/bin/../lib/gcc/arm-none-eabi/10.3.1/../../../../arm-none-eabi/lib/thumb/v7-m/nofp\libc_nano.a(lib_a-nano-vfscanf_i.o)
 .rodata._scanf_i.str1.1
                0x08009710       0x12 d:/10 2021.10/bin/../lib/gcc/arm-none-eabi/10.3.1/../../../../arm-none-eabi/lib/thumb/v7-m/nofp\libc_nano.a(lib_a-nano-vfscanf_i.o)
 .rodata.__assert_func.str1.1
                0x08009722       0x3c d:/10 2021.10/bin/../lib/gcc/arm-none-eabi/10.3.1/../../../../arm-none-eabi/lib/thumb/v7-m/nofp\libc_nano.a(lib_a-assert.o)
                                 0x3d (size before relaxing)
 .rodata._ctype_
                0x0800975e      0x101 d:/10 2021.10/bin/../lib/gcc/arm-none-eabi/10.3.1/../../../../arm-none-eabi/lib/thumb/v7-m/nofp\libc_nano.a(lib_a-ctype_.o)
                0x0800975e                _ctype_
 *fill*         0x0800985f        0x1 
 .rodata.__sf_fake_stderr
                0x08009860       0x20 d:/10 2021.10/bin/../lib/gcc/arm-none-eabi/10.3.1/../../../../arm-none-eabi/lib/thumb/v7-m/nofp\libc_nano.a(lib_a-findfp.o)
                0x08009860                __sf_fake_stderr
 .rodata.__sf_fake_stdin
                0x08009880       0x20 d:/10 2021.10/bin/../lib/gcc/arm-none-eabi/10.3.1/../../../../arm-none-eabi/lib/thumb/v7-m/nofp\libc_nano.a(lib_a-findfp.o)
                0x08009880                __sf_fake_stdin
 .rodata.__sf_fake_stdout
                0x080098a0       0x20 d:/10 2021.10/bin/../lib/gcc/arm-none-eabi/10.3.1/../../../../arm-none-eabi/lib/thumb/v7-m/nofp\libc_nano.a(lib_a-findfp.o)
                0x080098a0                __sf_fake_stdout
 .rodata._vfprintf_r.str1.1
                0x080098c0       0x11 d:/10 2021.10/bin/../lib/gcc/arm-none-eabi/10.3.1/../../../../arm-none-eabi/lib/thumb/v7-m/nofp\libc_nano.a(lib_a-nano-vfprintf.o)
                0x080098d4                . = ALIGN (0x4)

.rel.dyn        0x080098c0        0x0
 .rel.iplt      0x080098c0        0x0 d:/10 2021.10/bin/../lib/gcc/arm-none-eabi/10.3.1/thumb/v7-m/nofp/crtbegin.o

.ARM.extab
 *(.ARM.extab* .gnu.linkonce.armextab.*)

.ARM            0x080098c0        0x0
                0x080098c0                __exidx_start = .
 *(.ARM.exidx*)
                0x080098c0                __exidx_end = .

.preinit_array  0x080098c0        0x0
                0x080098c0                PROVIDE (__preinit_array_start = .)
 *(.preinit_array*)
                0x080098c0                PROVIDE (__preinit_array_end = .)

.init_array     0x080098c0        0x4
                0x080098c0                PROVIDE (__init_array_start = .)
 *(SORT_BY_NAME(.init_array.*))
 *(.init_array*)
 .init_array    0x080098c0        0x4 d:/10 2021.10/bin/../lib/gcc/arm-none-eabi/10.3.1/thumb/v7-m/nofp/crtbegin.o
                0x080098c4                PROVIDE (__init_array_end = .)

.fini_array     0x080098c4        0x4
                [!provide]                PROVIDE (__fini_array_start = .)
 *(SORT_BY_NAME(.fini_array.*))
 *(.fini_array*)
 .fini_array    0x080098c4        0x4 d:/10 2021.10/bin/../lib/gcc/arm-none-eabi/10.3.1/thumb/v7-m/nofp/crtbegin.o
                [!provide]                PROVIDE (__fini_array_end = .)
                0x080098c8                _sidata = LOADADDR (.data)

.data           0x20000000      0x1f4 load address 0x080098c8
                0x20000000                . = ALIGN (0x4)
                0x20000000                _sdata = .
 *(.data)
 *(.data*)
 .data.humi     0x20000000        0x4 build/main.o
                0x20000000                humi
 .data.temp     0x20000004        0x4 build/main.o
                0x20000004                temp
 .data.Font_11x18
                0x20000008        0x8 build/fonts.o
                0x20000008                Font_11x18
 .data.uwTickFreq
                0x20000010        0x1 build/stm32f1xx_hal.o
                0x20000010                uwTickFreq
 *fill*         0x20000011        0x3 
 .data.uwTickPrio
                0x20000014        0x4 build/stm32f1xx_hal.o
                0x20000014                uwTickPrio
 .data.SystemCoreClock
                0x20000018        0x4 build/system_stm32f1xx.o
                0x20000018                SystemCoreClock
 .data.uxCriticalNesting
                0x2000001c        0x4 build/port.o
 .data._impure_ptr
                0x20000020        0x4 d:/10 2021.10/bin/../lib/gcc/arm-none-eabi/10.3.1/../../../../arm-none-eabi/lib/thumb/v7-m/nofp\libc_nano.a(lib_a-impure.o)
                0x20000020                _impure_ptr
 .data.impure_data
                0x20000024       0x60 d:/10 2021.10/bin/../lib/gcc/arm-none-eabi/10.3.1/../../../../arm-none-eabi/lib/thumb/v7-m/nofp\libc_nano.a(lib_a-impure.o)
 .data.numempty
                0x20000084        0x2 d:/10 2021.10/bin/../lib/gcc/arm-none-eabi/10.3.1/../../../../arm-none-eabi/lib/thumb/v7-m/nofp\libc_nano.a(lib_a-lnumeric.o)
 *fill*         0x20000086        0x2 
 .data.__global_locale
                0x20000088      0x16c d:/10 2021.10/bin/../lib/gcc/arm-none-eabi/10.3.1/../../../../arm-none-eabi/lib/thumb/v7-m/nofp\libc_nano.a(lib_a-locale.o)
                0x20000088                __global_locale
                0x200001f4                . = ALIGN (0x4)
                0x200001f4                _edata = .

.igot.plt       0x200001f4        0x0 load address 0x08009abc
 .igot.plt      0x200001f4        0x0 d:/10 2021.10/bin/../lib/gcc/arm-none-eabi/10.3.1/thumb/v7-m/nofp/crtbegin.o
                0x200001f4                . = ALIGN (0x4)

.bss            0x200001f4     0x1200 load address 0x08009abc
                0x200001f4                _sbss = .
                0x200001f4                __bss_start__ = _sbss
 *(.bss)
 .bss           0x200001f4       0x1c d:/10 2021.10/bin/../lib/gcc/arm-none-eabi/10.3.1/thumb/v7-m/nofp/crtbegin.o
 *(.bss*)
 .bss.DataSemHandle
                0x20000210        0x4 build/main.o
                0x20000210                DataSemHandle
 .bss.IRQSemHandle
                0x20000214        0x4 build/main.o
                0x20000214                IRQSemHandle
 .bss.Mode      0x20000218        0x4 build/main.o
                0x20000218                Mode
 .bss.PC_rota   0x2000021c        0x4 build/main.o
                0x2000021c                PC_rota
 .bss.PC_threshold
                0x20000220        0x4 build/main.o
                0x20000220                PC_threshold
 .bss.Rx_data   0x20000224        0x1 build/main.o
                0x20000224                Rx_data
 *fill*         0x20000225        0x3 
 .bss.Rx_index  0x20000228        0x4 build/main.o
                0x20000228                Rx_index
 .bss.SensorSemHandle
                0x2000022c        0x4 build/main.o
                0x2000022c                SensorSemHandle
 .bss.ServoSemHandle
                0x20000230        0x4 build/main.o
                0x20000230                ServoSemHandle
 .bss.Task1Handle
                0x20000234        0x4 build/main.o
                0x20000234                Task1Handle
 .bss.Task2Handle
                0x20000238        0x4 build/main.o
                0x20000238                Task2Handle
 .bss.Task3Handle
                0x2000023c        0x4 build/main.o
                0x2000023c                Task3Handle
 .bss.Task4Handle
                0x20000240        0x4 build/main.o
                0x20000240                Task4Handle
 .bss.buf_humi  0x20000244       0x14 build/main.o
                0x20000244                buf_humi
 .bss.buf_temp  0x20000258       0x14 build/main.o
                0x20000258                buf_temp
 .bss.buffer_data
                0x2000026c       0x32 build/main.o
                0x2000026c                buffer_data
 *fill*         0x2000029e        0x2 
 .bss.hspi2     0x200002a0       0x58 build/main.o
                0x200002a0                hspi2
 .bss.htim2     0x200002f8       0x48 build/main.o
                0x200002f8                htim2
 .bss.htim3     0x20000340       0x48 build/main.o
                0x20000340                htim3
 .bss.huart3    0x20000388       0x44 build/main.o
                0x20000388                huart3
 .bss.label_thres
                0x200003cc        0xa build/main.o
                0x200003cc                label_thres
 *fill*         0x200003d6        0x2 
 .bss.rota      0x200003d8       0x14 build/main.o
                0x200003d8                rota
 .bss.str_thres
                0x200003ec        0x5 build/main.o
                0x200003ec                str_thres
 *fill*         0x200003f1        0x3 
 .bss.xIdleStack
                0x200003f4      0x200 build/freertos.o
 .bss.xIdleTaskTCBBuffer
                0x200005f4       0x54 build/freertos.o
 .bss.htim1     0x20000648       0x48 build/stm32f1xx_hal_timebase_tim.o
                0x20000648                htim1
 .bss.uwTick    0x20000690        0x4 build/stm32f1xx_hal.o
                0x20000690                uwTick
 .bss.pxCurrentTCB
                0x20000694        0x4 build/tasks.o
                0x20000694                pxCurrentTCB
 .bss.pxDelayedTaskList
                0x20000698        0x4 build/tasks.o
 .bss.pxOverflowDelayedTaskList
                0x2000069c        0x4 build/tasks.o
 .bss.pxReadyTasksLists
                0x200006a0       0x8c build/tasks.o
 .bss.uxCurrentNumberOfTasks
                0x2000072c        0x4 build/tasks.o
 .bss.uxDeletedTasksWaitingCleanUp
                0x20000730        0x4 build/tasks.o
 .bss.uxPendedTicks
                0x20000734        0x4 build/tasks.o
 .bss.uxSchedulerSuspended
                0x20000738        0x4 build/tasks.o
 .bss.uxTaskNumber
                0x2000073c        0x4 build/tasks.o
 .bss.uxTopReadyPriority
                0x20000740        0x4 build/tasks.o
 .bss.xDelayedTaskList1
                0x20000744       0x14 build/tasks.o
 .bss.xDelayedTaskList2
                0x20000758       0x14 build/tasks.o
 .bss.xIdleTaskHandle
                0x2000076c        0x4 build/tasks.o
 .bss.xNextTaskUnblockTime
                0x20000770        0x4 build/tasks.o
 .bss.xNumOfOverflows
                0x20000774        0x4 build/tasks.o
 .bss.xPendingReadyList
                0x20000778       0x14 build/tasks.o
 .bss.xSchedulerRunning
                0x2000078c        0x4 build/tasks.o
 .bss.xSuspendedTaskList
                0x20000790       0x14 build/tasks.o
 .bss.xTasksWaitingTermination
                0x200007a4       0x14 build/tasks.o
 .bss.xTickCount
                0x200007b8        0x4 build/tasks.o
 .bss.xYieldPending
                0x200007bc        0x4 build/tasks.o
 .bss.pxEnd     0x200007c0        0x4 build/heap_4.o
 .bss.ucHeap    0x200007c4      0xc00 build/heap_4.o
 .bss.xBlockAllocatedBit
                0x200013c4        0x4 build/heap_4.o
 .bss.xFreeBytesRemaining
                0x200013c8        0x4 build/heap_4.o
 .bss.xMinimumEverFreeBytesRemaining
                0x200013cc        0x4 build/heap_4.o
 .bss.xStart    0x200013d0        0x8 build/heap_4.o
 .bss.ucMaxSysCallPriority
                0x200013d8        0x1 build/port.o
 *fill*         0x200013d9        0x3 
 .bss.ulMaxPRIGROUPValue
                0x200013dc        0x4 build/port.o
 .bss.__malloc_free_list
                0x200013e0        0x4 d:/10 2021.10/bin/../lib/gcc/arm-none-eabi/10.3.1/../../../../arm-none-eabi/lib/thumb/v7-m/nofp\libc_nano.a(lib_a-nano-mallocr.o)
                0x200013e0                __malloc_free_list
 .bss.__malloc_sbrk_start
                0x200013e4        0x4 d:/10 2021.10/bin/../lib/gcc/arm-none-eabi/10.3.1/../../../../arm-none-eabi/lib/thumb/v7-m/nofp\libc_nano.a(lib_a-nano-mallocr.o)
                0x200013e4                __malloc_sbrk_start
 .bss.errno     0x200013e8        0x4 d:/10 2021.10/bin/../lib/gcc/arm-none-eabi/10.3.1/../../../../arm-none-eabi/lib/thumb/v7-m/nofp\libc_nano.a(lib_a-reent.o)
                0x200013e8                errno
 .bss.__lock___malloc_recursive_mutex
                0x200013ec        0x1 d:/10 2021.10/bin/../lib/gcc/arm-none-eabi/10.3.1/../../../../arm-none-eabi/lib/thumb/v7-m/nofp\libc_nano.a(lib_a-lock.o)
                0x200013ec                __lock___malloc_recursive_mutex
 .bss.__lock___sfp_recursive_mutex
                0x200013ed        0x1 d:/10 2021.10/bin/../lib/gcc/arm-none-eabi/10.3.1/../../../../arm-none-eabi/lib/thumb/v7-m/nofp\libc_nano.a(lib_a-lock.o)
                0x200013ed                __lock___sfp_recursive_mutex
 .bss.__lock___sinit_recursive_mutex
                0x200013ee        0x1 d:/10 2021.10/bin/../lib/gcc/arm-none-eabi/10.3.1/../../../../arm-none-eabi/lib/thumb/v7-m/nofp\libc_nano.a(lib_a-lock.o)
                0x200013ee                __lock___sinit_recursive_mutex
 *fill*         0x200013ef        0x1 
 .bss.heap_end.0
                0x200013f0        0x4 d:/10 2021.10/bin/../lib/gcc/arm-none-eabi/10.3.1/../../../../arm-none-eabi/lib/thumb/v7-m/nofp\libnosys.a(sbrk.o)
 *(COMMON)
                0x200013f4                . = ALIGN (0x4)
                0x200013f4                _ebss = .
                0x200013f4                __bss_end__ = _ebss

._user_heap_stack
                0x200013f4      0x604 load address 0x08009abc
                0x200013f8                . = ALIGN (0x8)
 *fill*         0x200013f4        0x4 
                0x200013f8                PROVIDE (end = .)
                [!provide]                PROVIDE (_end = .)
                0x200015f8                . = (. + _Min_Heap_Size)
 *fill*         0x200013f8      0x200 
                0x200019f8                . = (. + _Min_Stack_Size)
 *fill*         0x200015f8      0x400 
                0x200019f8                . = ALIGN (0x8)

/DISCARD/
 libc.a(*)
 libm.a(*)
 libgcc.a(*)

.ARM.attributes
                0x00000000       0x29
 *(.ARM.attributes)
 .ARM.attributes
                0x00000000       0x1d d:/10 2021.10/bin/../lib/gcc/arm-none-eabi/10.3.1/thumb/v7-m/nofp/crti.o
 .ARM.attributes
                0x0000001d       0x2d d:/10 2021.10/bin/../lib/gcc/arm-none-eabi/10.3.1/thumb/v7-m/nofp/crtbegin.o
 .ARM.attributes
                0x0000004a       0x2d build/main.o
 .ARM.attributes
                0x00000077       0x2d build/freertos.o
 .ARM.attributes
                0x000000a4       0x2d build/st7735.o
 .ARM.attributes
                0x000000d1       0x2d build/fonts.o
 .ARM.attributes
                0x000000fe       0x2d build/stm32f1xx_it.o
 .ARM.attributes
                0x0000012b       0x2d build/stm32f1xx_hal_msp.o
 .ARM.attributes
                0x00000158       0x2d build/stm32f1xx_hal_timebase_tim.o
 .ARM.attributes
                0x00000185       0x2d build/stm32f1xx_hal.o
 .ARM.attributes
                0x000001b2       0x2d build/stm32f1xx_hal_rcc.o
 .ARM.attributes
                0x000001df       0x2d build/stm32f1xx_hal_gpio.o
 .ARM.attributes
                0x0000020c       0x2d build/stm32f1xx_hal_dma.o
 .ARM.attributes
                0x00000239       0x2d build/stm32f1xx_hal_cortex.o
 .ARM.attributes
                0x00000266       0x2d build/stm32f1xx_hal_tim.o
 .ARM.attributes
                0x00000293       0x2d build/stm32f1xx_hal_tim_ex.o
 .ARM.attributes
                0x000002c0       0x2d build/stm32f1xx_hal_uart.o
 .ARM.attributes
                0x000002ed       0x2d build/system_stm32f1xx.o
 .ARM.attributes
                0x0000031a       0x2d build/list.o
 .ARM.attributes
                0x00000347       0x2d build/queue.o
 .ARM.attributes
                0x00000374       0x2d build/tasks.o
 .ARM.attributes
                0x000003a1       0x2d build/cmsis_os.o
 .ARM.attributes
                0x000003ce       0x2d build/heap_4.o
 .ARM.attributes
                0x000003fb       0x2d build/port.o
 .ARM.attributes
                0x00000428       0x21 build/startup_stm32f103xb.o
 .ARM.attributes
                0x00000449       0x2d d:/10 2021.10/bin/../lib/gcc/arm-none-eabi/10.3.1/../../../../arm-none-eabi/lib/thumb/v7-m/nofp\libc_nano.a(lib_a-atof.o)
 .ARM.attributes
                0x00000476       0x2d d:/10 2021.10/bin/../lib/gcc/arm-none-eabi/10.3.1/../../../../arm-none-eabi/lib/thumb/v7-m/nofp\libc_nano.a(lib_a-impure.o)
 .ARM.attributes
                0x000004a3       0x2d d:/10 2021.10/bin/../lib/gcc/arm-none-eabi/10.3.1/../../../../arm-none-eabi/lib/thumb/v7-m/nofp\libc_nano.a(lib_a-init.o)
 .ARM.attributes
                0x000004d0       0x2d d:/10 2021.10/bin/../lib/gcc/arm-none-eabi/10.3.1/../../../../arm-none-eabi/lib/thumb/v7-m/nofp\libc_nano.a(lib_a-memcpy-stub.o)
 .ARM.attributes
                0x000004fd       0x2d d:/10 2021.10/bin/../lib/gcc/arm-none-eabi/10.3.1/../../../../arm-none-eabi/lib/thumb/v7-m/nofp\libc_nano.a(lib_a-memset.o)
 .ARM.attributes
                0x0000052a       0x2d d:/10 2021.10/bin/../lib/gcc/arm-none-eabi/10.3.1/../../../../arm-none-eabi/lib/thumb/v7-m/nofp\libc_nano.a(lib_a-sprintf.o)
 .ARM.attributes
                0x00000557       0x2d d:/10 2021.10/bin/../lib/gcc/arm-none-eabi/10.3.1/../../../../arm-none-eabi/lib/thumb/v7-m/nofp\libc_nano.a(lib_a-sscanf.o)
 .ARM.attributes
                0x00000584       0x2d d:/10 2021.10/bin/../lib/gcc/arm-none-eabi/10.3.1/../../../../arm-none-eabi/lib/thumb/v7-m/nofp\libc_nano.a(lib_a-stdio.o)
 .ARM.attributes
                0x000005b1       0x2d d:/10 2021.10/bin/../lib/gcc/arm-none-eabi/10.3.1/../../../../arm-none-eabi/lib/thumb/v7-m/nofp\libc_nano.a(lib_a-strcat.o)
 .ARM.attributes
                0x000005de       0x1b d:/10 2021.10/bin/../lib/gcc/arm-none-eabi/10.3.1/../../../../arm-none-eabi/lib/thumb/v7-m/nofp\libc_nano.a(lib_a-strcmp.o)
 .ARM.attributes
                0x000005f9       0x17 d:/10 2021.10/bin/../lib/gcc/arm-none-eabi/10.3.1/../../../../arm-none-eabi/lib/thumb/v7-m/nofp\libc_nano.a(lib_a-strlen.o)
 .ARM.attributes
                0x00000610       0x2d d:/10 2021.10/bin/../lib/gcc/arm-none-eabi/10.3.1/../../../../arm-none-eabi/lib/thumb/v7-m/nofp\libc_nano.a(lib_a-strncmp.o)
 .ARM.attributes
                0x0000063d       0x2d d:/10 2021.10/bin/../lib/gcc/arm-none-eabi/10.3.1/../../../../arm-none-eabi/lib/thumb/v7-m/nofp\libc_nano.a(lib_a-strtod.o)
 .ARM.attributes
                0x0000066a       0x2d d:/10 2021.10/bin/../lib/gcc/arm-none-eabi/10.3.1/../../../../arm-none-eabi/lib/thumb/v7-m/nofp\libc_nano.a(lib_a-writer.o)
 .ARM.attributes
                0x00000697       0x2d d:/10 2021.10/bin/../lib/gcc/arm-none-eabi/10.3.1/../../../../arm-none-eabi/lib/thumb/v7-m/nofp\libc_nano.a(lib_a-closer.o)
 .ARM.attributes
                0x000006c4       0x2d d:/10 2021.10/bin/../lib/gcc/arm-none-eabi/10.3.1/../../../../arm-none-eabi/lib/thumb/v7-m/nofp\libc_nano.a(lib_a-gdtoa-gethex.o)
 .ARM.attributes
                0x000006f1       0x2d d:/10 2021.10/bin/../lib/gcc/arm-none-eabi/10.3.1/../../../../arm-none-eabi/lib/thumb/v7-m/nofp\libc_nano.a(lib_a-gdtoa-hexnan.o)
 .ARM.attributes
                0x0000071e       0x2d d:/10 2021.10/bin/../lib/gcc/arm-none-eabi/10.3.1/../../../../arm-none-eabi/lib/thumb/v7-m/nofp\libc_nano.a(lib_a-lnumeric.o)
 .ARM.attributes
                0x0000074b       0x2d d:/10 2021.10/bin/../lib/gcc/arm-none-eabi/10.3.1/../../../../arm-none-eabi/lib/thumb/v7-m/nofp\libc_nano.a(lib_a-locale.o)
 .ARM.attributes
                0x00000778       0x2d d:/10 2021.10/bin/../lib/gcc/arm-none-eabi/10.3.1/../../../../arm-none-eabi/lib/thumb/v7-m/nofp\libc_nano.a(lib_a-lseekr.o)
 .ARM.attributes
                0x000007a5       0x2d d:/10 2021.10/bin/../lib/gcc/arm-none-eabi/10.3.1/../../../../arm-none-eabi/lib/thumb/v7-m/nofp\libc_nano.a(lib_a-mbtowc_r.o)
 .ARM.attributes
                0x000007d2       0x2d d:/10 2021.10/bin/../lib/gcc/arm-none-eabi/10.3.1/../../../../arm-none-eabi/lib/thumb/v7-m/nofp\libc_nano.a(lib_a-mprec.o)
 .ARM.attributes
                0x000007ff       0x2d d:/10 2021.10/bin/../lib/gcc/arm-none-eabi/10.3.1/../../../../arm-none-eabi/lib/thumb/v7-m/nofp\libc_nano.a(lib_a-nano-callocr.o)
 .ARM.attributes
                0x0000082c       0x2d d:/10 2021.10/bin/../lib/gcc/arm-none-eabi/10.3.1/../../../../arm-none-eabi/lib/thumb/v7-m/nofp\libc_nano.a(lib_a-nano-mallocr.o)
 .ARM.attributes
                0x00000859       0x2d d:/10 2021.10/bin/../lib/gcc/arm-none-eabi/10.3.1/../../../../arm-none-eabi/lib/thumb/v7-m/nofp\libc_nano.a(lib_a-nano-svfprintf.o)
 .ARM.attributes
                0x00000886       0x2d d:/10 2021.10/bin/../lib/gcc/arm-none-eabi/10.3.1/../../../../arm-none-eabi/lib/thumb/v7-m/nofp\libc_nano.a(lib_a-nano-svfscanf.o)
 .ARM.attributes
                0x000008b3       0x2d d:/10 2021.10/bin/../lib/gcc/arm-none-eabi/10.3.1/../../../../arm-none-eabi/lib/thumb/v7-m/nofp\libc_nano.a(lib_a-nano-vfprintf_i.o)
 .ARM.attributes
                0x000008e0       0x2d d:/10 2021.10/bin/../lib/gcc/arm-none-eabi/10.3.1/../../../../arm-none-eabi/lib/thumb/v7-m/nofp\libc_nano.a(lib_a-nano-vfscanf_i.o)
 .ARM.attributes
                0x0000090d       0x2d d:/10 2021.10/bin/../lib/gcc/arm-none-eabi/10.3.1/../../../../arm-none-eabi/lib/thumb/v7-m/nofp\libc_nano.a(lib_a-readr.o)
 .ARM.attributes
                0x0000093a       0x2d d:/10 2021.10/bin/../lib/gcc/arm-none-eabi/10.3.1/../../../../arm-none-eabi/lib/thumb/v7-m/nofp\libc_nano.a(lib_a-reent.o)
 .ARM.attributes
                0x00000967       0x2d d:/10 2021.10/bin/../lib/gcc/arm-none-eabi/10.3.1/../../../../arm-none-eabi/lib/thumb/v7-m/nofp\libc_nano.a(lib_a-s_nan.o)
 .ARM.attributes
                0x00000994       0x2d d:/10 2021.10/bin/../lib/gcc/arm-none-eabi/10.3.1/../../../../arm-none-eabi/lib/thumb/v7-m/nofp\libc_nano.a(lib_a-sbrkr.o)
 .ARM.attributes
                0x000009c1       0x2d d:/10 2021.10/bin/../lib/gcc/arm-none-eabi/10.3.1/../../../../arm-none-eabi/lib/thumb/v7-m/nofp\libc_nano.a(lib_a-sccl.o)
 .ARM.attributes
                0x000009ee       0x2d d:/10 2021.10/bin/../lib/gcc/arm-none-eabi/10.3.1/../../../../arm-none-eabi/lib/thumb/v7-m/nofp\libc_nano.a(lib_a-strtol.o)
 .ARM.attributes
                0x00000a1b       0x2d d:/10 2021.10/bin/../lib/gcc/arm-none-eabi/10.3.1/../../../../arm-none-eabi/lib/thumb/v7-m/nofp\libc_nano.a(lib_a-strtoul.o)
 .ARM.attributes
                0x00000a48       0x2d d:/10 2021.10/bin/../lib/gcc/arm-none-eabi/10.3.1/../../../../arm-none-eabi/lib/thumb/v7-m/nofp\libc_nano.a(lib_a-ungetc.o)
 .ARM.attributes
                0x00000a75       0x2d d:/10 2021.10/bin/../lib/gcc/arm-none-eabi/10.3.1/../../../../arm-none-eabi/lib/thumb/v7-m/nofp\libc_nano.a(lib_a-wctomb_r.o)
 .ARM.attributes
                0x00000aa2       0x2d d:/10 2021.10/bin/../lib/gcc/arm-none-eabi/10.3.1/../../../../arm-none-eabi/lib/thumb/v7-m/nofp\libc_nano.a(lib_a-assert.o)
 .ARM.attributes
                0x00000acf       0x2d d:/10 2021.10/bin/../lib/gcc/arm-none-eabi/10.3.1/../../../../arm-none-eabi/lib/thumb/v7-m/nofp\libc_nano.a(lib_a-ctype_.o)
 .ARM.attributes
                0x00000afc       0x2d d:/10 2021.10/bin/../lib/gcc/arm-none-eabi/10.3.1/../../../../arm-none-eabi/lib/thumb/v7-m/nofp\libc_nano.a(lib_a-errno.o)
 .ARM.attributes
                0x00000b29       0x2d d:/10 2021.10/bin/../lib/gcc/arm-none-eabi/10.3.1/../../../../arm-none-eabi/lib/thumb/v7-m/nofp\libc_nano.a(lib_a-fflush.o)
 .ARM.attributes
                0x00000b56       0x2d d:/10 2021.10/bin/../lib/gcc/arm-none-eabi/10.3.1/../../../../arm-none-eabi/lib/thumb/v7-m/nofp\libc_nano.a(lib_a-findfp.o)
 .ARM.attributes
                0x00000b83       0x2d d:/10 2021.10/bin/../lib/gcc/arm-none-eabi/10.3.1/../../../../arm-none-eabi/lib/thumb/v7-m/nofp\libc_nano.a(lib_a-fprintf.o)
 .ARM.attributes
                0x00000bb0       0x2d d:/10 2021.10/bin/../lib/gcc/arm-none-eabi/10.3.1/../../../../arm-none-eabi/lib/thumb/v7-m/nofp\libc_nano.a(lib_a-fwalk.o)
 .ARM.attributes
                0x00000bdd       0x2d d:/10 2021.10/bin/../lib/gcc/arm-none-eabi/10.3.1/../../../../arm-none-eabi/lib/thumb/v7-m/nofp\libc_nano.a(lib_a-lock.o)
 .ARM.attributes
                0x00000c0a       0x2d d:/10 2021.10/bin/../lib/gcc/arm-none-eabi/10.3.1/../../../../arm-none-eabi/lib/thumb/v7-m/nofp\libc_nano.a(lib_a-malloc.o)
 .ARM.attributes
                0x00000c37       0x2d d:/10 2021.10/bin/../lib/gcc/arm-none-eabi/10.3.1/../../../../arm-none-eabi/lib/thumb/v7-m/nofp\libc_nano.a(lib_a-memchr-stub.o)
 .ARM.attributes
                0x00000c64       0x2d d:/10 2021.10/bin/../lib/gcc/arm-none-eabi/10.3.1/../../../../arm-none-eabi/lib/thumb/v7-m/nofp\libc_nano.a(lib_a-memmove.o)
 .ARM.attributes
                0x00000c91       0x2d d:/10 2021.10/bin/../lib/gcc/arm-none-eabi/10.3.1/../../../../arm-none-eabi/lib/thumb/v7-m/nofp\libc_nano.a(lib_a-mlock.o)
 .ARM.attributes
                0x00000cbe       0x2d d:/10 2021.10/bin/../lib/gcc/arm-none-eabi/10.3.1/../../../../arm-none-eabi/lib/thumb/v7-m/nofp\libc_nano.a(lib_a-nano-freer.o)
 .ARM.attributes
                0x00000ceb       0x2d d:/10 2021.10/bin/../lib/gcc/arm-none-eabi/10.3.1/../../../../arm-none-eabi/lib/thumb/v7-m/nofp\libc_nano.a(lib_a-nano-reallocr.o)
 .ARM.attributes
                0x00000d18       0x2d d:/10 2021.10/bin/../lib/gcc/arm-none-eabi/10.3.1/../../../../arm-none-eabi/lib/thumb/v7-m/nofp\libc_nano.a(lib_a-nano-vfprintf.o)
 .ARM.attributes
                0x00000d45       0x2d d:/10 2021.10/bin/../lib/gcc/arm-none-eabi/10.3.1/../../../../arm-none-eabi/lib/thumb/v7-m/nofp\libc_nano.a(lib_a-wbuf.o)
 .ARM.attributes
                0x00000d72       0x2d d:/10 2021.10/bin/../lib/gcc/arm-none-eabi/10.3.1/../../../../arm-none-eabi/lib/thumb/v7-m/nofp\libc_nano.a(lib_a-wsetup.o)
 .ARM.attributes
                0x00000d9f       0x2d d:/10 2021.10/bin/../lib/gcc/arm-none-eabi/10.3.1/../../../../arm-none-eabi/lib/thumb/v7-m/nofp\libc_nano.a(lib_a-abort.o)
 .ARM.attributes
                0x00000dcc       0x2d d:/10 2021.10/bin/../lib/gcc/arm-none-eabi/10.3.1/../../../../arm-none-eabi/lib/thumb/v7-m/nofp\libc_nano.a(lib_a-makebuf.o)
 .ARM.attributes
                0x00000df9       0x2d d:/10 2021.10/bin/../lib/gcc/arm-none-eabi/10.3.1/../../../../arm-none-eabi/lib/thumb/v7-m/nofp\libc_nano.a(lib_a-nano-msizer.o)
 .ARM.attributes
                0x00000e26       0x2d d:/10 2021.10/bin/../lib/gcc/arm-none-eabi/10.3.1/../../../../arm-none-eabi/lib/thumb/v7-m/nofp\libc_nano.a(lib_a-signal.o)
 .ARM.attributes
                0x00000e53       0x2d d:/10 2021.10/bin/../lib/gcc/arm-none-eabi/10.3.1/../../../../arm-none-eabi/lib/thumb/v7-m/nofp\libc_nano.a(lib_a-signalr.o)
 .ARM.attributes
                0x00000e80       0x2d d:/10 2021.10/bin/../lib/gcc/arm-none-eabi/10.3.1/../../../../arm-none-eabi/lib/thumb/v7-m/nofp\libc_nano.a(lib_a-fstatr.o)
 .ARM.attributes
                0x00000ead       0x2d d:/10 2021.10/bin/../lib/gcc/arm-none-eabi/10.3.1/../../../../arm-none-eabi/lib/thumb/v7-m/nofp\libc_nano.a(lib_a-isattyr.o)
 .ARM.attributes
                0x00000eda       0x2d d:/10 2021.10/bin/../lib/gcc/arm-none-eabi/10.3.1/../../../../arm-none-eabi/lib/thumb/v7-m/nofp\libnosys.a(close.o)
 .ARM.attributes
                0x00000f07       0x2d d:/10 2021.10/bin/../lib/gcc/arm-none-eabi/10.3.1/../../../../arm-none-eabi/lib/thumb/v7-m/nofp\libnosys.a(fstat.o)
 .ARM.attributes
                0x00000f34       0x2d d:/10 2021.10/bin/../lib/gcc/arm-none-eabi/10.3.1/../../../../arm-none-eabi/lib/thumb/v7-m/nofp\libnosys.a(getpid.o)
 .ARM.attributes
                0x00000f61       0x2d d:/10 2021.10/bin/../lib/gcc/arm-none-eabi/10.3.1/../../../../arm-none-eabi/lib/thumb/v7-m/nofp\libnosys.a(isatty.o)
 .ARM.attributes
                0x00000f8e       0x2d d:/10 2021.10/bin/../lib/gcc/arm-none-eabi/10.3.1/../../../../arm-none-eabi/lib/thumb/v7-m/nofp\libnosys.a(kill.o)
 .ARM.attributes
                0x00000fbb       0x2d d:/10 2021.10/bin/../lib/gcc/arm-none-eabi/10.3.1/../../../../arm-none-eabi/lib/thumb/v7-m/nofp\libnosys.a(lseek.o)
 .ARM.attributes
                0x00000fe8       0x2d d:/10 2021.10/bin/../lib/gcc/arm-none-eabi/10.3.1/../../../../arm-none-eabi/lib/thumb/v7-m/nofp\libnosys.a(read.o)
 .ARM.attributes
                0x00001015       0x2d d:/10 2021.10/bin/../lib/gcc/arm-none-eabi/10.3.1/../../../../arm-none-eabi/lib/thumb/v7-m/nofp\libnosys.a(sbrk.o)
 .ARM.attributes
                0x00001042       0x2d d:/10 2021.10/bin/../lib/gcc/arm-none-eabi/10.3.1/../../../../arm-none-eabi/lib/thumb/v7-m/nofp\libnosys.a(write.o)
 .ARM.attributes
                0x0000106f       0x2d d:/10 2021.10/bin/../lib/gcc/arm-none-eabi/10.3.1/../../../../arm-none-eabi/lib/thumb/v7-m/nofp\libnosys.a(_exit.o)
 .ARM.attributes
                0x0000109c       0x1d d:/10 2021.10/bin/../lib/gcc/arm-none-eabi/10.3.1/thumb/v7-m/nofp\libgcc.a(_arm_addsubdf3.o)
 .ARM.attributes
                0x000010b9       0x1d d:/10 2021.10/bin/../lib/gcc/arm-none-eabi/10.3.1/thumb/v7-m/nofp\libgcc.a(_arm_muldivdf3.o)
 .ARM.attributes
                0x000010d6       0x1d d:/10 2021.10/bin/../lib/gcc/arm-none-eabi/10.3.1/thumb/v7-m/nofp\libgcc.a(_arm_cmpdf2.o)
 .ARM.attributes
                0x000010f3       0x1d d:/10 2021.10/bin/../lib/gcc/arm-none-eabi/10.3.1/thumb/v7-m/nofp\libgcc.a(_arm_fixdfsi.o)
 .ARM.attributes
                0x00001110       0x1d d:/10 2021.10/bin/../lib/gcc/arm-none-eabi/10.3.1/thumb/v7-m/nofp\libgcc.a(_arm_fixunsdfsi.o)
 .ARM.attributes
                0x0000112d       0x1d d:/10 2021.10/bin/../lib/gcc/arm-none-eabi/10.3.1/thumb/v7-m/nofp\libgcc.a(_arm_truncdfsf2.o)
 .ARM.attributes
                0x0000114a       0x2d d:/10 2021.10/bin/../lib/gcc/arm-none-eabi/10.3.1/thumb/v7-m/nofp\libgcc.a(_fixdfdi.o)
 .ARM.attributes
                0x00001177       0x2d d:/10 2021.10/bin/../lib/gcc/arm-none-eabi/10.3.1/thumb/v7-m/nofp\libgcc.a(_fixunsdfdi.o)
 .ARM.attributes
                0x000011a4       0x1d d:/10 2021.10/bin/../lib/gcc/arm-none-eabi/10.3.1/thumb/v7-m/nofp/crtn.o
OUTPUT(build/RTOS.elf elf32-littlearm)
LOAD linker stubs
LOAD d:/10 2021.10/bin/../lib/gcc/arm-none-eabi/10.3.1/../../../../arm-none-eabi/lib/thumb/v7-m/nofp\libc.a
LOAD d:/10 2021.10/bin/../lib/gcc/arm-none-eabi/10.3.1/../../../../arm-none-eabi/lib/thumb/v7-m/nofp\libm.a
LOAD d:/10 2021.10/bin/../lib/gcc/arm-none-eabi/10.3.1/thumb/v7-m/nofp\libgcc.a

.debug_info     0x00000000    0x19412
 .debug_info    0x00000000     0x2791 build/main.o
 .debug_info    0x00002791      0x2ab build/freertos.o
 .debug_info    0x00002a3c     0x174b build/st7735.o
 .debug_info    0x00004187      0x1b6 build/fonts.o
 .debug_info    0x0000433d      0xa2d build/stm32f1xx_it.o
 .debug_info    0x00004d6a     0x135b build/stm32f1xx_hal_msp.o
 .debug_info    0x000060c5      0xac4 build/stm32f1xx_hal_timebase_tim.o
 .debug_info    0x00006b89      0x855 build/stm32f1xx_hal.o
 .debug_info    0x000073de      0xaec build/stm32f1xx_hal_rcc.o
 .debug_info    0x00007eca      0x6d7 build/stm32f1xx_hal_gpio.o
 .debug_info    0x000085a1      0x8bb build/stm32f1xx_hal_dma.o
 .debug_info    0x00008e5c      0xe2d build/stm32f1xx_hal_cortex.o
 .debug_info    0x00009c89     0x3df8 build/stm32f1xx_hal_tim.o